app/api/catalog/backup/route.ts(19,11): error TS2561: Object literal may only specify known properties, but 'sortOrder' does not exist in type 'CatalogCategoryOrderByWithRelationInput'. Did you mean to write 'sort_order'?
app/api/catalog/backup/route.ts(135,46): error TS18046: 'row' is of type 'unknown'.
app/api/catalog/backup/route.ts(180,17): error TS2561: Object literal may only specify known properties, but 'parentId' does not exist in type '(Without<CatalogCategoryCreateInput, CatalogCategoryUncheckedCreateInput> & CatalogCategoryUncheckedCreateInput) | (Without<...> & CatalogCategoryCreateInput)'. Did you mean to write 'parent_id'?
app/api/catalog/properties/route.ts(83,138): error TS18004: No value exists in scope for the shorthand property 'categoryId'. Either declare one or provide an initializer.
app/api/catalog/properties/route.ts(83,177): error TS18004: No value exists in scope for the shorthand property 'categoryId'. Either declare one or provide an initializer.
app/api/categories/[id]/photos/route.ts(33,138): error TS18004: No value exists in scope for the shorthand property 'categoryId'. Either declare one or provide an initializer.
app/api/categories/[id]/photos/route.ts(33,177): error TS18004: No value exists in scope for the shorthand property 'categoryId'. Either declare one or provide an initializer.
app/api/categories/photos/[id]/route.ts(43,137): error TS18004: No value exists in scope for the shorthand property 'photoId'. Either declare one or provide an initializer.
app/api/categories/photos/[id]/route.ts(43,173): error TS18004: No value exists in scope for the shorthand property 'photoId'. Either declare one or provide an initializer.
app/api/categories/photos/upload/route.ts(75,141): error TS18004: No value exists in scope for the shorthand property 'categoryId'. Either declare one or provide an initializer.
app/api/categories/photos/upload/route.ts(75,180): error TS18004: No value exists in scope for the shorthand property 'categoryId'. Either declare one or provide an initializer.
app/api/clients/[id]/documents/route.ts(27,16): error TS2353: Object literal may only specify known properties, and 'created_at' does not exist in type 'DocumentOrderByWithRelationInput | DocumentOrderByWithRelationInput[]'.
app/api/clients/[id]/route.ts(142,7): error TS2345: Argument of type '(userRole: UserRole) => boolean' is not assignable to parameter of type '(req: NextRequest, user: AuthenticatedUser) => Promise<NextResponse<unknown>>'.
  Types of parameters 'userRole' and 'req' are incompatible.
    Type 'NextRequest' is not assignable to type 'UserRole'.
app/api/clients/[id]/route.ts(191,7): error TS2345: Argument of type '(userRole: UserRole) => boolean' is not assignable to parameter of type '(req: NextRequest, user: AuthenticatedUser) => Promise<NextResponse<unknown>>'.
  Types of parameters 'userRole' and 'req' are incompatible.
    Type 'NextRequest' is not assignable to type 'UserRole'.
app/api/clients/route.ts(17,9): error TS2304: Cannot find name 'AuthenticatedUser'.
app/api/clients/route.ts(220,9): error TS2304: Cannot find name 'AuthenticatedUser'.
app/api/complectator/stats/route.ts(11,9): error TS2304: Cannot find name 'AuthenticatedUser'.
app/api/complectator/stats/route.ts(31,14): error TS2353: Object literal may only specify known properties, and 'isActive' does not exist in type 'InvoiceWhereInput'.
app/api/configurator/category-links/[id]/hierarchies/[hierarchyId]/route.ts(26,34): error TS2339: Property 'additionalCategoryHierarchy' does not exist on type 'PrismaClient<PrismaClientOptions, never, DefaultArgs>'.
app/api/configurator/category-links/[id]/hierarchies/[hierarchyId]/route.ts(79,16): error TS2339: Property 'additionalCategoryHierarchy' does not exist on type 'PrismaClient<PrismaClientOptions, never, DefaultArgs>'.
app/api/configurator/category-links/[id]/hierarchies/route.ts(23,36): error TS2339: Property 'additionalCategoryHierarchy' does not exist on type 'PrismaClient<PrismaClientOptions, never, DefaultArgs>'.
app/api/configurator/category-links/[id]/hierarchies/route.ts(86,42): error TS2339: Property 'additionalCategoryHierarchy' does not exist on type 'PrismaClient<PrismaClientOptions, never, DefaultArgs>'.
app/api/configurator/category-links/[id]/hierarchies/route.ts(100,34): error TS2339: Property 'additionalCategoryHierarchy' does not exist on type 'PrismaClient<PrismaClientOptions, never, DefaultArgs>'.
app/api/configurator/category-links/[id]/route.ts(10,31): error TS2339: Property 'categoryLink' does not exist on type 'PrismaClient<PrismaClientOptions, never, DefaultArgs>'.
app/api/configurator/category-links/[id]/route.ts(68,31): error TS2339: Property 'categoryLink' does not exist on type 'PrismaClient<PrismaClientOptions, never, DefaultArgs>'.
app/api/configurator/category-links/[id]/route.ts(109,18): error TS2339: Property 'categoryLink' does not exist on type 'PrismaClient<PrismaClientOptions, never, DefaultArgs>'.
app/api/configurator/category-links/route.ts(17,32): error TS2339: Property 'categoryLink' does not exist on type 'PrismaClient<PrismaClientOptions, never, DefaultArgs>'.
app/api/configurator/category-links/route.ts(38,151): error TS18004: No value exists in scope for the shorthand property 'configuratorCategoryId'. Either declare one or provide an initializer.
app/api/configurator/category-links/route.ts(38,202): error TS18004: No value exists in scope for the shorthand property 'configuratorCategoryId'. Either declare one or provide an initializer.
app/api/configurator/category-links/route.ts(69,39): error TS2339: Property 'categoryLink' does not exist on type 'PrismaClient<PrismaClientOptions, never, DefaultArgs>'.
app/api/configurator/category-links/route.ts(86,45): error TS2339: Property 'categoryLink' does not exist on type 'PrismaClient<PrismaClientOptions, never, DefaultArgs>'.
app/api/configurator/category-links/route.ts(101,31): error TS2339: Property 'categoryLink' does not exist on type 'PrismaClient<PrismaClientOptions, never, DefaultArgs>'.
app/api/configurator/category-links/route.ts(130,150): error TS18004: No value exists in scope for the shorthand property 'configurator_category_id'. Either declare one or provide an initializer.
app/api/configurator/category-links/route.ts(130,176): error TS18004: No value exists in scope for the shorthand property 'catalog_category_id'. Either declare one or provide an initializer.
app/api/configurator/category-links/route.ts(130,224): error TS18004: No value exists in scope for the shorthand property 'configurator_category_id'. Either declare one or provide an initializer.
app/api/configurator/category-links/route.ts(130,250): error TS18004: No value exists in scope for the shorthand property 'catalog_category_id'. Either declare one or provide an initializer.
app/api/configurator/export-settings/[id]/route.ts(25,45): error TS2339: Property 'template_config' does not exist on type '{ id: string; created_at: Date; updated_at: Date; catalog_category_id: string; display_config: string; export_type: string; fields_config: string; }'.
app/api/configurator/export-settings/[id]/route.ts(60,45): error TS2339: Property 'template_config' does not exist on type '{ id: string; created_at: Date; updated_at: Date; catalog_category_id: string; display_config: string; export_type: string; fields_config: string; }'.
app/api/configurator/export-settings/route.ts(18,16): error TS2353: Object literal may only specify known properties, and 'configurator_category_id' does not exist in type 'ExportSettingWhereInput'.
app/api/configurator/export-settings/route.ts(28,153): error TS18004: No value exists in scope for the shorthand property 'configuratorCategoryId'. Either declare one or provide an initializer.
app/api/configurator/export-settings/route.ts(28,204): error TS18004: No value exists in scope for the shorthand property 'configuratorCategoryId'. Either declare one or provide an initializer.
app/api/configurator/export-settings/route.ts(56,9): error TS2353: Object literal may only specify known properties, and 'configurator_category_id' does not exist in type '(Without<ExportSettingCreateInput, ExportSettingUncheckedCreateInput> & ExportSettingUncheckedCreateInput) | (Without<...> & ExportSettingCreateInput)'.
app/api/configurator/export-settings/route.ts(69,152): error TS18004: No value exists in scope for the shorthand property 'configurator_category_id'. Either declare one or provide an initializer.
app/api/configurator/export-settings/route.ts(69,205): error TS18004: No value exists in scope for the shorthand property 'configurator_category_id'. Either declare one or provide an initializer.
app/api/configurator/export/route.ts(64,9): error TS2304: Cannot find name 'AuthenticatedUser'.
app/api/configurator/export/route.ts(68,72): error TS2339: Property 'export_setting_id' does not exist on type 'ExportData'.
app/api/configurator/export/route.ts(90,45): error TS2339: Property 'display_options' does not exist on type '{ id: string; created_at: Date; updated_at: Date; catalog_category_id: string; export_type: string; fields_config: string; display_config: string; }'.
app/api/configurator/export/route.ts(91,43): error TS2339: Property 'header_config' does not exist on type '{ id: string; created_at: Date; updated_at: Date; catalog_category_id: string; export_type: string; fields_config: string; display_config: string; }'.
app/api/configurator/export/route.ts(92,43): error TS2339: Property 'footer_config' does not exist on type '{ id: string; created_at: Date; updated_at: Date; catalog_category_id: string; export_type: string; fields_config: string; display_config: string; }'.
app/api/constructor/categories/route.ts(48,11): error TS2322: Type 'boolean | undefined' is not assignable to type 'boolean'.
  Type 'undefined' is not assignable to type 'boolean'.
app/api/documents/[id]/cart-data/route.ts(99,143): error TS18004: No value exists in scope for the shorthand property 'id'. Either declare one or provide an initializer.
app/api/documents/[id]/cart-data/route.ts(99,174): error TS18004: No value exists in scope for the shorthand property 'id'. Either declare one or provide an initializer.
app/api/documents/[id]/cart-data/route.ts(166,141): error TS18004: No value exists in scope for the shorthand property 'id'. Either declare one or provide an initializer.
app/api/documents/[id]/cart-data/route.ts(166,145): error TS18004: No value exists in scope for the shorthand property 'documentType'. Either declare one or provide an initializer.
app/api/documents/[id]/cart-data/route.ts(166,186): error TS18004: No value exists in scope for the shorthand property 'id'. Either declare one or provide an initializer.
app/api/documents/[id]/cart-data/route.ts(166,190): error TS18004: No value exists in scope for the shorthand property 'documentType'. Either declare one or provide an initializer.
app/api/documents/[id]/chain/route.ts(30,38): error TS2345: Argument of type '({ documentType: string; client: { firstName: string; lastName: string; }; number: string; id: string; created_at: Date; updated_at: Date; client_id: string; status: string; currency: string; ... 9 more ...; terms: string | null; } | { ...; } | { ...; } | { ...; })[]' is not assignable to parameter of type 'Document[]'.
  Type '{ documentType: string; client: { firstName: string; lastName: string; }; number: string; id: string; created_at: Date; updated_at: Date; client_id: string; status: string; currency: string; ... 9 more ...; terms: string | null; } | { ...; } | { ...; } | { ...; }' is not assignable to type 'Document'.
    Type '{ documentType: string; client: { firstName: string; lastName: string; }; number: string; id: string; created_at: Date; updated_at: Date; client_id: string; status: string; currency: string; ... 9 more ...; terms: string | null; }' is not assignable to type 'Document'.
      Types of property 'documentType' are incompatible.
        Type 'string' is not assignable to type '"quote" | "invoice" | "order" | "supplier_order"'.
app/api/documents/[id]/chain/route.ts(41,151): error TS18004: No value exists in scope for the shorthand property 'id'. Either declare one or provide an initializer.
app/api/documents/[id]/chain/route.ts(41,182): error TS18004: No value exists in scope for the shorthand property 'id'. Either declare one or provide an initializer.
app/api/documents/[id]/chain/route.ts(121,16): error TS2353: Object literal may only specify known properties, and 'order' does not exist in type 'SupplierOrderWhereInput'.
app/api/documents/[id]/children/route.ts(59,154): error TS18004: No value exists in scope for the shorthand property 'id'. Either declare one or provide an initializer.
app/api/documents/[id]/children/route.ts(59,185): error TS18004: No value exists in scope for the shorthand property 'id'. Either declare one or provide an initializer.
app/api/documents/[id]/comments/[commentId]/route.ts(56,152): error TS18004: No value exists in scope for the shorthand property 'id'. Either declare one or provide an initializer.
app/api/documents/[id]/comments/[commentId]/route.ts(56,156): error TS18004: No value exists in scope for the shorthand property 'commentId'. Either declare one or provide an initializer.
app/api/documents/[id]/comments/[commentId]/route.ts(56,194): error TS18004: No value exists in scope for the shorthand property 'id'. Either declare one or provide an initializer.
app/api/documents/[id]/comments/[commentId]/route.ts(56,198): error TS18004: No value exists in scope for the shorthand property 'commentId'. Either declare one or provide an initializer.
app/api/documents/[id]/comments/[commentId]/route.ts(92,152): error TS18004: No value exists in scope for the shorthand property 'id'. Either declare one or provide an initializer.
app/api/documents/[id]/comments/[commentId]/route.ts(92,156): error TS18004: No value exists in scope for the shorthand property 'commentId'. Either declare one or provide an initializer.
app/api/documents/[id]/comments/[commentId]/route.ts(92,194): error TS18004: No value exists in scope for the shorthand property 'id'. Either declare one or provide an initializer.
app/api/documents/[id]/comments/[commentId]/route.ts(92,198): error TS18004: No value exists in scope for the shorthand property 'commentId'. Either declare one or provide an initializer.
app/api/documents/[id]/comments/count/route.ts(17,153): error TS18004: No value exists in scope for the shorthand property 'id'. Either declare one or provide an initializer.
app/api/documents/[id]/comments/count/route.ts(17,184): error TS18004: No value exists in scope for the shorthand property 'id'. Either declare one or provide an initializer.
app/api/documents/[id]/comments/route.ts(31,141): error TS18004: No value exists in scope for the shorthand property 'id'. Either declare one or provide an initializer.
app/api/documents/[id]/comments/route.ts(31,172): error TS18004: No value exists in scope for the shorthand property 'id'. Either declare one or provide an initializer.
app/api/documents/[id]/comments/route.ts(114,140): error TS18004: No value exists in scope for the shorthand property 'id'. Either declare one or provide an initializer.
app/api/documents/[id]/comments/route.ts(114,171): error TS18004: No value exists in scope for the shorthand property 'id'. Either declare one or provide an initializer.
app/api/documents/[id]/history/route.ts(31,139): error TS18004: No value exists in scope for the shorthand property 'id'. Either declare one or provide an initializer.
app/api/documents/[id]/history/route.ts(31,170): error TS18004: No value exists in scope for the shorthand property 'id'. Either declare one or provide an initializer.
app/api/documents/[id]/history/route.ts(110,145): error TS18004: No value exists in scope for the shorthand property 'id'. Either declare one or provide an initializer.
app/api/documents/[id]/history/route.ts(110,176): error TS18004: No value exists in scope for the shorthand property 'id'. Either declare one or provide an initializer.
app/api/documents/[id]/related/route.ts(171,154): error TS18004: No value exists in scope for the shorthand property 'id'. Either declare one or provide an initializer.
app/api/documents/[id]/related/route.ts(171,185): error TS18004: No value exists in scope for the shorthand property 'id'. Either declare one or provide an initializer.
app/api/documents/[id]/route.ts(95,13): error TS2322: Type '{ supplier_order_items: true; }' is not assignable to type 'never'.
app/api/documents/[id]/route.ts(154,29): error TS2345: Argument of type 'string' is not assignable to parameter of type 'UserRole'.
app/api/documents/[id]/route.ts(165,25): error TS2339: Property 'content' does not exist on type '({ client: { id: string; firstName: string; lastName: string; middleName: string | null; phone: string; address: string; }; quote_items: { id: string; notes: string | null; quote_id: string; product_id: string; quantity: number; unit_price: number; total_price: number; }[]; } & { ...; }) | ({ ...; } & { ...; }) | ({...'.
  Property 'content' does not exist on type '{ client: { id: string; firstName: string; lastName: string; middleName: string | null; phone: string; address: string; }; quote_items: { id: string; notes: string | null; quote_id: string; product_id: string; quantity: number; unit_price: number; total_price: number; }[]; } & { ...; }'.
app/api/documents/[id]/route.ts(167,38): error TS2339: Property 'content' does not exist on type '({ client: { id: string; firstName: string; lastName: string; middleName: string | null; phone: string; address: string; }; quote_items: { id: string; notes: string | null; quote_id: string; product_id: string; quantity: number; unit_price: number; total_price: number; }[]; } & { ...; }) | ({ ...; } & { ...; }) | ({...'.
  Property 'content' does not exist on type '{ client: { id: string; firstName: string; lastName: string; middleName: string | null; phone: string; address: string; }; quote_items: { id: string; notes: string | null; quote_id: string; product_id: string; quantity: number; unit_price: number; total_price: number; }[]; } & { ...; }'.
app/api/documents/[id]/route.ts(170,27): error TS2339: Property 'content' does not exist on type '({ client: { id: string; firstName: string; lastName: string; middleName: string | null; phone: string; address: string; }; quote_items: { id: string; notes: string | null; quote_id: string; product_id: string; quantity: number; unit_price: number; total_price: number; }[]; } & { ...; }) | ({ ...; } & { ...; }) | ({...'.
  Property 'content' does not exist on type '{ client: { id: string; firstName: string; lastName: string; middleName: string | null; phone: string; address: string; }; quote_items: { id: string; notes: string | null; quote_id: string; product_id: string; quantity: number; unit_price: number; total_price: number; }[]; } & { ...; }'.
app/api/documents/[id]/route.ts(173,30): error TS2339: Property 'documentData' does not exist on type '({ client: { id: string; firstName: string; lastName: string; middleName: string | null; phone: string; address: string; }; quote_items: { id: string; notes: string | null; quote_id: string; product_id: string; quantity: number; unit_price: number; total_price: number; }[]; } & { ...; }) | ({ ...; } & { ...; }) | ({...'.
  Property 'documentData' does not exist on type '{ client: { id: string; firstName: string; lastName: string; middleName: string | null; phone: string; address: string; }; quote_items: { id: string; notes: string | null; quote_id: string; product_id: string; quantity: number; unit_price: number; total_price: number; }[]; } & { ...; }'.
app/api/documents/[id]/route.ts(175,38): error TS2339: Property 'documentData' does not exist on type '({ client: { id: string; firstName: string; lastName: string; middleName: string | null; phone: string; address: string; }; quote_items: { id: string; notes: string | null; quote_id: string; product_id: string; quantity: number; unit_price: number; total_price: number; }[]; } & { ...; }) | ({ ...; } & { ...; }) | ({...'.
  Property 'documentData' does not exist on type '{ client: { id: string; firstName: string; lastName: string; middleName: string | null; phone: string; address: string; }; quote_items: { id: string; notes: string | null; quote_id: string; product_id: string; quantity: number; unit_price: number; total_price: number; }[]; } & { ...; }'.
app/api/documents/[id]/route.ts(178,27): error TS2339: Property 'documentData' does not exist on type '({ client: { id: string; firstName: string; lastName: string; middleName: string | null; phone: string; address: string; }; quote_items: { id: string; notes: string | null; quote_id: string; product_id: string; quantity: number; unit_price: number; total_price: number; }[]; } & { ...; }) | ({ ...; } & { ...; }) | ({...'.
  Property 'documentData' does not exist on type '{ client: { id: string; firstName: string; lastName: string; middleName: string | null; phone: string; address: string; }; quote_items: { id: string; notes: string | null; quote_id: string; product_id: string; quantity: number; unit_price: number; total_price: number; }[]; } & { ...; }'.
app/api/documents/[id]/route.ts(263,29): error TS2345: Argument of type 'string' is not assignable to parameter of type 'UserRole'.
app/api/documents/[id]/send/route.ts(97,139): error TS18004: No value exists in scope for the shorthand property 'id'. Either declare one or provide an initializer.
app/api/documents/[id]/send/route.ts(97,170): error TS18004: No value exists in scope for the shorthand property 'id'. Either declare one or provide an initializer.
app/api/documents/[id]/siblings/route.ts(134,156): error TS18004: No value exists in scope for the shorthand property 'id'. Either declare one or provide an initializer.
app/api/documents/[id]/siblings/route.ts(134,187): error TS18004: No value exists in scope for the shorthand property 'id'. Either declare one or provide an initializer.
app/api/documents/create-batch/route.ts(14,9): error TS2304: Cannot find name 'AuthenticatedUser'.
app/api/documents/create/route.ts(13,48): error TS2304: Cannot find name 'AuthenticatedUser'.
app/api/documents/create/route.ts(39,9): error TS2322: Type '{ created_by: any; client_id: string; type: "quote" | "invoice" | "order" | "supplier_order"; total_amount: number; items: { type: string; model?: string | undefined; name?: string | undefined; ... 18 more ...; hardware?: string | undefined; }[]; ... 5 more ...; prevent_duplicates?: boolean | undefined; }' is not assignable to type 'CreateDocumentRequest'.
  Types of property 'items' are incompatible.
    Type '{ type: string; model?: string | undefined; name?: string | undefined; id?: string | undefined; productId?: string | undefined; product_id?: string | undefined; quantity?: number | undefined; ... 14 more ...; hardware?: string | undefined; }[]' is not assignable to type 'DocumentItem[]'.
      Type '{ type: string; model?: string | undefined; name?: string | undefined; id?: string | undefined; productId?: string | undefined; product_id?: string | undefined; quantity?: number | undefined; ... 14 more ...; hardware?: string | undefined; }' is not assignable to type 'DocumentItem'.
        Types of property 'sku_1c' are incompatible.
          Type 'string | null | undefined' is not assignable to type 'string | undefined'.
            Type 'null' is not assignable to type 'string | undefined'.
app/api/documents/create/route.ts(65,28): error TS2345: Argument of type '(userRole: UserRole, documentType: string) => boolean' is not assignable to parameter of type '(req: NextRequest, user: AuthenticatedUser) => Promise<NextResponse<unknown>>'.
  Types of parameters 'userRole' and 'req' are incompatible.
    Type 'NextRequest' is not assignable to type 'UserRole'.
app/api/documents/generate/route.ts(60,5): error TS2322: Type 'true | "new"' is not assignable to type 'boolean | "shell" | undefined'.
  Type '"new"' is not assignable to type 'boolean | "shell" | undefined'.
app/api/documents/generate/route.ts(160,35): error TS18048: 'item.total' is possibly 'undefined'.
app/api/documents/generate/route.ts(445,24): error TS2339: Property 'finish' does not exist on type '{ qty: number; unitPrice: number; model?: string | undefined; id?: string | undefined; type?: "door" | "handle" | "backplate" | "limiter" | undefined; style?: string | undefined; width?: number | undefined; ... 11 more ...; threshold?: boolean | undefined; }'.
app/api/documents/generate/route.ts(477,57): error TS2345: Argument of type '"quote" | "invoice" | "order"' is not assignable to parameter of type '"quote" | "invoice" | "supplier_order"'.
  Type '"order"' is not assignable to type '"quote" | "invoice" | "supplier_order"'.
app/api/documents/generate/route.ts(527,42): error TS2339: Property 'quantity' does not exist on type '{ qty: number; unitPrice: number; model?: string | undefined; id?: string | undefined; type?: "door" | "handle" | "backplate" | "limiter" | undefined; style?: string | undefined; width?: number | undefined; ... 11 more ...; threshold?: boolean | undefined; }'.
app/api/documents/generate/route.ts(529,46): error TS2339: Property 'quantity' does not exist on type '{ qty: number; unitPrice: number; model?: string | undefined; id?: string | undefined; type?: "door" | "handle" | "backplate" | "limiter" | undefined; style?: string | undefined; width?: number | undefined; ... 11 more ...; threshold?: boolean | undefined; }'.
app/api/documents/generate/route.ts(570,40): error TS2339: Property 'quantity' does not exist on type '{ qty: number; unitPrice: number; model?: string | undefined; id?: string | undefined; type?: "door" | "handle" | "backplate" | "limiter" | undefined; style?: string | undefined; width?: number | undefined; ... 11 more ...; threshold?: boolean | undefined; }'.
app/api/documents/generate/route.ts(571,38): error TS2339: Property 'quantity' does not exist on type '{ qty: number; unitPrice: number; model?: string | undefined; id?: string | undefined; type?: "door" | "handle" | "backplate" | "limiter" | undefined; style?: string | undefined; width?: number | undefined; ... 11 more ...; threshold?: boolean | undefined; }'.
app/api/documents/generate/route.ts(616,42): error TS2339: Property 'quantity' does not exist on type '{ qty: number; unitPrice: number; model?: string | undefined; id?: string | undefined; type?: "door" | "handle" | "backplate" | "limiter" | undefined; style?: string | undefined; width?: number | undefined; ... 11 more ...; threshold?: boolean | undefined; }'.
app/api/documents/generate/route.ts(618,46): error TS2339: Property 'quantity' does not exist on type '{ qty: number; unitPrice: number; model?: string | undefined; id?: string | undefined; type?: "door" | "handle" | "backplate" | "limiter" | undefined; style?: string | undefined; width?: number | undefined; ... 11 more ...; threshold?: boolean | undefined; }'.
app/api/documents/generate/route.ts(659,40): error TS2339: Property 'quantity' does not exist on type '{ qty: number; unitPrice: number; model?: string | undefined; id?: string | undefined; type?: "door" | "handle" | "backplate" | "limiter" | undefined; style?: string | undefined; width?: number | undefined; ... 11 more ...; threshold?: boolean | undefined; }'.
app/api/documents/generate/route.ts(660,38): error TS2339: Property 'quantity' does not exist on type '{ qty: number; unitPrice: number; model?: string | undefined; id?: string | undefined; type?: "door" | "handle" | "backplate" | "limiter" | undefined; style?: string | undefined; width?: number | undefined; ... 11 more ...; threshold?: boolean | undefined; }'.
app/api/documents/generate/route.ts(686,13): error TS2561: Object literal may only specify known properties, but 'created_by' does not exist in type 'Without<OrderCreateInput, OrderUncheckedCreateInput> & OrderUncheckedCreateInput'. Did you mean to write 'created_at'?
app/api/documents/generate/route.ts(701,24): error TS2339: Property 'orderItem' does not exist on type 'PrismaClient<PrismaClientOptions, never, DefaultArgs>'.
app/api/documents/generate/route.ts(705,42): error TS2339: Property 'quantity' does not exist on type '{ qty: number; unitPrice: number; model?: string | undefined; id?: string | undefined; type?: "door" | "handle" | "backplate" | "limiter" | undefined; style?: string | undefined; width?: number | undefined; ... 11 more ...; threshold?: boolean | undefined; }'.
app/api/documents/generate/route.ts(707,46): error TS2339: Property 'quantity' does not exist on type '{ qty: number; unitPrice: number; model?: string | undefined; id?: string | undefined; type?: "door" | "handle" | "backplate" | "limiter" | undefined; style?: string | undefined; width?: number | undefined; ... 11 more ...; threshold?: boolean | undefined; }'.
app/api/documents/generate/route.ts(724,26): error TS2339: Property 'finish' does not exist on type '{ qty: number; unitPrice: number; model?: string | undefined; id?: string | undefined; type?: "door" | "handle" | "backplate" | "limiter" | undefined; style?: string | undefined; width?: number | undefined; ... 11 more ...; threshold?: boolean | undefined; }'.
app/api/documents/generate/route.ts(728,40): error TS2339: Property 'quantity' does not exist on type '{ qty: number; unitPrice: number; model?: string | undefined; id?: string | undefined; type?: "door" | "handle" | "backplate" | "limiter" | undefined; style?: string | undefined; width?: number | undefined; ... 11 more ...; threshold?: boolean | undefined; }'.
app/api/documents/generate/route.ts(729,35): error TS2551: Property 'hardwareKitName' does not exist on type '{ qty: number; unitPrice: number; model?: string | undefined; id?: string | undefined; type?: "door" | "handle" | "backplate" | "limiter" | undefined; style?: string | undefined; width?: number | undefined; ... 11 more ...; threshold?: boolean | undefined; }'. Did you mean 'hardwareKitId'?
app/api/documents/generate/route.ts(731,38): error TS2339: Property 'quantity' does not exist on type '{ qty: number; unitPrice: number; model?: string | undefined; id?: string | undefined; type?: "door" | "handle" | "backplate" | "limiter" | undefined; style?: string | undefined; width?: number | undefined; ... 11 more ...; threshold?: boolean | undefined; }'.
app/api/documents/generate/route.ts(733,81): error TS2339: Property 'finish' does not exist on type '{ qty: number; unitPrice: number; model?: string | undefined; id?: string | undefined; type?: "door" | "handle" | "backplate" | "limiter" | undefined; style?: string | undefined; width?: number | undefined; ... 11 more ...; threshold?: boolean | undefined; }'.
app/api/documents/generate/route.ts(741,15): error TS2322: Type 'string | number' is not assignable to type 'string | StringFilter<"Product"> | undefined'.
  Type 'number' is not assignable to type 'string | StringFilter<"Product"> | undefined'.
app/api/documents/generate/route.ts(757,26): error TS2339: Property 'finish' does not exist on type '{ qty: number; unitPrice: number; model?: string | undefined; id?: string | undefined; type?: "door" | "handle" | "backplate" | "limiter" | undefined; style?: string | undefined; width?: number | undefined; ... 11 more ...; threshold?: boolean | undefined; }'.
app/api/documents/generate/route.ts(789,43): error TS2339: Property 'finish' does not exist on type '{ qty: number; unitPrice: number; model?: string | undefined; id?: string | undefined; type?: "door" | "handle" | "backplate" | "limiter" | undefined; style?: string | undefined; width?: number | undefined; ... 11 more ...; threshold?: boolean | undefined; }'.
app/api/documents/generate/route.ts(789,84): error TS2339: Property 'finish' does not exist on type '{ qty: number; unitPrice: number; model?: string | undefined; id?: string | undefined; type?: "door" | "handle" | "backplate" | "limiter" | undefined; style?: string | undefined; width?: number | undefined; ... 11 more ...; threshold?: boolean | undefined; }'.
app/api/documents/generate/route.ts(875,24): error TS2339: Property 'finish' does not exist on type '{ qty: number; unitPrice: number; model?: string | undefined; id?: string | undefined; type?: "door" | "handle" | "backplate" | "limiter" | undefined; style?: string | undefined; width?: number | undefined; ... 11 more ...; threshold?: boolean | undefined; }'.
app/api/documents/generate/route.ts(879,38): error TS2339: Property 'quantity' does not exist on type '{ qty: number; unitPrice: number; model?: string | undefined; id?: string | undefined; type?: "door" | "handle" | "backplate" | "limiter" | undefined; style?: string | undefined; width?: number | undefined; ... 11 more ...; threshold?: boolean | undefined; }'.
app/api/documents/generate/route.ts(880,33): error TS2551: Property 'hardwareKitName' does not exist on type '{ qty: number; unitPrice: number; model?: string | undefined; id?: string | undefined; type?: "door" | "handle" | "backplate" | "limiter" | undefined; style?: string | undefined; width?: number | undefined; ... 11 more ...; threshold?: boolean | undefined; }'. Did you mean 'hardwareKitId'?
app/api/documents/generate/route.ts(882,36): error TS2339: Property 'quantity' does not exist on type '{ qty: number; unitPrice: number; model?: string | undefined; id?: string | undefined; type?: "door" | "handle" | "backplate" | "limiter" | undefined; style?: string | undefined; width?: number | undefined; ... 11 more ...; threshold?: boolean | undefined; }'.
app/api/documents/generate/route.ts(888,26): error TS2339: Property 'finish' does not exist on type '{ qty: number; unitPrice: number; model?: string | undefined; id?: string | undefined; type?: "door" | "handle" | "backplate" | "limiter" | undefined; style?: string | undefined; width?: number | undefined; ... 11 more ...; threshold?: boolean | undefined; }'.
app/api/documents/generate/route.ts(898,9): error TS2322: Type '"order"' is not assignable to type '"quote" | "invoice"'.
app/api/documents/generate/route.ts(901,9): error TS2322: Type '{ rowNumber: number; sku: string | number; name: string; finish: any; color: string | undefined; width: number | undefined; height: number | undefined; quantity: any; hardwareKitName: any; unitPrice: number; total: number; properties_data: string | null; configuration: { ...; }; }[]' is not assignable to type 'DocumentItem[]'.
  Type '{ rowNumber: number; sku: string | number; name: string; finish: any; color: string | undefined; width: number | undefined; height: number | undefined; quantity: any; hardwareKitName: any; unitPrice: number; total: number; properties_data: string | null; configuration: { ...; }; }' is not assignable to type 'DocumentItem'.
    Types of property 'sku' are incompatible.
      Type 'string | number' is not assignable to type 'string | undefined'.
        Type 'number' is not assignable to type 'string'.
app/api/documents/related/route.ts(85,13): error TS2353: Object literal may only specify known properties, and 'orders' does not exist in type 'QuoteInclude<DefaultArgs>'.
app/api/documents/related/route.ts(97,26): error TS2339: Property 'orders' does not exist on type '{ number: string; id: string; created_at: Date; updated_at: Date; client_id: string; status: string; currency: string; subtotal: number; tax_amount: number; total_amount: number; parent_document_id: string | null; ... 5 more ...; terms: string | null; }'.
app/api/documents/related/route.ts(98,28): error TS2339: Property 'invoices' does not exist on type '{ number: string; id: string; created_at: Date; updated_at: Date; client_id: string; status: string; currency: string; subtotal: number; tax_amount: number; total_amount: number; parent_document_id: string | null; ... 5 more ...; terms: string | null; }'.
app/api/documents/related/route.ts(99,34): error TS2339: Property 'orders' does not exist on type '{ number: string; id: string; created_at: Date; updated_at: Date; client_id: string; status: string; currency: string; subtotal: number; tax_amount: number; total_amount: number; parent_document_id: string | null; ... 5 more ...; terms: string | null; }'.
app/api/documents/related/route.ts(99,50): error TS7006: Parameter 'order' implicitly has an 'any' type.
app/api/documents/related/route.ts(107,13): error TS2353: Object literal may only specify known properties, and 'quote' does not exist in type 'OrderInclude<DefaultArgs>'.
app/api/documents/related/route.ts(115,25): error TS2339: Property 'quote' does not exist on type '{ number: string; id: string; created_at: Date; updated_at: Date; client_id: string; status: string; total_amount: number | null; invoice_id: string | null; lead_number: string | null; ... 13 more ...; notes: string | null; }'.
app/api/documents/related/route.ts(116,28): error TS2339: Property 'invoices' does not exist on type '{ number: string; id: string; created_at: Date; updated_at: Date; client_id: string; status: string; total_amount: number | null; invoice_id: string | null; lead_number: string | null; ... 13 more ...; notes: string | null; }'.
app/api/documents/related/route.ts(117,34): error TS2339: Property 'supplier_orders' does not exist on type '{ number: string; id: string; created_at: Date; updated_at: Date; client_id: string; status: string; total_amount: number | null; invoice_id: string | null; lead_number: string | null; ... 13 more ...; notes: string | null; }'.
app/api/documents/related/route.ts(128,17): error TS2353: Object literal may only specify known properties, and 'supplier_orders' does not exist in type 'OrderInclude<DefaultArgs>'.
app/api/documents/related/route.ts(136,27): error TS2339: Property 'quote' does not exist on type '{ number: string; id: string; created_at: Date; updated_at: Date; client_id: string; status: string; currency: string; subtotal: number; tax_amount: number; total_amount: number; parent_document_id: string | null; ... 6 more ...; due_date: Date | null; }'.
app/api/documents/related/route.ts(137,27): error TS2339: Property 'order' does not exist on type '{ number: string; id: string; created_at: Date; updated_at: Date; client_id: string; status: string; currency: string; subtotal: number; tax_amount: number; total_amount: number; parent_document_id: string | null; ... 6 more ...; due_date: Date | null; }'.
app/api/documents/related/route.ts(138,36): error TS2339: Property 'order' does not exist on type '{ number: string; id: string; created_at: Date; updated_at: Date; client_id: string; status: string; currency: string; subtotal: number; tax_amount: number; total_amount: number; parent_document_id: string | null; ... 6 more ...; due_date: Date | null; }'.
app/api/documents/related/route.ts(145,11): error TS2322: Type '{ order: { include: { quote: true; invoices: true; }; }; }' is not assignable to type 'never'.
app/api/documents/related/route.ts(158,40): error TS2339: Property 'quote' does not exist on type 'never'.
app/api/documents/related/route.ts(159,43): error TS2339: Property 'invoices' does not exist on type 'never'.
app/api/documents/related/route.ts(173,144): error TS18004: No value exists in scope for the shorthand property 'documentType'. Either declare one or provide an initializer.
app/api/documents/related/route.ts(173,158): error TS18004: No value exists in scope for the shorthand property 'documentId'. Either declare one or provide an initializer.
app/api/documents/related/route.ts(173,197): error TS18004: No value exists in scope for the shorthand property 'documentType'. Either declare one or provide an initializer.
app/api/documents/related/route.ts(173,211): error TS18004: No value exists in scope for the shorthand property 'documentId'. Either declare one or provide an initializer.
app/api/documents/related/route.ts(195,13): error TS2353: Object literal may only specify known properties, and 'orders' does not exist in type 'QuoteInclude<DefaultArgs>'.
app/api/documents/related/route.ts(212,13): error TS2353: Object literal may only specify known properties, and 'order_items' does not exist in type 'OrderInclude<DefaultArgs>'.
app/api/documents/related/route.ts(227,17): error TS2353: Object literal may only specify known properties, and 'supplier_orders' does not exist in type 'OrderInclude<DefaultArgs>'.
app/api/documents/related/route.ts(237,44): error TS2345: Argument of type '{ id: string; isActive: boolean; createdAt: Date; updatedAt: Date; firstName: string; lastName: string; middleName: string | null; phone: string; address: string; objectId: string; compilationLeadNumber: string | null; customFields: string; } | null' is not assignable to parameter of type 'ClientDocuments'.
  Type 'null' is not assignable to type 'ClientDocuments'.
app/api/documents/related/route.ts(246,147): error TS18004: No value exists in scope for the shorthand property 'clientId'. Either declare one or provide an initializer.
app/api/documents/related/route.ts(246,184): error TS18004: No value exists in scope for the shorthand property 'clientId'. Either declare one or provide an initializer.
app/api/documents/related/route.ts(291,33): error TS2345: Argument of type '{ id: string; number: string; type: string; status: string; total: number | null; date: Date; children: never[]; }' is not assignable to parameter of type 'never'.
app/api/documents/related/route.ts(304,33): error TS2345: Argument of type '{ id: string; number: string; type: string; status: string; supplier: string | null; date: Date; children: never[]; }' is not assignable to parameter of type 'never'.
app/api/documents/related/route.ts(315,31): error TS2345: Argument of type '{ id: string; number: string; type: string; status: string; total: number | null; date: Date; children: never[]; }' is not assignable to parameter of type 'never'.
app/api/documents/related/route.ts(320,31): error TS2345: Argument of type '{ id: string; number: string; type: string; status: string; total: number | null; date: Date; children: never[]; }' is not assignable to parameter of type 'never'.
app/api/documents/route.ts(12,9): error TS2304: Cannot find name 'AuthenticatedUser'.
app/api/documents/route.ts(42,16): error TS2353: Object literal may only specify known properties, and 'quote_id' does not exist in type 'OrderWhereInput'.
app/api/documents/templates/route.ts(38,138): error TS18004: No value exists in scope for the shorthand property 'templateType'. Either declare one or provide an initializer.
app/api/documents/templates/route.ts(38,179): error TS18004: No value exists in scope for the shorthand property 'templateType'. Either declare one or provide an initializer.
app/api/executor/stats/route.ts(11,9): error TS2304: Cannot find name 'AuthenticatedUser'.
app/api/executor/stats/route.ts(45,7): error TS2561: Object literal may only specify known properties, but 'created_by' does not exist in type 'SupplierOrderWhereInput'. Did you mean to write 'created_at'?
app/api/executor/stats/route.ts(51,7): error TS2561: Object literal may only specify known properties, but 'created_by' does not exist in type 'SupplierOrderWhereInput'. Did you mean to write 'created_at'?
app/api/executor/stats/route.ts(60,7): error TS2561: Object literal may only specify known properties, but 'created_by' does not exist in type 'SupplierOrderWhereInput'. Did you mean to write 'created_at'?
app/api/executor/stats/route.ts(97,7): error TS2561: Object literal may only specify known properties, but 'created_by' does not exist in type 'SupplierOrderWhereInput'. Did you mean to write 'created_at'?
app/api/export/order/route.ts(94,125): error TS2304: Cannot find name 'body'.
app/api/export/order/route.ts(94,145): error TS2304: Cannot find name 'body'.
app/api/export/order/route.ts(94,192): error TS2304: Cannot find name 'body'.
app/api/export/order/route.ts(94,212): error TS2304: Cannot find name 'body'.
app/api/export/order/route.ts(100,59): error TS18046: 'error' is of type 'unknown'.
app/api/export/order/route.ts(119,16): error TS2339: Property 'kpId' does not exist on type 'object'.
app/api/export/order/route.ts(119,39): error TS2339: Property 'kpId' does not exist on type 'object'.
app/api/export/order/route.ts(126,24): error TS2339: Property 'kpId' does not exist on type 'object'.
app/api/export/order/route.ts(131,16): error TS2339: Property 'format' does not exist on type 'object'.
app/api/export/order/route.ts(131,41): error TS2339: Property 'format' does not exist on type 'object'.
app/api/export/order/route.ts(138,24): error TS2339: Property 'format' does not exist on type 'object'.
app/api/export/order/route.ts(144,42): error TS2339: Property 'format' does not exist on type 'object'.
app/api/export/order/route.ts(151,24): error TS2339: Property 'format' does not exist on type 'object'.
app/api/export/route.ts(14,9): error TS2304: Cannot find name 'AuthenticatedUser'.
app/api/export/route.ts(28,33): error TS2339: Property 'category' does not exist on type 'PrismaClient<PrismaClientOptions, never, DefaultArgs>'.
app/api/frontend-categories/route.ts(25,148): error TS18004: No value exists in scope for the shorthand property 'slug'. Either declare one or provide an initializer.
app/api/frontend-categories/route.ts(25,181): error TS18004: No value exists in scope for the shorthand property 'slug'. Either declare one or provide an initializer.
app/api/frontend-categories/route.ts(72,152): error TS2304: Cannot find name 'data'.
app/api/frontend-categories/route.ts(72,196): error TS2304: Cannot find name 'data'.
app/api/invoices/route.ts(12,9): error TS2304: Cannot find name 'AuthenticatedUser'.
app/api/invoices/route.ts(102,9): error TS2304: Cannot find name 'AuthenticatedUser'.
app/api/manager/stats/route.ts(11,9): error TS2304: Cannot find name 'AuthenticatedUser'.
app/api/notifications/route.ts(13,9): error TS2304: Cannot find name 'AuthenticatedUser'.
app/api/notifications/route.ts(176,9): error TS2304: Cannot find name 'AuthenticatedUser'.
app/api/orders/create-with-invoice/route.ts(40,9): error TS2304: Cannot find name 'AuthenticatedUser'.
app/api/orders/route.ts(16,9): error TS2304: Cannot find name 'AuthenticatedUser'.
app/api/orders/route.ts(117,51): error TS2345: Argument of type '{ client_id: string; type: "quote" | "invoice" | "order" | "supplier_order"; subtotal: number; tax_amount: number; total_amount: number; items: { type: string; model?: string | undefined; ... 19 more ...; hardware?: string | undefined; }[]; ... 4 more ...; notes?: string | undefined; }' is not assignable to parameter of type 'CreateDocumentRequest'.
  Types of property 'items' are incompatible.
    Type '{ type: string; model?: string | undefined; name?: string | undefined; id?: string | undefined; productId?: string | undefined; product_id?: string | undefined; quantity?: number | undefined; ... 14 more ...; hardware?: string | undefined; }[]' is not assignable to type 'DocumentItem[]'.
      Type '{ type: string; model?: string | undefined; name?: string | undefined; id?: string | undefined; productId?: string | undefined; product_id?: string | undefined; quantity?: number | undefined; ... 14 more ...; hardware?: string | undefined; }' is not assignable to type 'DocumentItem'.
        Types of property 'sku_1c' are incompatible.
          Type 'string | null | undefined' is not assignable to type 'string | undefined'.
app/api/orders/route.ts(265,9): error TS2304: Cannot find name 'AuthenticatedUser'.
app/api/pages/route.ts(133,126): error TS2304: Cannot find name 'body'.
app/api/pages/route.ts(133,173): error TS2304: Cannot find name 'body'.
app/api/pages/simple-create/route.ts(80,140): error TS2304: Cannot find name 'body'.
app/api/pages/simple-create/route.ts(80,187): error TS2304: Cannot find name 'body'.
app/api/pages/test/route.ts(73,136): error TS2304: Cannot find name 'body'.
app/api/pages/test/route.ts(73,183): error TS2304: Cannot find name 'body'.
app/api/price/doors/route.ts(133,27): error TS2339: Property 'selection' does not exist on type '{}'.
app/api/price/doors/route.ts(137,27): error TS2339: Property 'selection' does not exist on type '{}'.
app/api/products/batch-info/route.ts(12,9): error TS2304: Cannot find name 'AuthenticatedUser'.
app/api/products/category/[categoryId]/route.ts(78,15): error TS2322: Type '{}' is not assignable to type 'string | FieldRef<"Product", "String"> | undefined'.
app/api/products/category/[categoryId]/route.ts(179,148): error TS18004: No value exists in scope for the shorthand property 'categoryId'. Either declare one or provide an initializer.
app/api/products/category/[categoryId]/route.ts(179,187): error TS18004: No value exists in scope for the shorthand property 'categoryId'. Either declare one or provide an initializer.
app/api/quote-templates/[id]/create-quote/route.ts(48,9): error TS2353: Object literal may only specify known properties, and 'title' does not exist in type '(Without<QuoteCreateInput, QuoteUncheckedCreateInput> & QuoteUncheckedCreateInput) | (Without<...> & QuoteCreateInput)'.
app/api/quote-templates/[id]/create-quote/route.ts(58,9): error TS2353: Object literal may only specify known properties, and 'title' does not exist in type 'QuoteSelect<DefaultArgs>'.
app/api/quote-templates/[id]/create-quote/route.ts(74,29): error TS2339: Property 'total' does not exist on type '{ number: string; id: string; created_at: Date; updated_at: Date; client_id: string; status: string; currency: string; subtotal: number; tax_amount: number; total_amount: number; parent_document_id: string | null; ... 5 more ...; terms: string | null; }'.
app/api/quote-templates/[id]/create-quote/route.ts(75,48): error TS2551: Property 'items' does not exist on type '{ number: string; id: string; created_at: Date; updated_at: Date; client_id: string; status: string; currency: string; subtotal: number; tax_amount: number; total_amount: number; parent_document_id: string | null; ... 5 more ...; terms: string | null; }'. Did you mean 'terms'?
app/api/quote-templates/[id]/create-quote/route.ts(76,27): error TS2339: Property 'clientInfo' does not exist on type '{ number: string; id: string; created_at: Date; updated_at: Date; client_id: string; status: string; currency: string; subtotal: number; tax_amount: number; total_amount: number; parent_document_id: string | null; ... 5 more ...; terms: string | null; }'.
app/api/quote-templates/[id]/create-quote/route.ts(76,72): error TS2339: Property 'clientInfo' does not exist on type '{ number: string; id: string; created_at: Date; updated_at: Date; client_id: string; status: string; currency: string; subtotal: number; tax_amount: number; total_amount: number; parent_document_id: string | null; ... 5 more ...; terms: string | null; }'.
app/api/quote-templates/route.ts(29,140): error TS18004: No value exists in scope for the shorthand property 'category'. Either declare one or provide an initializer.
app/api/quote-templates/route.ts(29,177): error TS18004: No value exists in scope for the shorthand property 'category'. Either declare one or provide an initializer.
app/api/quote-templates/route.ts(63,145): error TS2304: Cannot find name 'body'.
app/api/quote-templates/route.ts(63,190): error TS2304: Cannot find name 'body'.
app/api/quotes/[id]/export/pdf/route.ts(27,7): error TS2353: Object literal may only specify known properties, and 'title' does not exist in type 'QuoteSelect<DefaultArgs>'.
app/api/quotes/[id]/export/pdf/route.ts(48,44): error TS2551: Property 'items' does not exist on type '{ number: string; id: string; created_at: Date; updated_at: Date; client_id: string; currency: string; status: string; parent_document_id: string | null; cart_session_id: string | null; ... 7 more ...; terms: string | null; }'. Did you mean 'terms'?
app/api/quotes/[id]/export/pdf/route.ts(49,23): error TS2339: Property 'clientInfo' does not exist on type '{ number: string; id: string; created_at: Date; updated_at: Date; client_id: string; currency: string; status: string; parent_document_id: string | null; cart_session_id: string | null; ... 7 more ...; terms: string | null; }'.
app/api/quotes/[id]/export/pdf/route.ts(49,68): error TS2339: Property 'clientInfo' does not exist on type '{ number: string; id: string; created_at: Date; updated_at: Date; client_id: string; currency: string; status: string; parent_document_id: string | null; cart_session_id: string | null; ... 7 more ...; terms: string | null; }'.
app/api/quotes/[id]/export/pdf/route.ts(50,18): error TS2339: Property 'title' does not exist on type '{ number: string; id: string; created_at: Date; updated_at: Date; client_id: string; currency: string; status: string; parent_document_id: string | null; cart_session_id: string | null; ... 7 more ...; terms: string | null; }'.
app/api/quotes/[id]/export/pdf/route.ts(52,23): error TS2339: Property 'accepted_at' does not exist on type '{ number: string; id: string; created_at: Date; updated_at: Date; client_id: string; currency: string; status: string; parent_document_id: string | null; cart_session_id: string | null; ... 7 more ...; terms: string | null; }'.
app/api/quotes/from-cart/route.ts(61,9): error TS2304: Cannot find name 'AuthenticatedUser'.
app/api/quotes/from-cart/route.ts(79,37): error TS2339: Property 'doors_catalog' does not exist on type 'PrismaClient<PrismaClientOptions, never, DefaultArgs>'.
app/api/quotes/from-cart/route.ts(96,47): error TS7006: Parameter 'item' implicitly has an 'any' type.
app/api/quotes/from-cart/route.ts(105,27): error TS2339: Property 'model' does not exist on type '{}'.
app/api/quotes/from-cart/route.ts(106,27): error TS2339: Property 'widthMm' does not exist on type '{}'.
app/api/quotes/from-cart/route.ts(107,28): error TS2339: Property 'heightMm' does not exist on type '{}'.
app/api/quotes/from-cart/route.ts(108,27): error TS2339: Property 'color' does not exist on type '{}'.
app/api/quotes/from-cart/route.ts(109,28): error TS2339: Property 'finish' does not exist on type '{}'.
app/api/quotes/from-cart/route.ts(110,28): error TS2339: Property 'series' does not exist on type '{}'.
app/api/quotes/from-cart/route.ts(112,31): error TS2339: Property 'base_price' does not exist on type '{}'.
app/api/quotes/from-cart/route.ts(116,31): error TS2339: Property 'price_opt' does not exist on type '{}'.
app/api/quotes/from-cart/route.ts(117,30): error TS2339: Property 'currency' does not exist on type '{}'.
app/api/quotes/from-cart/route.ts(129,7): error TS2353: Object literal may only specify known properties, and 'title' does not exist in type '(Without<QuoteCreateInput, QuoteUncheckedCreateInput> & QuoteUncheckedCreateInput) | (Without<...> & QuoteCreateInput)'.
app/api/quotes/from-cart/route.ts(141,7): error TS2353: Object literal may only specify known properties, and 'title' does not exist in type 'QuoteSelect<DefaultArgs>'.
app/api/quotes/from-cart/route.ts(156,46): error TS2551: Property 'items' does not exist on type '{ number: string; id: string; created_at: Date; updated_at: Date; client_id: string; currency: string; status: string; parent_document_id: string | null; cart_session_id: string | null; ... 7 more ...; terms: string | null; }'. Did you mean 'terms'?
app/api/quotes/from-cart/route.ts(157,25): error TS2339: Property 'clientInfo' does not exist on type '{ number: string; id: string; created_at: Date; updated_at: Date; client_id: string; currency: string; status: string; parent_document_id: string | null; cart_session_id: string | null; ... 7 more ...; terms: string | null; }'.
app/api/quotes/from-cart/route.ts(157,70): error TS2339: Property 'clientInfo' does not exist on type '{ number: string; id: string; created_at: Date; updated_at: Date; client_id: string; currency: string; status: string; parent_document_id: string | null; cart_session_id: string | null; ... 7 more ...; terms: string | null; }'.
app/api/quotes/from-cart/route.ts(175,9): error TS2304: Cannot find name 'AuthenticatedUser'.
app/api/quotes/from-cart/route.ts(207,37): error TS2339: Property 'doors_catalog' does not exist on type 'PrismaClient<PrismaClientOptions, never, DefaultArgs>'.
app/api/quotes/from-cart/route.ts(212,50): error TS7006: Parameter 'item' implicitly has an 'any' type.
app/api/quotes/preview/route.ts(15,9): error TS2304: Cannot find name 'AuthenticatedUser'.
app/api/quotes/route.ts(12,9): error TS2304: Cannot find name 'AuthenticatedUser'.
app/api/quotes/route.ts(103,9): error TS2304: Cannot find name 'AuthenticatedUser'.
app/api/supplier-orders/[id]/excel/route.ts(66,16): error TS2322: Type 'string | null' is not assignable to type 'string | undefined'.
app/api/supplier-orders/[id]/excel/route.ts(168,32): error TS2339: Property 'created_at' does not exist on type '{ id: string; parent_document_id: string | null; notes: string | null; cart_data: string | null; supplier_name: string; supplier_email: string | null; supplier_phone: string | null; expected_date: Date | null; }'.
app/api/supplier-orders/[id]/route.ts(25,7): error TS2353: Object literal may only specify known properties, and 'client_id' does not exist in type 'SupplierOrderSelect<DefaultArgs>'.
app/api/supplier-orders/[id]/route.ts(83,5): error TS2322: Type '{ client: true; order: true; }' is not assignable to type 'never'.
app/api/supplier-orders/route.ts(14,9): error TS2304: Cannot find name 'AuthenticatedUser'.
app/api/supplier-orders/route.ts(135,9): error TS2561: Object literal may only specify known properties, but 'created_by' does not exist in type '(Without<SupplierOrderCreateInput, SupplierOrderUncheckedCreateInput> & SupplierOrderUncheckedCreateInput) | (Without<...> & SupplierOrderCreateInput)'. Did you mean to write 'created_at'?
app/api/supplier-orders/route.ts(156,11): error TS2345: Argument of type 'string | null' is not assignable to parameter of type 'string'.
  Type 'null' is not assignable to type 'string'.
app/api/supplier-orders/route.ts(184,9): error TS2304: Cannot find name 'AuthenticatedUser'.
app/api/test-photo/route.ts(13,9): error TS2304: Cannot find name 'AuthenticatedUser'.
app/api/test-photo/route.ts(56,13): error TS7034: Variable 'matches' implicitly has type 'any[]' in some locations where its type cannot be determined.
app/api/test-photo/route.ts(81,9): error TS7005: Variable 'matches' implicitly has an 'any[]' type.
app/api/test-photo/route.ts(86,84): error TS7005: Variable 'matches' implicitly has an 'any[]' type.
app/api/test/export-performance/route.ts(178,140): error TS18004: No value exists in scope for the shorthand property 'itemCount'. Either declare one or provide an initializer.
app/api/test/export-performance/route.ts(178,151): error TS18004: No value exists in scope for the shorthand property 'format'. Either declare one or provide an initializer.
app/api/test/export-performance/route.ts(178,186): error TS18004: No value exists in scope for the shorthand property 'itemCount'. Either declare one or provide an initializer.
app/api/test/export-performance/route.ts(178,197): error TS18004: No value exists in scope for the shorthand property 'format'. Either declare one or provide an initializer.
app/api/upload/route.ts(85,30): error TS2339: Property 'thumbnailUrl' does not exist on type 'UploadResult'.
app/api/upload/route.ts(100,113): error TS18004: No value exists in scope for the shorthand property 'fileType'. Either declare one or provide an initializer.
app/api/upload/route.ts(100,135): error TS2304: Cannot find name 'files'.
app/api/upload/route.ts(100,177): error TS18004: No value exists in scope for the shorthand property 'fileType'. Either declare one or provide an initializer.
app/api/upload/route.ts(100,199): error TS2304: Cannot find name 'files'.
app/api/upload/route.ts(128,113): error TS18004: No value exists in scope for the shorthand property 'filename'. Either declare one or provide an initializer.
app/api/upload/route.ts(128,150): error TS18004: No value exists in scope for the shorthand property 'filename'. Either declare one or provide an initializer.
app/api/upload/route.ts(159,121): error TS18004: No value exists in scope for the shorthand property 'filename'. Either declare one or provide an initializer.
app/api/upload/route.ts(159,131): error TS18004: No value exists in scope for the shorthand property 'expiresIn'. Either declare one or provide an initializer.
app/api/upload/route.ts(159,169): error TS18004: No value exists in scope for the shorthand property 'filename'. Either declare one or provide an initializer.
app/api/upload/route.ts(159,179): error TS18004: No value exists in scope for the shorthand property 'expiresIn'. Either declare one or provide an initializer.
app/api/uploadsproducts/[...path]/route.ts(88,159): error TS18004: No value exists in scope for the shorthand property 'filePath'. Either declare one or provide an initializer.
app/api/uploadsproducts/[...path]/route.ts(88,196): error TS18004: No value exists in scope for the shorthand property 'filePath'. Either declare one or provide an initializer.
app/api/users/me/route.ts(14,9): error TS2304: Cannot find name 'AuthenticatedUser'.
app/api/users/route.ts(16,9): error TS2304: Cannot find name 'AuthenticatedUser'.
app/complectator/dashboard/ComplectatorDashboardComponent.tsx(230,144): error TS2304: Cannot find name 'fetchError'.
app/complectator/dashboard/ComplectatorDashboardComponent.tsx(377,9): error TS2304: Cannot find name 'toast'.
app/complectator/dashboard/ComplectatorDashboardComponent.tsx(381,7): error TS2304: Cannot find name 'toast'.
app/complectator/dashboard/ComplectatorDashboardComponent.tsx(400,9): error TS2304: Cannot find name 'toast'.
app/complectator/dashboard/ComplectatorDashboardComponent.tsx(417,9): error TS2304: Cannot find name 'toast'.
app/complectator/dashboard/ComplectatorDashboardComponent.tsx(421,7): error TS2304: Cannot find name 'toast'.
app/complectator/dashboard/ComplectatorDashboardComponent.tsx(542,7): error TS2304: Cannot find name 'toast'.
app/complectator/dashboard/ComplectatorDashboardComponent.tsx(614,7): error TS2304: Cannot find name 'toast'.
app/complectator/dashboard/ComplectatorDashboardComponent.tsx(684,7): error TS2304: Cannot find name 'toast'.
app/complectator/dashboard/ComplectatorDashboardComponent.tsx(695,9): error TS2304: Cannot find name 'toast'.
app/complectator/dashboard/ComplectatorDashboardComponent.tsx(703,9): error TS2304: Cannot find name 'toast'.
app/complectator/dashboard/ComplectatorDashboardComponent.tsx(714,9): error TS2304: Cannot find name 'toast'.
app/complectator/dashboard/ComplectatorDashboardComponent.tsx(732,11): error TS2304: Cannot find name 'toast'.
app/complectator/dashboard/ComplectatorDashboardComponent.tsx(758,9): error TS2304: Cannot find name 'toast'.
app/complectator/dashboard/ComplectatorDashboardComponent.tsx(766,9): error TS2304: Cannot find name 'toast'.
app/complectator/dashboard/ComplectatorDashboardComponent.tsx(770,7): error TS2304: Cannot find name 'toast'.
app/complectator/dashboard/ComplectatorDashboardComponent.tsx(780,9): error TS2304: Cannot find name 'toast'.
app/complectator/dashboard/ComplectatorDashboardComponent.tsx(788,9): error TS2304: Cannot find name 'toast'.
app/complectator/dashboard/ComplectatorDashboardComponent.tsx(830,9): error TS2304: Cannot find name 'toast'.
app/complectator/dashboard/ComplectatorDashboardComponent.tsx(833,9): error TS2304: Cannot find name 'toast'.
app/complectator/dashboard/ComplectatorDashboardComponent.tsx(837,7): error TS2304: Cannot find name 'toast'.
app/complectator/dashboard/ComplectatorDashboardComponent.tsx(847,9): error TS2304: Cannot find name 'toast'.
app/complectator/dashboard/ComplectatorDashboardComponent.tsx(854,9): error TS2304: Cannot find name 'toast'.
app/complectator/dashboard/ComplectatorDashboardComponent.tsx(896,9): error TS2304: Cannot find name 'toast'.
app/complectator/dashboard/ComplectatorDashboardComponent.tsx(899,9): error TS2304: Cannot find name 'toast'.
app/complectator/dashboard/ComplectatorDashboardComponent.tsx(903,7): error TS2304: Cannot find name 'toast'.
app/complectator/dashboard/ComplectatorDashboardComponent.tsx(919,9): error TS2304: Cannot find name 'toast'.
app/complectator/dashboard/ComplectatorDashboardComponent.tsx(922,9): error TS2304: Cannot find name 'toast'.
app/complectator/dashboard/ComplectatorDashboardComponent.tsx(926,7): error TS2304: Cannot find name 'toast'.
app/complectator/dashboard/ComplectatorDashboardComponent.tsx(942,9): error TS2304: Cannot find name 'toast'.
app/complectator/dashboard/ComplectatorDashboardComponent.tsx(945,9): error TS2304: Cannot find name 'toast'.
app/complectator/dashboard/ComplectatorDashboardComponent.tsx(949,7): error TS2304: Cannot find name 'toast'.
app/components/admin/DatabaseOptimizationPanel.tsx(67,7): error TS2304: Cannot find name 'clientLogger'.
app/components/admin/PriceListExporter.tsx(40,9): error TS2304: Cannot find name 'clientLogger'.
app/components/admin/PriceListExporter.tsx(44,7): error TS2304: Cannot find name 'clientLogger'.
app/components/admin/TemplateManager.tsx(36,9): error TS2304: Cannot find name 'clientLogger'.
app/components/admin/TemplateManager.tsx(39,7): error TS2304: Cannot find name 'clientLogger'.
app/components/analytics/AnalyticsDashboard.tsx(2,24): error TS2307: Cannot find module '../ui' or its corresponding type declarations.
app/components/analytics/AnalyticsDashboard.tsx(74,7): error TS2304: Cannot find name 'clientLogger'.
app/components/analytics/AnalyticsDashboard.tsx(102,7): error TS2304: Cannot find name 'clientLogger'.
app/components/auth/ClientAuthGuard.tsx(21,7): error TS2304: Cannot find name 'clientLogger'.
app/components/auth/ClientAuthGuard.tsx(30,9): error TS2304: Cannot find name 'clientLogger'.
app/components/auth/ClientAuthGuard.tsx(33,9): error TS2304: Cannot find name 'clientLogger'.
app/components/auth/ClientAuthGuard.tsx(45,7): error TS2304: Cannot find name 'clientLogger'.
app/components/calculator/CalculatorRuntime.tsx(75,7): error TS2304: Cannot find name 'clientLogger'.
app/components/calculator/CalculatorRuntime.tsx(92,11): error TS2304: Cannot find name 'clientLogger'.
app/components/calculator/CalculatorRuntime.tsx(104,13): error TS2304: Cannot find name 'clientLogger'.
app/components/calculator/CalculatorRuntime.tsx(118,7): error TS2304: Cannot find name 'clientLogger'.
app/components/calculator/CalculatorRuntime.tsx(143,7): error TS2304: Cannot find name 'clientLogger'.
app/components/calculator/CalculatorRuntime.tsx(333,19): error TS2304: Cannot find name 'clientLogger'.
app/components/calculator/UniversalCalculatorBuilder.tsx(4,55): error TS2307: Cannot find module '@hello-pangea/dnd' or its corresponding type declarations.
app/components/calculator/UniversalCalculatorBuilder.tsx(322,7): error TS2304: Cannot find name 'clientLogger'.
app/components/calculator/UniversalCalculatorBuilder.tsx(512,17): error TS2322: Type 'CalculatorElement | null | undefined' is not assignable to type 'CalculatorElement | null'.
  Type 'undefined' is not assignable to type 'CalculatorElement | null'.
app/components/cart/CartButton.tsx(4,29): error TS2307: Cannot find module '../../lib/cart/cart-service' or its corresponding type declarations.
app/components/cart/CartButton.tsx(5,22): error TS2307: Cannot find module '../../lib/cart/types' or its corresponding type declarations.
app/components/cart/CartButton.tsx(21,48): error TS7006: Parameter 'updatedCart' implicitly has an 'any' type.
app/components/cart/CartSidebar.tsx(4,29): error TS2307: Cannot find module '../../lib/cart/cart-service' or its corresponding type declarations.
app/components/cart/CartSidebar.tsx(5,49): error TS2307: Cannot find module '../../lib/cart/types' or its corresponding type declarations.
app/components/cart/CartSidebar.tsx(33,48): error TS7006: Parameter 'updatedCart' implicitly has an 'any' type.
app/components/cart/CartSidebar.tsx(143,34): error TS7006: Parameter 'item' implicitly has an 'any' type.
app/components/cart/CartSidebar.tsx(292,30): error TS7006: Parameter 'option' implicitly has an 'any' type.
app/components/cart/CartSidebar.tsx(308,36): error TS7006: Parameter 'modification' implicitly has an 'any' type.
app/components/cart/DiscountManager.tsx(137,25): error TS2345: Argument of type '(prev: Record<string, { value: number; type: "fixed" | "percentage"; ruleName?: string | undefined; }>) => { [x: string]: { value: number; type: "fixed" | "percentage"; ruleName?: string | undefined; } | { ...; }; }' is not assignable to parameter of type 'SetStateAction<Record<string, { value: number; type: "fixed" | "percentage"; ruleName?: string | undefined; }>>'.
  Type '(prev: Record<string, { value: number; type: "fixed" | "percentage"; ruleName?: string | undefined; }>) => { [x: string]: { value: number; type: "fixed" | "percentage"; ruleName?: string | undefined; } | { ...; }; }' is not assignable to type '(prevState: Record<string, { value: number; type: "fixed" | "percentage"; ruleName?: string | undefined; }>) => Record<string, { value: number; type: "fixed" | "percentage"; ruleName?: string | undefined; }>'.
    Type '{ [x: string]: { value: number; type: "percentage" | "fixed"; ruleName?: string; } | { value: number; type: "fixed" | "percentage" | "bulk"; ruleName: string; }; }' is not assignable to type 'Record<string, { value: number; type: "fixed" | "percentage"; ruleName?: string | undefined; }>'.
      'string' index signatures are incompatible.
        Type '{ value: number; type: "fixed" | "percentage"; ruleName?: string | undefined; } | { value: number; type: "fixed" | "percentage" | "bulk"; ruleName: string; }' is not assignable to type '{ value: number; type: "fixed" | "percentage"; ruleName?: string | undefined; }'.
          Type '{ value: number; type: "fixed" | "percentage" | "bulk"; ruleName: string; }' is not assignable to type '{ value: number; type: "fixed" | "percentage"; ruleName?: string | undefined; }'.
            Types of property 'type' are incompatible.
              Type '"fixed" | "percentage" | "bulk"' is not assignable to type '"fixed" | "percentage"'.
                Type '"bulk"' is not assignable to type '"fixed" | "percentage"'.
app/components/cart/DiscountManager.tsx(146,49): error TS2345: Argument of type '"fixed" | "percentage" | "bulk"' is not assignable to parameter of type '"fixed" | "percentage"'.
app/components/cart/DiscountManager.tsx(229,53): error TS2304: Cannot find name 'item'.
app/components/cart/DiscountManager.tsx(300,19): error TS2322: Type '(value: "percentage" | "fixed") => void' is not assignable to type '(value: string) => void'.
  Types of parameters 'value' and 'value' are incompatible.
    Type 'string' is not assignable to type '"fixed" | "percentage"'.
app/components/cart/EnhancedCartSidebar.tsx(221,67): error TS2345: Argument of type 'unknown' is not assignable to parameter of type 'Record<string, unknown> | undefined'.
app/components/cart/EnhancedCartSidebar.tsx(458,76): error TS2345: Argument of type 'DocumentNode' is not assignable to parameter of type 'Record<string, unknown>'.
  Index signature for type 'string' is missing in type 'DocumentNode'.
app/components/cart/ExportToClient.tsx(211,11): error TS2719: Type '(client: Client) => void' is not assignable to type '(client: Client) => void'. Two different types with this name exist, but they are unrelated.
  Types of parameters 'client' and 'client' are incompatible.
    Property 'objectId' is missing in type 'Client' but required in type 'Client'.
app/components/cart/MultiCategoryCart.tsx(6,26): error TS2307: Cannot find module '../../lib/cart/types' or its corresponding type declarations.
app/components/cart/MultiCategoryCart.tsx(8,25): error TS2307: Cannot find module '../../hooks/useCart' or its corresponding type declarations.
app/components/cart/MultiCategoryCart.tsx(37,7): error TS2304: Cannot find name 'clientLogger'.
app/components/cart/MultiCategoryCart.tsx(45,7): error TS2304: Cannot find name 'clientLogger'.
app/components/cart/MultiCategoryCart.tsx(54,9): error TS2304: Cannot find name 'clientLogger'.
app/components/cart/MultiCategoryCart.tsx(60,5): error TS2304: Cannot find name 'clientLogger'.
app/components/cart/MultiCategoryCart.tsx(65,44): error TS7006: Parameter 'acc' implicitly has an 'any' type.
app/components/cart/MultiCategoryCart.tsx(65,49): error TS7006: Parameter 'item' implicitly has an 'any' type.
app/components/cart/MultiCategoryCart.tsx(219,29): error TS18046: 'categoryData' is of type 'unknown'.
app/components/cart/MultiCategoryCart.tsx(220,22): error TS18046: 'categoryData' is of type 'unknown'.
app/components/cart/MultiCategoryCart.tsx(363,30): error TS7006: Parameter 'option' implicitly has an 'any' type.
app/components/cart/MultiCategoryCart.tsx(379,36): error TS7006: Parameter 'modification' implicitly has an 'any' type.
app/components/cart/ProductSelector.tsx(6,29): error TS2307: Cannot find module '../../lib/cart/cart-service' or its corresponding type declarations.
app/components/cart/ProductSelector.tsx(7,26): error TS2307: Cannot find module '../../lib/cart/types' or its corresponding type declarations.
app/components/cart/ProductSelector.tsx(46,7): error TS2304: Cannot find name 'clientLogger'.
app/components/cart/ProductSelector.tsx(64,7): error TS2304: Cannot find name 'clientLogger'.
app/components/cart/ProductSelector.tsx(135,7): error TS2304: Cannot find name 'clientLogger'.
app/components/cart/QuickCartSidebar.tsx(6,29): error TS2307: Cannot find module '../../lib/cart/cart-service' or its corresponding type declarations.
app/components/cart/QuickCartSidebar.tsx(7,49): error TS2307: Cannot find module '../../lib/cart/types' or its corresponding type declarations.
app/components/cart/QuickCartSidebar.tsx(38,48): error TS7006: Parameter 'updatedCart' implicitly has an 'any' type.
app/components/cart/QuickCartSidebar.tsx(370,76): error TS2345: Argument of type 'SimpleDocument' is not assignable to parameter of type 'Record<string, unknown>'.
  Index signature for type 'string' is missing in type 'SimpleDocument'.
app/components/cart/QuickCartSidebar.tsx(380,34): error TS7006: Parameter 'item' implicitly has an 'any' type.
app/components/category-builder/CartModule.tsx(4,30): error TS2307: Cannot find module '../ui' or its corresponding type declarations.
app/components/category-builder/CatalogCategorySelector.tsx(4,30): error TS2307: Cannot find module '../ui' or its corresponding type declarations.
app/components/category-builder/CatalogCategorySelector.tsx(39,7): error TS2304: Cannot find name 'clientLogger'.
app/components/category-builder/CatalogCategorySelector.tsx(48,9): error TS2304: Cannot find name 'clientLogger'.
app/components/category-builder/CatalogCategorySelector.tsx(66,7): error TS2304: Cannot find name 'clientLogger'.
app/components/category-builder/CategoryBuilder.tsx(4,30): error TS2307: Cannot find module '../ui' or its corresponding type declarations.
app/components/category-builder/CategoryBuilder.tsx(37,7): error TS2304: Cannot find name 'clientLogger'.
app/components/category-builder/CategoryBuilder.tsx(63,7): error TS2304: Cannot find name 'clientLogger'.
app/components/category-builder/CategoryBuilder.tsx(76,20): error TS2322: Type '{ id: string; type: string; title: any; position: { x: number; y: number; }; size: { width: number; height: number; }; config: any; }' is not assignable to type 'never'.
app/components/category-builder/CategoryBuilder.tsx(76,35): error TS2322: Type '{ id: string; type: string; title: any; position: { x: number; y: number; }; size: { width: number; height: number; }; config: any; }' is not assignable to type 'never'.
app/components/category-builder/CategoryBuilder.tsx(88,12): error TS7053: Element implicitly has an 'any' type because expression of type 'string' can't be used to index type '{ 'product-grid': string; 'filter-panel': string; 'search-bar': string; 'cart-summary': string; 'price-calculator': string; 'image-gallery': string; }'.
  No index signature with a parameter of type 'string' was found on type '{ 'product-grid': string; 'filter-panel': string; 'search-bar': string; 'cart-summary': string; 'price-calculator': string; 'image-gallery': string; }'.
app/components/category-builder/CategoryBuilder.tsx(100,12): error TS7053: Element implicitly has an 'any' type because expression of type 'string' can't be used to index type '{ 'product-grid': { columns: number; showPrices: boolean; showImages: boolean; }; 'filter-panel': { categories: never[]; priceRange: boolean; brands: never[]; }; 'search-bar': { placeholder: string; showSuggestions: boolean; }; 'cart-summary': { ...; }; 'price-calculator': { ...; }; 'image-gallery': { ...; }; }'.
  No index signature with a parameter of type 'string' was found on type '{ 'product-grid': { columns: number; showPrices: boolean; showImages: boolean; }; 'filter-panel': { categories: never[]; priceRange: boolean; brands: never[]; }; 'search-bar': { placeholder: string; showSuggestions: boolean; }; 'cart-summary': { ...; }; 'price-calculator': { ...; }; 'image-gallery': { ...; }; }'.
app/components/category-builder/CategoryBuilder.tsx(249,40): error TS2339: Property 'id' does not exist on type 'never'.
app/components/category-builder/CategoryBuilder.tsx(254,80): error TS2339: Property 'title' does not exist on type 'never'.
app/components/category-builder/CategoryBuilder.tsx(256,73): error TS2339: Property 'type' does not exist on type 'never'.
app/components/category-builder/CategoryBuilder.tsx(259,83): error TS2339: Property 'id' does not exist on type 'never'.
app/components/category-builder/CategoryBuilder.tsx(259,100): error TS2339: Property 'id' does not exist on type 'never'.
app/components/category-builder/CategoryInfoForm.tsx(4,55): error TS2307: Cannot find module '../ui' or its corresponding type declarations.
app/components/category-builder/CategoryInfoForm.tsx(68,7): error TS2304: Cannot find name 'clientLogger'.
app/components/category-builder/DataUpload.tsx(4,30): error TS2307: Cannot find module '../ui' or its corresponding type declarations.
app/components/category-builder/DataUpload.tsx(134,7): error TS2304: Cannot find name 'clientLogger'.
app/components/category-builder/DataUpload.tsx(146,7): error TS2304: Cannot find name 'clientLogger'.
app/components/category-builder/DataUpload.tsx(175,9): error TS2304: Cannot find name 'clientLogger'.
app/components/category-builder/DataUpload.tsx(181,7): error TS2304: Cannot find name 'clientLogger'.
app/components/category-builder/DataUpload.tsx(187,5): error TS2304: Cannot find name 'clientLogger'.
app/components/category-builder/DataUpload.tsx(188,5): error TS2304: Cannot find name 'clientLogger'.
app/components/category-builder/DataUpload.tsx(189,5): error TS2304: Cannot find name 'clientLogger'.
app/components/category-builder/DataUpload.tsx(205,7): error TS2304: Cannot find name 'clientLogger'.
app/components/category-builder/DataUpload.tsx(206,7): error TS2304: Cannot find name 'clientLogger'.
app/components/category-builder/DataUpload.tsx(207,7): error TS2304: Cannot find name 'clientLogger'.
app/components/category-builder/DataUpload.tsx(208,7): error TS2304: Cannot find name 'clientLogger'.
app/components/category-builder/DataUpload.tsx(209,7): error TS2304: Cannot find name 'clientLogger'.
app/components/category-builder/DataUpload.tsx(215,7): error TS2304: Cannot find name 'clientLogger'.
app/components/category-builder/DataUpload.tsx(227,7): error TS2304: Cannot find name 'clientLogger'.
app/components/category-builder/DataUpload.tsx(233,7): error TS2304: Cannot find name 'clientLogger'.
app/components/category-builder/DataUpload.tsx(240,7): error TS2304: Cannot find name 'clientLogger'.
app/components/category-builder/DataUpload.tsx(241,7): error TS2304: Cannot find name 'clientLogger'.
app/components/category-builder/DataUpload.tsx(242,7): error TS2304: Cannot find name 'clientLogger'.
app/components/category-builder/DataUpload.tsx(243,7): error TS2304: Cannot find name 'clientLogger'.
app/components/category-builder/DataUpload.tsx(244,7): error TS2304: Cannot find name 'clientLogger'.
app/components/category-builder/DataUpload.tsx(261,7): error TS2304: Cannot find name 'clientLogger'.
app/components/category-builder/DataUpload.tsx(264,7): error TS2304: Cannot find name 'clientLogger'.
app/components/category-builder/DataUpload.tsx(265,7): error TS2304: Cannot find name 'clientLogger'.
app/components/category-builder/DataUpload.tsx(280,31): error TS2304: Cannot find name 'selectedCatalogCategory'.
app/components/category-builder/DataUpload.tsx(281,81): error TS2304: Cannot find name 'selectedCatalogCategory'.
app/components/category-builder/DataUpload.tsx(296,9): error TS2304: Cannot find name 'clientLogger'.
app/components/category-builder/DataUpload.tsx(298,9): error TS2304: Cannot find name 'clientLogger'.
app/components/category-builder/DataUpload.tsx(305,7): error TS2304: Cannot find name 'clientLogger'.
app/components/category-builder/DataUpload.tsx(306,7): error TS2304: Cannot find name 'clientLogger'.
app/components/category-builder/DataUpload.tsx(307,7): error TS2304: Cannot find name 'clientLogger'.
app/components/category-builder/DataUpload.tsx(308,7): error TS2304: Cannot find name 'clientLogger'.
app/components/category-builder/DataUpload.tsx(311,7): error TS2304: Cannot find name 'clientLogger'.
app/components/category-builder/DataUpload.tsx(315,9): error TS2304: Cannot find name 'clientLogger'.
app/components/category-builder/DataUpload.tsx(316,9): error TS2304: Cannot find name 'clientLogger'.
app/components/category-builder/DataUpload.tsx(361,9): error TS2304: Cannot find name 'clientLogger'.
app/components/category-builder/DataUpload.tsx(365,7): error TS2304: Cannot find name 'clientLogger'.
app/components/category-builder/DataUpload.tsx(378,5): error TS2304: Cannot find name 'clientLogger'.
app/components/category-builder/DataUpload.tsx(379,5): error TS2304: Cannot find name 'clientLogger'.
app/components/category-builder/DataUpload.tsx(380,5): error TS2304: Cannot find name 'clientLogger'.
app/components/category-builder/DataUpload.tsx(390,7): error TS2304: Cannot find name 'clientLogger'.
app/components/category-builder/DataUpload.tsx(391,7): error TS2304: Cannot find name 'clientLogger'.
app/components/category-builder/DataUpload.tsx(392,7): error TS2304: Cannot find name 'clientLogger'.
app/components/category-builder/DataUpload.tsx(393,7): error TS2304: Cannot find name 'clientLogger'.
app/components/category-builder/DataUpload.tsx(394,7): error TS2304: Cannot find name 'clientLogger'.
app/components/category-builder/DataUpload.tsx(399,7): error TS2304: Cannot find name 'clientLogger'.
app/components/category-builder/DataUpload.tsx(410,7): error TS2304: Cannot find name 'clientLogger'.
app/components/category-builder/DataUpload.tsx(416,7): error TS2304: Cannot find name 'clientLogger'.
app/components/category-builder/DataUpload.tsx(423,7): error TS2304: Cannot find name 'clientLogger'.
app/components/category-builder/DataUpload.tsx(424,7): error TS2304: Cannot find name 'clientLogger'.
app/components/category-builder/DataUpload.tsx(425,7): error TS2304: Cannot find name 'clientLogger'.
app/components/category-builder/DataUpload.tsx(426,7): error TS2304: Cannot find name 'clientLogger'.
app/components/category-builder/DataUpload.tsx(427,7): error TS2304: Cannot find name 'clientLogger'.
app/components/category-builder/DataUpload.tsx(444,7): error TS2304: Cannot find name 'clientLogger'.
app/components/category-builder/DataUpload.tsx(468,9): error TS2304: Cannot find name 'clientLogger'.
app/components/category-builder/DataUpload.tsx(470,9): error TS2304: Cannot find name 'clientLogger'.
app/components/category-builder/DataUpload.tsx(477,7): error TS2304: Cannot find name 'clientLogger'.
app/components/category-builder/DataUpload.tsx(478,7): error TS2304: Cannot find name 'clientLogger'.
app/components/category-builder/DataUpload.tsx(479,7): error TS2304: Cannot find name 'clientLogger'.
app/components/category-builder/DataUpload.tsx(480,7): error TS2304: Cannot find name 'clientLogger'.
app/components/category-builder/DataUpload.tsx(483,7): error TS2304: Cannot find name 'clientLogger'.
app/components/category-builder/DataUpload.tsx(487,9): error TS2304: Cannot find name 'clientLogger'.
app/components/category-builder/DataUpload.tsx(488,9): error TS2304: Cannot find name 'clientLogger'.
app/components/category-builder/DataUpload.tsx(541,7): error TS2304: Cannot find name 'clientLogger'.
app/components/category-builder/DataUpload.tsx(554,5): error TS2304: Cannot find name 'clientLogger'.
app/components/category-builder/DataUpload.tsx(559,9): error TS2304: Cannot find name 'clientLogger'.
app/components/category-builder/DataUpload.tsx(580,11): error TS2304: Cannot find name 'clientLogger'.
app/components/category-builder/DataUpload.tsx(601,9): error TS2304: Cannot find name 'clientLogger'.
app/components/category-builder/DataUpload.tsx(619,11): error TS2304: Cannot find name 'clientLogger'.
app/components/category-builder/DataUpload.tsx(627,13): error TS2304: Cannot find name 'clientLogger'.
app/components/category-builder/DataUpload.tsx(646,15): error TS2304: Cannot find name 'clientLogger'.
app/components/category-builder/DataUpload.tsx(657,9): error TS2304: Cannot find name 'clientLogger'.
app/components/category-builder/DataUpload.tsx(663,7): error TS2304: Cannot find name 'clientLogger'.
app/components/category-builder/ExportModule.tsx(4,30): error TS2307: Cannot find module '../ui' or its corresponding type declarations.
app/components/category-builder/FormulaBuilder.tsx(4,45): error TS2307: Cannot find module '../ui' or its corresponding type declarations.
app/components/category-builder/FormulaBuilder.tsx(143,30): error TS7006: Parameter 'e' implicitly has an 'any' type.
app/components/category-builder/FormulaBuilder.tsx(152,30): error TS7006: Parameter 'e' implicitly has an 'any' type.
app/components/category-builder/FormulaBuilder.tsx(159,30): error TS7006: Parameter 'e' implicitly has an 'any' type.
app/components/category-builder/FormulaBuilder.tsx(180,30): error TS7006: Parameter 'e' implicitly has an 'any' type.
app/components/category-builder/FormulaBuilder.tsx(205,30): error TS7006: Parameter 'e' implicitly has an 'any' type.
app/components/category-builder/FormulaBuilder.tsx(232,32): error TS7006: Parameter 'e' implicitly has an 'any' type.
app/components/category-builder/FormulaBuilder.tsx(240,32): error TS7006: Parameter 'e' implicitly has an 'any' type.
app/components/category-builder/FormulaBuilder.tsx(248,32): error TS7006: Parameter 'e' implicitly has an 'any' type.
app/components/category-builder/FormulaBuilder.tsx(256,32): error TS7006: Parameter 'e' implicitly has an 'any' type.
app/components/category-builder/PhotoUploader.tsx(4,38): error TS2307: Cannot find module '../ui' or its corresponding type declarations.
app/components/category-builder/PhotoUploader.tsx(47,7): error TS2304: Cannot find name 'clientLogger'.
app/components/category-builder/PhotoUploader.tsx(92,19): error TS2304: Cannot find name 'clientLogger'.
app/components/category-builder/PhotoUploader.tsx(94,19): error TS2304: Cannot find name 'clientLogger'.
app/components/category-builder/PhotoUploader.tsx(99,13): error TS2304: Cannot find name 'clientLogger'.
app/components/category-builder/PhotoUploader.tsx(100,13): error TS2304: Cannot find name 'clientLogger'.
app/components/category-builder/PhotoUploader.tsx(109,13): error TS2304: Cannot find name 'clientLogger'.
app/components/category-builder/PhotoUploader.tsx(111,15): error TS2304: Cannot find name 'clientLogger'.
app/components/category-builder/PhotoUploader.tsx(142,7): error TS2304: Cannot find name 'clientLogger'.
app/components/category-builder/PhotoUploader.tsx(148,7): error TS2304: Cannot find name 'clientLogger'.
app/components/category-builder/PhotoUploader.tsx(274,28): error TS7006: Parameter 'e' implicitly has an 'any' type.
app/components/category-builder/PhotoUploader.tsx(295,30): error TS7006: Parameter 'e' implicitly has an 'any' type.
app/components/category-builder/PhotoUploader.tsx(309,30): error TS7006: Parameter 'e' implicitly has an 'any' type.
app/components/category-builder/PreviewModule.tsx(4,30): error TS2307: Cannot find module '../ui' or its corresponding type declarations.
app/components/category-builder/PropertyMapper.tsx(4,48): error TS2307: Cannot find module '../ui' or its corresponding type declarations.
app/components/category-builder/PropertyMapper.tsx(197,36): error TS7006: Parameter 'e' implicitly has an 'any' type.
app/components/category-builder/PropertyMapper.tsx(227,36): error TS7006: Parameter 'e' implicitly has an 'any' type.
app/components/category-builder/PropertyMapper.tsx(235,36): error TS7006: Parameter 'e' implicitly has an 'any' type.
app/components/category-builder/PropertyMapper.tsx(243,36): error TS7006: Parameter 'e' implicitly has an 'any' type.
app/components/category-builder/RequiredFieldsSelector.tsx(4,48): error TS2307: Cannot find module '../ui' or its corresponding type declarations.
app/components/category-builder/RequiredFieldsSelector.tsx(49,40): error TS2448: Block-scoped variable 'detectDataType' used before its declaration.
app/components/category-builder/RequiredFieldsSelector.tsx(49,40): error TS2454: Variable 'detectDataType' is used before being assigned.
app/components/category-builder/RequiredFieldsSelector.tsx(49,56): error TS2448: Block-scoped variable 'detectOptions' used before its declaration.
app/components/category-builder/RequiredFieldsSelector.tsx(49,56): error TS2454: Variable 'detectOptions' is used before being assigned.
app/components/category-builder/RequiredFieldsSelector.tsx(169,11): error TS2304: Cannot find name 'clientLogger'.
app/components/category-builder/RequiredFieldsSelector.tsx(172,11): error TS2304: Cannot find name 'clientLogger'.
app/components/category-builder/RequiredFieldsSelector.tsx(175,9): error TS2304: Cannot find name 'clientLogger'.
app/components/category-builder/RequiredFieldsSelector.tsx(324,40): error TS7006: Parameter 'e' implicitly has an 'any' type.
app/components/category-builder/RequiredFieldsSelector.tsx(331,40): error TS7006: Parameter 'e' implicitly has an 'any' type.
app/components/category-builder/RequiredFieldsSelector.tsx(338,40): error TS7006: Parameter 'e' implicitly has an 'any' type.
app/components/category-builder/SimpleConstructor.tsx(4,30): error TS2307: Cannot find module '../ui' or its corresponding type declarations.
app/components/configurator/ConfiguratorCart.tsx(4,45): error TS2307: Cannot find module '../ui' or its corresponding type declarations.
app/components/configurator/ConfiguratorCart.tsx(185,7): error TS2304: Cannot find name 'clientLogger'.
app/components/configurator/ConfiguratorCart.tsx(495,41): error TS7006: Parameter 'value' implicitly has an 'any' type.
app/components/configurator/ConfiguratorCategoryDisplay.tsx(4,37): error TS2307: Cannot find module '../ui' or its corresponding type declarations.
app/components/configurator/ConfiguratorCategoryDisplay.tsx(92,7): error TS2304: Cannot find name 'clientLogger'.
app/components/configurator/ConfiguratorCategoryDisplay.tsx(117,15): error TS2304: Cannot find name 'clientLogger'.
app/components/configurator/ConfiguratorCategoryDisplay.tsx(178,11): error TS2304: Cannot find name 'clientLogger'.
app/components/configurator/ConfiguratorCategoryDisplay.tsx(290,58): error TS2531: Object is possibly 'null'.
app/components/configurator/ConfiguratorCategoryDisplay.tsx(292,30): error TS2531: Object is possibly 'null'.
app/components/configurator/ConfiguratorCategoryDisplay.tsx(381,58): error TS2531: Object is possibly 'null'.
app/components/configurator/ConfiguratorCategoryDisplay.tsx(383,30): error TS2531: Object is possibly 'null'.
app/components/configurator/ConfiguratorMain.tsx(4,22): error TS2307: Cannot find module '../ui' or its corresponding type declarations.
app/components/configurator/ConfiguratorMain.tsx(72,9): error TS2304: Cannot find name 'clientLogger'.
app/components/configurator/ConfiguratorMain.tsx(168,7): error TS2304: Cannot find name 'clientLogger'.
app/components/configurator/ConfiguratorMain.tsx(234,19): error TS2322: Type '{ cartItems: CartItem[]; onUpdateQuantity: (itemId: string, quantity: number) => void; onRemoveItem: (itemId: string) => void; onClearCart: () => void; onExport: (type: "quote" | "invoice" | "order", exportSettingId?: string | undefined) => Promise<...>; showGrouped: true; configuratorCategoryId: string; userRole: s...' is not assignable to type 'IntrinsicAttributes & ConfiguratorCartProps'.
  Property 'userRole' does not exist on type 'IntrinsicAttributes & ConfiguratorCartProps'.
app/components/configurator/PricingFormulaEditor.tsx(206,23): error TS2322: Type '(value: "percentage" | "fixed" | "formula") => void' is not assignable to type '(value: string) => void'.
  Types of parameters 'value' and 'value' are incompatible.
    Type 'string' is not assignable to type '"fixed" | "formula" | "percentage"'.
app/components/configurator/PricingFormulaEditor.tsx(391,28): error TS2322: Type '{ type: string; message: string; }' is not assignable to type 'IntrinsicAttributes & AlertProps'.
  Property 'type' does not exist on type 'IntrinsicAttributes & AlertProps'.
app/components/constructor/AdvancedConstructor.tsx(528,31): error TS2304: Cannot find name 'clientLogger'.
app/components/constructor/advancedTypes.ts(47,19): error TS2304: Cannot find name 'CategoryLink'.
app/components/constructor/advancedTypes.ts(81,25): error TS2304: Cannot find name 'CategoryLink'.
app/components/constructor/advancedTypes.ts(99,18): error TS2304: Cannot find name 'CategoryLink'.
app/components/constructor/blockDefinitions.ts(1,36): error TS2307: Cannot find module './types' or its corresponding type declarations.
app/components/constructor/CanvasArea.tsx(7,24): error TS2307: Cannot find module '../ui' or its corresponding type declarations.
app/components/constructor/CanvasArea.tsx(43,7): error TS2304: Cannot find name 'clientLogger'.
app/components/constructor/CanvasArea.tsx(175,33): error TS7006: Parameter 'el' implicitly has an 'any' type.
app/components/constructor/CanvasArea.tsx(186,60): error TS7006: Parameter 'element' implicitly has an 'any' type.
app/components/constructor/CartBlock.tsx(4,29): error TS2307: Cannot find module '../../lib/cart/cart-service' or its corresponding type declarations.
app/components/constructor/CartBlock.tsx(5,32): error TS2307: Cannot find module '../../lib/cart/types' or its corresponding type declarations.
app/components/constructor/CartBlock.tsx(7,37): error TS2307: Cannot find module '../documents/DocumentGeneratorSimple' or its corresponding type declarations.
app/components/constructor/CartBlock.tsx(58,48): error TS7006: Parameter 'updatedCart' implicitly has an 'any' type.
app/components/constructor/CartBlock.tsx(95,42): error TS7006: Parameter 'item' implicitly has an 'any' type.
app/components/constructor/CartBlock.tsx(151,30): error TS7006: Parameter 'option' implicitly has an 'any' type.
app/components/constructor/CartBlock.tsx(167,36): error TS7006: Parameter 'modification' implicitly has an 'any' type.
app/components/constructor/CartDisplayComponent.tsx(4,24): error TS2307: Cannot find module '../ui' or its corresponding type declarations.
app/components/constructor/CartDisplayComponent.tsx(129,16): error TS2367: This comparison appears to be unintentional because the types '"separate"' and '"main"' have no overlap.
app/components/constructor/CartDisplayComponent.tsx(129,57): error TS2339: Property 'categoryLink' does not exist on type '{ type: "separate"; items: CartItem[]; subtotal: number; label: string; }'.
app/components/constructor/CartDisplayComponent.tsx(148,35): error TS2339: Property 'categoryLink' does not exist on type '{ type: "separate"; items: CartItem[]; subtotal: number; label: string; }'.
app/components/constructor/CartDisplayComponent.tsx(150,39): error TS2339: Property 'categoryLink' does not exist on type '{ type: "separate"; items: CartItem[]; subtotal: number; label: string; }'.
app/components/constructor/CatalogSelector.tsx(4,40): error TS2307: Cannot find module '../ui' or its corresponding type declarations.
app/components/constructor/CatalogSelector.tsx(49,9): error TS2304: Cannot find name 'clientLogger'.
app/components/constructor/CatalogSelector.tsx(53,7): error TS2304: Cannot find name 'clientLogger'.
app/components/constructor/CatalogSelector.tsx(132,25): error TS7006: Parameter 'e' implicitly has an 'any' type.
app/components/constructor/CategoryConstructor.tsx(4,55): error TS2307: Cannot find module '../ui' or its corresponding type declarations.
app/components/constructor/CategoryConstructor.tsx(17,28): error TS2307: Cannot find module './PropertyMapper' or its corresponding type declarations.
app/components/constructor/CategoryConstructor.tsx(396,5): error TS2304: Cannot find name 'clientLogger'.
app/components/constructor/CategoryConstructor.tsx(524,30): error TS7006: Parameter 'e' implicitly has an 'any' type.
app/components/constructor/CategoryConstructor.tsx(536,34): error TS7006: Parameter 'checked' implicitly has an 'any' type.
app/components/constructor/CategoryConstructor.tsx(537,25): error TS2322: Type '{ multiSelect: any; selectedCategories?: string[] | undefined; showProductCount?: boolean | undefined; }' is not assignable to type '{ selectedCategories: string[]; multiSelect: boolean; showProductCount: boolean; }'.
  Types of property 'selectedCategories' are incompatible.
    Type 'string[] | undefined' is not assignable to type 'string[]'.
      Type 'undefined' is not assignable to type 'string[]'.
app/components/constructor/CategoryConstructor.tsx(548,34): error TS7006: Parameter 'checked' implicitly has an 'any' type.
app/components/constructor/CategoryConstructor.tsx(549,25): error TS2322: Type '{ showProductCount: any; selectedCategories?: string[] | undefined; multiSelect?: boolean | undefined; }' is not assignable to type '{ selectedCategories: string[]; multiSelect: boolean; showProductCount: boolean; }'.
  Types of property 'selectedCategories' are incompatible.
    Type 'string[] | undefined' is not assignable to type 'string[]'.
      Type 'undefined' is not assignable to type 'string[]'.
app/components/constructor/CategoryConstructor.tsx(565,32): error TS7006: Parameter 'value' implicitly has an 'any' type.
app/components/constructor/CategoryConstructor.tsx(566,23): error TS2322: Type '{ layout: "grid" | "list"; showFields?: string[] | undefined; requiredFields?: string[] | undefined; }' is not assignable to type '{ showFields: string[]; requiredFields: string[]; layout: "list" | "grid"; }'.
  Types of property 'showFields' are incompatible.
    Type 'string[] | undefined' is not assignable to type 'string[]'.
      Type 'undefined' is not assignable to type 'string[]'.
app/components/constructor/CategoryConstructor.tsx(701,25): error TS2322: Type '{ selectedCategories: string[]; multiSelect?: boolean | undefined; showProductCount?: boolean | undefined; }' is not assignable to type '{ selectedCategories: string[]; multiSelect: boolean; showProductCount: boolean; }'.
  Types of property 'multiSelect' are incompatible.
    Type 'boolean | undefined' is not assignable to type 'boolean'.
app/components/constructor/CategoryConstructor.tsx(716,40): error TS7006: Parameter 'fields' implicitly has an 'any' type.
app/components/constructor/CategoryConstructor.tsx(719,27): error TS2322: Type '{ showFields: any; requiredFields: any; layout?: "list" | "grid" | undefined; }' is not assignable to type '{ showFields: string[]; requiredFields: string[]; layout: "list" | "grid"; }'.
  Types of property 'layout' are incompatible.
    Type '"list" | "grid" | undefined' is not assignable to type '"list" | "grid"'.
      Type 'undefined' is not assignable to type '"list" | "grid"'.
app/components/constructor/CategoryConstructor.tsx(721,55): error TS7006: Parameter 'f' implicitly has an 'any' type.
app/components/constructor/CategoryConstructor.tsx(721,77): error TS7006: Parameter 'f' implicitly has an 'any' type.
app/components/constructor/CategoryConstructor.tsx(722,59): error TS7006: Parameter 'f' implicitly has an 'any' type.
app/components/constructor/CategoryConstructor.tsx(722,82): error TS7006: Parameter 'f' implicitly has an 'any' type.
app/components/constructor/CategoryConstructor.tsx(726,48): error TS7006: Parameter 'requiredFields' implicitly has an 'any' type.
app/components/constructor/CategoryConstructor.tsx(728,27): error TS2322: Type '{ requiredFields: any; showFields?: string[] | undefined; layout?: "list" | "grid" | undefined; }' is not assignable to type '{ showFields: string[]; requiredFields: string[]; layout: "list" | "grid"; }'.
  Types of property 'showFields' are incompatible.
    Type 'string[] | undefined' is not assignable to type 'string[]'.
      Type 'undefined' is not assignable to type 'string[]'.
app/components/constructor/CategoryConstructor.tsx(743,23): error TS2322: Type '{ name: string; formula: string; }[]' is not assignable to type 'CustomFormula[]'.
  Type '{ name: string; formula: string; }' is missing the following properties from type 'CustomFormula': id, variables
app/components/constructor/CategoryConstructor.tsx(745,25): error TS2322: Type '{ priceFormula: string; discountFormula?: string | undefined; customFormulas?: { name: string; formula: string; }[] | undefined; }' is not assignable to type '{ priceFormula: string; discountFormula: string; customFormulas: { name: string; formula: string; }[]; }'.
  Types of property 'discountFormula' are incompatible.
    Type 'string | undefined' is not assignable to type 'string'.
      Type 'undefined' is not assignable to type 'string'.
app/components/constructor/CategoryConstructor.tsx(751,25): error TS2322: Type '{ discountFormula: string; priceFormula?: string | undefined; customFormulas?: { name: string; formula: string; }[] | undefined; }' is not assignable to type '{ priceFormula: string; discountFormula: string; customFormulas: { name: string; formula: string; }[]; }'.
  Types of property 'priceFormula' are incompatible.
    Type 'string | undefined' is not assignable to type 'string'.
      Type 'undefined' is not assignable to type 'string'.
app/components/constructor/CategoryConstructor.tsx(757,25): error TS2322: Type '{ customFormulas: CustomFormula[]; priceFormula?: string | undefined; discountFormula?: string | undefined; }' is not assignable to type '{ priceFormula: string; discountFormula: string; customFormulas: { name: string; formula: string; }[]; }'.
  Types of property 'priceFormula' are incompatible.
    Type 'string | undefined' is not assignable to type 'string'.
      Type 'undefined' is not assignable to type 'string'.
app/components/constructor/CategorySelector.tsx(86,3): error TS2304: Cannot find name 'clientLogger'.
app/components/constructor/CategoryTreeSelector.tsx(72,3): error TS2304: Cannot find name 'clientLogger'.
app/components/constructor/CategoryTreeSelector.tsx(73,3): error TS2304: Cannot find name 'clientLogger'.
app/components/constructor/CategoryTreeSelector.tsx(74,3): error TS2304: Cannot find name 'clientLogger'.
app/components/constructor/CategoryTreeSelector.tsx(78,3): error TS2304: Cannot find name 'clientLogger'.
app/components/constructor/Constructor.tsx(6,29): error TS2307: Cannot find module './PropertiesPanel' or its corresponding type declarations.
app/components/constructor/Constructor.tsx(8,30): error TS2307: Cannot find module './SmartSuggestions' or its corresponding type declarations.
app/components/constructor/ConstructorContext.tsx(4,78): error TS2307: Cannot find module './types' or its corresponding type declarations.
app/components/constructor/ConstructorContext.tsx(5,30): error TS2307: Cannot find module '../../lib/utils/uuid' or its corresponding type declarations.
app/components/constructor/ConstructorContext.tsx(57,39): error TS7006: Parameter 'el' implicitly has an 'any' type.
app/components/constructor/ConstructorContext.tsx(66,42): error TS7006: Parameter 'el' implicitly has an 'any' type.
app/components/constructor/ConstructorContext.tsx(81,39): error TS7006: Parameter 'el' implicitly has an 'any' type.
app/components/constructor/ConstructorContext.tsx(92,39): error TS7006: Parameter 'el' implicitly has an 'any' type.
app/components/constructor/ConstructorContext.tsx(101,55): error TS7006: Parameter 'el' implicitly has an 'any' type.
app/components/constructor/ConstructorContext.tsx(232,48): error TS7006: Parameter 'el' implicitly has an 'any' type.
app/components/constructor/ConstructorToolbar.tsx(4,24): error TS2307: Cannot find module '../ui' or its corresponding type declarations.
app/components/constructor/ConstructorToolbar.tsx(56,9): error TS2304: Cannot find name 'clientLogger'.
app/components/constructor/ConstructorToolbar.tsx(59,7): error TS2304: Cannot find name 'clientLogger'.
app/components/constructor/ConstructorToolbar.tsx(83,11): error TS2304: Cannot find name 'clientLogger'.
app/components/constructor/DetailedBlockEditor.tsx(4,74): error TS2307: Cannot find module '../ui' or its corresponding type declarations.
app/components/constructor/DetailedBlockEditor.tsx(120,11): error TS2304: Cannot find name 'clientLogger'.
app/components/constructor/DetailedBlockEditor.tsx(153,79): error TS2448: Block-scoped variable 'handleBlockUpdate' used before its declaration.
app/components/constructor/DetailedBlockEditor.tsx(153,79): error TS2454: Variable 'handleBlockUpdate' is used before being assigned.
app/components/constructor/DetailedBlockEditor.tsx(239,5): error TS2304: Cannot find name 'clientLogger'.
app/components/constructor/DetailedBlockEditor.tsx(240,5): error TS2304: Cannot find name 'clientLogger'.
app/components/constructor/DetailedBlockEditor.tsx(245,7): error TS2304: Cannot find name 'clientLogger'.
app/components/constructor/DetailedBlockEditor.tsx(248,7): error TS2304: Cannot find name 'clientLogger'.
app/components/constructor/DetailedBlockEditor.tsx(252,9): error TS2304: Cannot find name 'clientLogger'.
app/components/constructor/DetailedBlockEditor.tsx(255,11): error TS2304: Cannot find name 'clientLogger'.
app/components/constructor/DetailedBlockEditor.tsx(268,19): error TS2304: Cannot find name 'clientLogger'.
app/components/constructor/DetailedBlockEditor.tsx(272,15): error TS2304: Cannot find name 'clientLogger'.
app/components/constructor/DetailedBlockEditor.tsx(273,15): error TS2304: Cannot find name 'clientLogger'.
app/components/constructor/DetailedBlockEditor.tsx(290,19): error TS2304: Cannot find name 'clientLogger'.
app/components/constructor/DetailedBlockEditor.tsx(308,19): error TS2304: Cannot find name 'clientLogger'.
app/components/constructor/DetailedBlockEditor.tsx(319,11): error TS2304: Cannot find name 'clientLogger'.
app/components/constructor/DetailedBlockEditor.tsx(320,11): error TS2304: Cannot find name 'clientLogger'.
app/components/constructor/DetailedBlockEditor.tsx(328,11): error TS2304: Cannot find name 'clientLogger'.
app/components/constructor/DetailedBlockEditor.tsx(333,11): error TS2304: Cannot find name 'clientLogger'.
app/components/constructor/DetailedBlockEditor.tsx(336,9): error TS2304: Cannot find name 'clientLogger'.
app/components/constructor/DetailedBlockEditor.tsx(339,7): error TS2304: Cannot find name 'clientLogger'.
app/components/constructor/DetailedBlockEditor.tsx(474,38): error TS7006: Parameter 'e' implicitly has an 'any' type.
app/components/constructor/DetailedBlockEditor.tsx(488,40): error TS7006: Parameter 'e' implicitly has an 'any' type.
app/components/constructor/DetailedBlockEditor.tsx(498,40): error TS7006: Parameter 'e' implicitly has an 'any' type.
app/components/constructor/DetailedBlockEditor.tsx(515,38): error TS7006: Parameter 'e' implicitly has an 'any' type.
app/components/constructor/DetailedBlockEditor.tsx(542,42): error TS7006: Parameter 'e' implicitly has an 'any' type.
app/components/constructor/DetailedBlockEditor.tsx(552,42): error TS7006: Parameter 'e' implicitly has an 'any' type.
app/components/constructor/DetailedBlockEditor.tsx(594,40): error TS7006: Parameter 'e' implicitly has an 'any' type.
app/components/constructor/DetailedBlockEditor.tsx(679,38): error TS7006: Parameter 'e' implicitly has an 'any' type.
app/components/constructor/DetailedBlockEditor.tsx(692,38): error TS7006: Parameter 'e' implicitly has an 'any' type.
app/components/constructor/DetailedBlockEditor.tsx(701,45): error TS7006: Parameter 'checked' implicitly has an 'any' type.
app/components/constructor/DetailedBlockEditor.tsx(753,38): error TS7006: Parameter 'e' implicitly has an 'any' type.
app/components/constructor/DetailedBlockEditor.tsx(772,38): error TS7006: Parameter 'e' implicitly has an 'any' type.
app/components/constructor/DetailedBlockEditor.tsx(827,47): error TS7006: Parameter 'checked' implicitly has an 'any' type.
app/components/constructor/DetailedBlockEditor.tsx(840,47): error TS7006: Parameter 'checked' implicitly has an 'any' type.
app/components/constructor/DetailedBlockEditor.tsx(853,47): error TS7006: Parameter 'checked' implicitly has an 'any' type.
app/components/constructor/DetailedBlockEditor.tsx(866,47): error TS7006: Parameter 'checked' implicitly has an 'any' type.
app/components/constructor/DetailedBlockEditor.tsx(879,47): error TS7006: Parameter 'checked' implicitly has an 'any' type.
app/components/constructor/DetailedBlockEditor.tsx(948,53): error TS7006: Parameter 'checked' implicitly has an 'any' type.
app/components/constructor/DetailedBlockEditor.tsx(1128,59): error TS7006: Parameter 'checked' implicitly has an 'any' type.
app/components/constructor/DetailedBlockEditor.tsx(1261,45): error TS7006: Parameter 'checked' implicitly has an 'any' type.
app/components/constructor/DetailedBlockEditor.tsx(1289,35): error TS2353: Object literal may only specify known properties, and 'simpleMode' does not exist in type 'BlockSettings'.
app/components/constructor/ElementRenderer.tsx(4,36): error TS2307: Cannot find module './types' or its corresponding type declarations.
app/components/constructor/ElementRenderer.tsx(6,24): error TS2307: Cannot find module '../ui' or its corresponding type declarations.
app/components/constructor/ElementRenderer.tsx(295,36): error TS7006: Parameter 'child' implicitly has an 'any' type.
app/components/constructor/ElementRenderer.tsx(310,36): error TS7006: Parameter 'child' implicitly has an 'any' type.
app/components/constructor/ElementRenderer.tsx(329,36): error TS7006: Parameter 'child' implicitly has an 'any' type.
app/components/constructor/FormulaBuilder.tsx(4,55): error TS2307: Cannot find module '../ui' or its corresponding type declarations.
app/components/constructor/FormulaBuilder.tsx(153,24): error TS7006: Parameter 'e' implicitly has an 'any' type.
app/components/constructor/FormulaBuilder.tsx(202,30): error TS7006: Parameter 'e' implicitly has an 'any' type.
app/components/constructor/FormulaBuilder.tsx(315,34): error TS7006: Parameter 'e' implicitly has an 'any' type.
app/components/constructor/FormulaBuilder.tsx(331,34): error TS7006: Parameter 'e' implicitly has an 'any' type.
app/components/constructor/FormulaBuilder.tsx(339,34): error TS7006: Parameter 'e' implicitly has an 'any' type.
app/components/constructor/hooks/useCatalogData.ts(100,7): error TS2304: Cannot find name 'clientLogger'.
app/components/constructor/hooks/useCatalogData.ts(129,7): error TS2304: Cannot find name 'clientLogger'.
app/components/constructor/hooks/useCatalogData.ts(153,7): error TS2304: Cannot find name 'clientLogger'.
app/components/constructor/hooks/useCatalogData.ts(183,7): error TS2304: Cannot find name 'clientLogger'.
app/components/constructor/hooks/useCatalogData.ts(206,7): error TS2304: Cannot find name 'clientLogger'.
app/components/constructor/hooks/useCatalogData.ts(226,7): error TS2304: Cannot find name 'clientLogger'.
app/components/constructor/ImagePreviewSettings.tsx(4,39): error TS2307: Cannot find module '../ui' or its corresponding type declarations.
app/components/constructor/ImagePreviewSettings.tsx(6,66): error TS2307: Cannot find module './professionalTypes' or its corresponding type declarations.
app/components/constructor/ImagePreviewSettings.tsx(65,24): error TS7006: Parameter 'e' implicitly has an 'any' type.
app/components/constructor/ImagePreviewSettings.tsx(76,29): error TS7006: Parameter 'value' implicitly has an 'any' type.
app/components/constructor/ImagePreviewSettings.tsx(95,22): error TS7006: Parameter 'e' implicitly has an 'any' type.
app/components/constructor/modern/ModernConstructor.tsx(89,23): error TS2304: Cannot find name 'clientLogger'.
app/components/constructor/modern/ModernConstructor.tsx(95,22): error TS2322: Type '(type: Block["type"]) => void' is not assignable to type '(type: string) => void'.
  Types of parameters 'type' and 'type' are incompatible.
    Type 'string' is not assignable to type '"text" | "cart" | "image" | "spacer" | "container" | "product-detail" | "product-catalog"'.
app/components/constructor/ProductCatalogBlock.tsx(4,62): error TS2307: Cannot find module '../ui' or its corresponding type declarations.
app/components/constructor/ProductCatalogBlock.tsx(5,35): error TS2307: Cannot find module './PropertyValueSelector' or its corresponding type declarations.
app/components/constructor/ProductCatalogBlock.tsx(159,7): error TS2304: Cannot find name 'clientLogger'.
app/components/constructor/ProductCatalogBlock.tsx(430,19): error TS2304: Cannot find name 'clientLogger'.
app/components/constructor/ProductCatalogBlock.tsx(459,31): error TS7006: Parameter 'value' implicitly has an 'any' type.
app/components/constructor/ProductCatalogBlock.tsx(619,30): error TS7006: Parameter 'e' implicitly has an 'any' type.
app/components/constructor/ProductCatalogBlock.tsx(629,24): error TS7006: Parameter 'e' implicitly has an 'any' type.
app/components/constructor/ProductCatalogBlock.tsx(660,32): error TS7006: Parameter 'e' implicitly has an 'any' type.
app/components/constructor/ProductDetailBlock.tsx(4,39): error TS2307: Cannot find module '../ui' or its corresponding type declarations.
app/components/constructor/ProductDetailBlock.tsx(7,35): error TS2307: Cannot find module './professionalTypes' or its corresponding type declarations.
app/components/constructor/ProductDetailBlock.tsx(65,29): error TS7006: Parameter 'value' implicitly has an 'any' type.
app/components/constructor/ProductDetailBlock.tsx(136,30): error TS7006: Parameter 'e' implicitly has an 'any' type.
app/components/constructor/professional/components/CalculatorComponents.tsx(40,9): error TS2353: Object literal may only specify known properties, and 'component' does not exist in type 'CalculatorComponent'.
app/components/constructor/professional/components/ComponentLibrary.tsx(13,29): error TS2307: Cannot find module '../ProfessionalPageBuilder' or its corresponding type declarations.
app/components/constructor/professional/components/UniversalProductComponents.tsx(10,29): error TS2307: Cannot find module '../ProfessionalPageBuilder' or its corresponding type declarations.
app/components/constructor/professional/components/UniversalProductComponents.tsx(109,7): error TS2304: Cannot find name 'clientLogger'.
app/components/constructor/professional/elements/DoorConfiguratorRenderer.tsx(8,29): error TS2307: Cannot find module '../ProfessionalPageBuilder' or its corresponding type declarations.
app/components/constructor/professional/elements/DoorConfiguratorRenderer.tsx(126,22): error TS2339: Property 'id' does not exist on type 'DoorConfiguratorElement'.
app/components/constructor/professional/elements/DoorConfiguratorRenderer.tsx(137,34): error TS2339: Property 'id' does not exist on type 'DoorConfiguratorElement'.
app/components/constructor/professional/elements/DoorConfiguratorRenderer.tsx(427,23): error TS2339: Property 'style' does not exist on type 'DoorConfiguratorElement'.
app/components/constructor/professional/elements/DoorConfiguratorRenderer.tsx(428,22): error TS2339: Property 'style' does not exist on type 'DoorConfiguratorElement'.
app/components/constructor/professional/elements/DoorConfiguratorRenderer.tsx(429,24): error TS2339: Property 'style' does not exist on type 'DoorConfiguratorElement'.
app/components/constructor/professional/elements/DoorConfiguratorRenderer.tsx(430,25): error TS2339: Property 'style' does not exist on type 'DoorConfiguratorElement'.
app/components/constructor/professional/elements/DoorConfiguratorRenderer.tsx(431,25): error TS2339: Property 'style' does not exist on type 'DoorConfiguratorElement'.
app/components/constructor/professional/elements/DoorConfiguratorRenderer.tsx(433,39): error TS2339: Property 'id' does not exist on type 'DoorConfiguratorElement'.
app/components/constructor/professional/elements/PriceCalculatorRenderer.tsx(9,29): error TS2307: Cannot find module '../ProfessionalPageBuilder' or its corresponding type declarations.
app/components/constructor/professional/elements/PriceCalculatorRenderer.tsx(89,7): error TS2304: Cannot find name 'clientLogger'.
app/components/constructor/professional/elements/PriceCalculatorRenderer.tsx(169,22): error TS2339: Property 'id' does not exist on type 'PriceCalculatorElement'.
app/components/constructor/professional/elements/PriceCalculatorRenderer.tsx(374,23): error TS2339: Property 'style' does not exist on type 'PriceCalculatorElement'.
app/components/constructor/professional/elements/PriceCalculatorRenderer.tsx(375,22): error TS2339: Property 'style' does not exist on type 'PriceCalculatorElement'.
app/components/constructor/professional/elements/PriceCalculatorRenderer.tsx(376,24): error TS2339: Property 'style' does not exist on type 'PriceCalculatorElement'.
app/components/constructor/professional/elements/PriceCalculatorRenderer.tsx(377,25): error TS2339: Property 'style' does not exist on type 'PriceCalculatorElement'.
app/components/constructor/professional/elements/PriceCalculatorRenderer.tsx(378,25): error TS2339: Property 'style' does not exist on type 'PriceCalculatorElement'.
app/components/constructor/professional/elements/PriceCalculatorRenderer.tsx(380,39): error TS2339: Property 'id' does not exist on type 'PriceCalculatorElement'.
app/components/constructor/professional/elements/ProductElementRenderer.tsx(9,29): error TS2307: Cannot find module '../ProfessionalPageBuilder' or its corresponding type declarations.
app/components/constructor/professional/elements/ProductElementRenderer.tsx(74,7): error TS2304: Cannot find name 'clientLogger'.
app/components/constructor/professional/elements/ProductElementRenderer.tsx(98,7): error TS2304: Cannot find name 'clientLogger'.
app/components/constructor/professional/elements/ProductElementRenderer.tsx(113,22): error TS2339: Property 'id' does not exist on type 'ProductElement'.
app/components/constructor/professional/elements/ProductElementRenderer.tsx(118,22): error TS2339: Property 'id' does not exist on type 'ProductElement'.
app/components/constructor/professional/elements/ProductElementRenderer.tsx(123,22): error TS2339: Property 'id' does not exist on type 'ProductElement'.
app/components/constructor/professional/elements/ProductElementRenderer.tsx(225,21): error TS2339: Property 'type' does not exist on type 'ProductElement'.
app/components/constructor/professional/elements/ProductElementRenderer.tsx(381,64): error TS2339: Property 'name' does not exist on type 'ProductElement'.
app/components/constructor/professional/elements/ProductElementRenderer.tsx(391,23): error TS2339: Property 'style' does not exist on type 'ProductElement'.
app/components/constructor/professional/elements/ProductElementRenderer.tsx(392,22): error TS2339: Property 'style' does not exist on type 'ProductElement'.
app/components/constructor/professional/elements/ProductElementRenderer.tsx(393,24): error TS2339: Property 'style' does not exist on type 'ProductElement'.
app/components/constructor/professional/elements/ProductElementRenderer.tsx(394,25): error TS2339: Property 'style' does not exist on type 'ProductElement'.
app/components/constructor/professional/elements/ProductElementRenderer.tsx(395,25): error TS2339: Property 'style' does not exist on type 'ProductElement'.
app/components/constructor/professional/elements/ProductElementRenderer.tsx(397,39): error TS2339: Property 'id' does not exist on type 'ProductElement'.
app/components/constructor/professional/elements/ProductFilterRenderer.tsx(8,29): error TS2307: Cannot find module '../ProfessionalPageBuilder' or its corresponding type declarations.
app/components/constructor/professional/elements/ProductFilterRenderer.tsx(83,7): error TS2304: Cannot find name 'clientLogger'.
app/components/constructor/professional/elements/ProductFilterRenderer.tsx(97,22): error TS2339: Property 'id' does not exist on type 'ProductFilterElement'.
app/components/constructor/professional/elements/ProductFilterRenderer.tsx(101,9): error TS2740: Type 'FilterState' is missing the following properties from type 'any[]': length, pop, push, concat, and 29 more.
app/components/constructor/professional/elements/ProductFilterRenderer.tsx(109,39): error TS2339: Property 'id' does not exist on type 'ProductFilterElement'.
app/components/constructor/professional/elements/ProductFilterRenderer.tsx(379,23): error TS2339: Property 'style' does not exist on type 'ProductFilterElement'.
app/components/constructor/professional/elements/ProductFilterRenderer.tsx(380,22): error TS2339: Property 'style' does not exist on type 'ProductFilterElement'.
app/components/constructor/professional/elements/ProductFilterRenderer.tsx(381,24): error TS2339: Property 'style' does not exist on type 'ProductFilterElement'.
app/components/constructor/professional/elements/ProductFilterRenderer.tsx(382,25): error TS2339: Property 'style' does not exist on type 'ProductFilterElement'.
app/components/constructor/professional/elements/ProductFilterRenderer.tsx(383,25): error TS2339: Property 'style' does not exist on type 'ProductFilterElement'.
app/components/constructor/professional/elements/ProductFilterRenderer.tsx(385,39): error TS2339: Property 'id' does not exist on type 'ProductFilterElement'.
app/components/constructor/professional/hooks/useHistory.ts(4,30): error TS2307: Cannot find module '../ProfessionalPageBuilder' or its corresponding type declarations.
app/components/constructor/professional/integration/ProductDataProvider.tsx(106,7): error TS2304: Cannot find name 'clientLogger'.
app/components/constructor/professional/integration/ProductDataProvider.tsx(119,7): error TS2304: Cannot find name 'clientLogger'.
app/components/constructor/professional/integration/ProductDataProvider.tsx(140,7): error TS2304: Cannot find name 'clientLogger'.
app/components/constructor/professional/layout/DoorConfiguratorPropertiesPanel.tsx(5,29): error TS2307: Cannot find module '../ProfessionalPageBuilder' or its corresponding type declarations.
app/components/constructor/professional/layout/DoorConfiguratorPropertiesPanel.tsx(35,7): error TS2304: Cannot find name 'clientLogger'.
app/components/constructor/professional/layout/DoorConfiguratorPropertiesPanel.tsx(40,37): error TS2339: Property 'id' does not exist on type 'DoorConfiguratorElement'.
app/components/constructor/professional/layout/DoorConfiguratorPropertiesPanel.tsx(46,37): error TS2339: Property 'id' does not exist on type 'DoorConfiguratorElement'.
app/components/constructor/professional/layout/DoorConfiguratorPropertiesPanel.tsx(47,35): error TS2339: Property 'style' does not exist on type 'DoorConfiguratorElement'.
app/components/constructor/professional/layout/DoorConfiguratorPropertiesPanel.tsx(301,36): error TS2339: Property 'style' does not exist on type 'DoorConfiguratorElement'.
app/components/constructor/professional/layout/DoorConfiguratorPropertiesPanel.tsx(311,36): error TS2339: Property 'style' does not exist on type 'DoorConfiguratorElement'.
app/components/constructor/professional/layout/DoorConfiguratorPropertiesPanel.tsx(321,36): error TS2339: Property 'style' does not exist on type 'DoorConfiguratorElement'.
app/components/constructor/professional/layout/DoorConfiguratorPropertiesPanel.tsx(331,36): error TS2339: Property 'style' does not exist on type 'DoorConfiguratorElement'.
app/components/constructor/professional/layout/DoorConfiguratorPropertiesPanel.tsx(341,34): error TS2339: Property 'style' does not exist on type 'DoorConfiguratorElement'.
app/components/constructor/professional/layout/LayerPanel.tsx(5,29): error TS2307: Cannot find module '../ProfessionalPageBuilder' or its corresponding type declarations.
app/components/constructor/professional/layout/PagesPanel.tsx(5,22): error TS2307: Cannot find module '../ProfessionalPageBuilder' or its corresponding type declarations.
app/components/constructor/professional/layout/PriceCalculatorPropertiesPanel.tsx(5,29): error TS2307: Cannot find module '../ProfessionalPageBuilder' or its corresponding type declarations.
app/components/constructor/professional/layout/PriceCalculatorPropertiesPanel.tsx(35,7): error TS2304: Cannot find name 'clientLogger'.
app/components/constructor/professional/layout/PriceCalculatorPropertiesPanel.tsx(40,37): error TS2339: Property 'id' does not exist on type 'PriceCalculatorElement'.
app/components/constructor/professional/layout/PriceCalculatorPropertiesPanel.tsx(46,37): error TS2339: Property 'id' does not exist on type 'PriceCalculatorElement'.
app/components/constructor/professional/layout/PriceCalculatorPropertiesPanel.tsx(47,35): error TS2339: Property 'style' does not exist on type 'PriceCalculatorElement'.
app/components/constructor/professional/layout/PriceCalculatorPropertiesPanel.tsx(257,36): error TS2339: Property 'style' does not exist on type 'PriceCalculatorElement'.
app/components/constructor/professional/layout/PriceCalculatorPropertiesPanel.tsx(267,36): error TS2339: Property 'style' does not exist on type 'PriceCalculatorElement'.
app/components/constructor/professional/layout/PriceCalculatorPropertiesPanel.tsx(277,36): error TS2339: Property 'style' does not exist on type 'PriceCalculatorElement'.
app/components/constructor/professional/layout/PriceCalculatorPropertiesPanel.tsx(287,36): error TS2339: Property 'style' does not exist on type 'PriceCalculatorElement'.
app/components/constructor/professional/layout/PriceCalculatorPropertiesPanel.tsx(297,34): error TS2339: Property 'style' does not exist on type 'PriceCalculatorElement'.
app/components/constructor/professional/layout/ProductFilterPropertiesPanel.tsx(5,29): error TS2307: Cannot find module '../ProfessionalPageBuilder' or its corresponding type declarations.
app/components/constructor/professional/layout/ProductFilterPropertiesPanel.tsx(35,7): error TS2304: Cannot find name 'clientLogger'.
app/components/constructor/professional/layout/ProductFilterPropertiesPanel.tsx(40,37): error TS2339: Property 'id' does not exist on type 'ProductFilterElement'.
app/components/constructor/professional/layout/ProductFilterPropertiesPanel.tsx(46,37): error TS2339: Property 'id' does not exist on type 'ProductFilterElement'.
app/components/constructor/professional/layout/ProductFilterPropertiesPanel.tsx(47,35): error TS2339: Property 'style' does not exist on type 'ProductFilterElement'.
app/components/constructor/professional/layout/ProductFilterPropertiesPanel.tsx(246,36): error TS2339: Property 'style' does not exist on type 'ProductFilterElement'.
app/components/constructor/professional/layout/ProductFilterPropertiesPanel.tsx(256,36): error TS2339: Property 'style' does not exist on type 'ProductFilterElement'.
app/components/constructor/professional/layout/ProductFilterPropertiesPanel.tsx(266,36): error TS2339: Property 'style' does not exist on type 'ProductFilterElement'.
app/components/constructor/professional/layout/ProductFilterPropertiesPanel.tsx(276,36): error TS2339: Property 'style' does not exist on type 'ProductFilterElement'.
app/components/constructor/professional/layout/ProductFilterPropertiesPanel.tsx(286,34): error TS2339: Property 'style' does not exist on type 'ProductFilterElement'.
app/components/constructor/professional/layout/ProductPropertiesPanel.tsx(5,29): error TS2307: Cannot find module '../ProfessionalPageBuilder' or its corresponding type declarations.
app/components/constructor/professional/layout/ProductPropertiesPanel.tsx(35,7): error TS2304: Cannot find name 'clientLogger'.
app/components/constructor/professional/layout/ProductPropertiesPanel.tsx(40,37): error TS2339: Property 'id' does not exist on type 'ProductElement'.
app/components/constructor/professional/layout/ProductPropertiesPanel.tsx(46,37): error TS2339: Property 'id' does not exist on type 'ProductElement'.
app/components/constructor/professional/layout/ProductPropertiesPanel.tsx(47,35): error TS2339: Property 'style' does not exist on type 'ProductElement'.
app/components/constructor/professional/layout/ProductPropertiesPanel.tsx(216,36): error TS2339: Property 'style' does not exist on type 'ProductElement'.
app/components/constructor/professional/layout/ProductPropertiesPanel.tsx(226,36): error TS2339: Property 'style' does not exist on type 'ProductElement'.
app/components/constructor/professional/layout/ProductPropertiesPanel.tsx(236,36): error TS2339: Property 'style' does not exist on type 'ProductElement'.
app/components/constructor/professional/layout/ProductPropertiesPanel.tsx(246,36): error TS2339: Property 'style' does not exist on type 'ProductElement'.
app/components/constructor/professional/layout/ProductPropertiesPanel.tsx(256,34): error TS2339: Property 'style' does not exist on type 'ProductElement'.
app/components/constructor/professional/layout/ProductPropertiesPanel.tsx(267,29): error TS2339: Property 'type' does not exist on type 'ProductElement'.
app/components/constructor/professional/layout/ProductPropertiesPanel.tsx(292,46): error TS2339: Property 'formula' does not exist on type '{ categoryId?: string | undefined; showFilters?: boolean | undefined; showSearch?: boolean | undefined; itemsPerPage?: number | undefined; sortBy?: string | undefined; sortOrder?: "asc" | ... 1 more ... | undefined; ... 7 more ...; searchQuery?: string | undefined; }'.
app/components/constructor/professional/layout/PropertiesPanel.tsx(6,35): error TS2307: Cannot find module '../ProfessionalPageBuilder' or its corresponding type declarations.
app/components/constructor/professional/layout/Toolbar.tsx(5,37): error TS2724: '"lucide-react"' has no exported member named 'Paste'. Did you mean 'Pause'?
app/components/constructor/professional/layout/Toolbar.tsx(9,36): error TS2307: Cannot find module '../ProfessionalPageBuilder' or its corresponding type declarations.
app/components/constructor/professional/projects/ProjectManager.tsx(9,30): error TS2307: Cannot find module '../ProfessionalPageBuilder' or its corresponding type declarations.
app/components/constructor/professional/projects/ProjectManager.tsx(59,7): error TS2304: Cannot find name 'clientLogger'.
app/components/constructor/professional/projects/ProjectManager.tsx(70,7): error TS2304: Cannot find name 'clientLogger'.
app/components/constructor/professional/projects/ProjectManager.tsx(131,9): error TS2304: Cannot find name 'clientLogger'.
app/components/constructor/professional/projects/ProjectSaveDialog.tsx(5,30): error TS2307: Cannot find module '../ProfessionalPageBuilder' or its corresponding type declarations.
app/components/constructor/professional/templates/PageTemplates.tsx(10,35): error TS2307: Cannot find module '../ProfessionalPageBuilder' or its corresponding type declarations.
app/components/documents/DocumentTree.tsx(174,79): error TS2304: Cannot find name 'doc'.
app/components/import/SimplifiedImportDialog.tsx(4,24): error TS2307: Cannot find module '../ui/button' or its corresponding type declarations.
app/components/import/SimplifiedImportDialog.tsx(5,80): error TS2307: Cannot find module '../ui/dialog' or its corresponding type declarations.
app/components/import/SimplifiedImportDialog.tsx(6,79): error TS2307: Cannot find module '../ui/select' or its corresponding type declarations.
app/components/import/SimplifiedImportDialog.tsx(7,26): error TS1261: Already included file name 'C:/01_conf/1002doors/app/components/ui/progress.tsx' differs from file name 'C:/01_conf/1002doors/app/components/ui/Progress.tsx' only in casing.
  The file is in the program because:
    Imported via '../ui/progress' from file 'C:/01_conf/1002doors/app/components/import/SimplifiedImportDialog.tsx'
    Matched by include pattern '**/*.tsx' in 'C:/01_conf/1002doors/tsconfig.json'
app/components/import/SimplifiedImportDialog.tsx(8,23): error TS2307: Cannot find module '../ui/Badge' or its corresponding type declarations.
app/components/NotificationCenter.tsx(7,83): error TS2307: Cannot find module '@/lib/notifications/quote-notifications' or its corresponding type declarations.
app/components/page-builder/elements/Radio.tsx(4,29): error TS2307: Cannot find module '../types' or its corresponding type declarations.
app/components/UserManagement.tsx(231,65): error TS2339: Property 'role' does not exist on type 'RoleDefinition'.
app/components/UserManagement.tsx(233,39): error TS2339: Property 'role' does not exist on type 'RoleDefinition'.
app/components/UserManagement.tsx(233,57): error TS2339: Property 'role' does not exist on type 'RoleDefinition'.
app/components/UserManagement.tsx(309,73): error TS2339: Property 'role' does not exist on type 'RoleDefinition'.
app/components/UserManagement.tsx(311,47): error TS2339: Property 'role' does not exist on type 'RoleDefinition'.
app/components/UserManagement.tsx(311,65): error TS2339: Property 'role' does not exist on type 'RoleDefinition'.
app/components/UserManagement.tsx(318,44): error TS2339: Property 'role' does not exist on type 'RoleDefinition'.
app/components/UserManagement.tsx(358,28): error TS2339: Property 'role' does not exist on type 'RoleDefinition'.
app/components/UserManagement.tsx(360,112): error TS2339: Property 'role' does not exist on type 'RoleDefinition'.
app/components/UserRoleBadge.tsx(39,41): error TS2339: Property 'icon' does not exist on type 'RoleDefinition'.
app/configurator/[slug]/page.tsx(92,7): error TS2322: Type '{ configuratorCategoryId: string; configuratorCategory: ConfiguratorCategory; userRole: string; }' is not assignable to type 'IntrinsicAttributes & ConfiguratorMainProps'.
  Property 'userRole' does not exist on type 'IntrinsicAttributes & ConfiguratorMainProps'.
app/documents/[id]/page.tsx(91,48): error TS2345: Argument of type 'unknown' is not assignable to parameter of type 'string | undefined'.
app/doors/page.tsx(1934,31): error TS18047: 'selectedModelData' is possibly 'null'.
app/doors/page.tsx(2064,60): error TS2345: Argument of type 'string | null | undefined' is not assignable to parameter of type 'string | undefined'.
app/doors/page.tsx(2319,104): error TS2532: Object is possibly 'undefined'.
app/doors/page.tsx(2946,11): error TS2322: Type 'string | null' is not assignable to type 'string'.
  Type 'null' is not assignable to type 'string'.
app/doors/page.tsx(2948,11): error TS2322: Type 'Dispatch<SetStateAction<string | null>>' is not assignable to type 'Dispatch<SetStateAction<string>>'.
  Type 'SetStateAction<string>' is not assignable to type 'SetStateAction<string | null>'.
    Type '(prevState: string) => string' is not assignable to type 'SetStateAction<string | null>'.
      Type '(prevState: string) => string' is not assignable to type '(prevState: string | null) => string | null'.
        Types of parameters 'prevState' and 'prevState' are incompatible.
          Type 'string | null' is not assignable to type 'string'.
            Type 'null' is not assignable to type 'string'.
app/doors/page.tsx(3011,78): error TS2304: Cannot find name 'formatPhone'.
app/doors/page.tsx(3038,11): error TS2322: Type '{ onClose: () => void; onSuccess: (client: any) => void; }' is not assignable to type 'IntrinsicAttributes & CreateClientModalProps'.
  Property 'onSuccess' does not exist on type 'IntrinsicAttributes & CreateClientModalProps'.
app/doors/page.tsx(3038,23): error TS7006: Parameter 'client' implicitly has an 'any' type.
app/executor/dashboard/page.tsx(475,53): error TS2345: Argument of type 'number' is not assignable to parameter of type 'Record<string, unknown>'.
app/executor/dashboard/page.tsx(620,62): error TS2345: Argument of type 'string' is not assignable to parameter of type 'Record<string, unknown>'.
app/executor/dashboard/page.tsx(705,69): error TS2345: Argument of type 'string' is not assignable to parameter of type 'Record<string, unknown>'.
app/executor/dashboard/page.tsx(772,47): error TS2345: Argument of type 'string' is not assignable to parameter of type 'Record<string, unknown>'.
app/executor/dashboard/page.tsx(773,69): error TS2554: Expected 1-2 arguments, but got 3.
app/executor/dashboard/page.tsx(781,64): error TS2554: Expected 1-2 arguments, but got 3.
app/executor/dashboard/page.tsx(818,61): error TS2345: Argument of type 'string' is not assignable to parameter of type 'Record<string, unknown>'.
app/executor/dashboard/page.tsx(826,64): error TS2554: Expected 1-2 arguments, but got 3.
app/executor/dashboard/page.tsx(833,62): error TS2345: Argument of type 'number' is not assignable to parameter of type 'Record<string, unknown>'.
app/executor/dashboard/page.tsx(836,62): error TS2345: Argument of type 'number' is not assignable to parameter of type 'Record<string, unknown>'.
app/executor/dashboard/page.tsx(1087,103): error TS2345: Argument of type 'string' is not assignable to parameter of type 'Record<string, unknown>'.
app/executor/dashboard/page.tsx(1202,117): error TS2345: Argument of type 'string' is not assignable to parameter of type 'Record<string, unknown>'.
app/executor/dashboard/page.tsx(1428,94): error TS2554: Expected 1-2 arguments, but got 3.
app/lib/api-error-handler.ts(13,66): error TS2345: Argument of type 'unknown' is not assignable to parameter of type 'string | undefined'.
app/lib/export/adapters/doors.ts(5,40): error TS2307: Cannot find module '../types' or its corresponding type declarations.
app/lib/export/adapters/doors.ts(99,11): error TS2561: Object literal may only specify known properties, but 'items' does not exist in type 'QuoteSelect<DefaultArgs>'. Did you mean to write 'terms'?
app/lib/export/adapters/doors.ts(111,41): error TS2551: Property 'items' does not exist on type '{ number: string; id: string; created_at: Date; updated_at: Date; client_id: string; status: string; currency: string; subtotal: number; tax_amount: number; total_amount: number; parent_document_id: string | null; ... 5 more ...; terms: string | null; }'. Did you mean 'terms'?
app/lib/export/adapters/doors.ts(111,56): error TS2551: Property 'items' does not exist on type '{ number: string; id: string; created_at: Date; updated_at: Date; client_id: string; status: string; currency: string; subtotal: number; tax_amount: number; total_amount: number; parent_document_id: string | null; ... 5 more ...; terms: string | null; }'. Did you mean 'terms'?
app/lib/export/adapters/doors.ts(139,27): error TS2551: Property 'createdAt' does not exist on type '{ number: string; id: string; created_at: Date; updated_at: Date; client_id: string; status: string; currency: string; subtotal: number; tax_amount: number; total_amount: number; parent_document_id: string | null; ... 5 more ...; terms: string | null; }'. Did you mean 'created_at'?
app/lib/export/adapters/doors.ts(140,29): error TS2339: Property 'total' does not exist on type '{ number: string; id: string; created_at: Date; updated_at: Date; client_id: string; status: string; currency: string; subtotal: number; tax_amount: number; total_amount: number; parent_document_id: string | null; ... 5 more ...; terms: string | null; }'.
app/lib/export/adapters/doors.ts(146,71): error TS2345: Argument of type '{ error: unknown; kpId: string; }' is not assignable to parameter of type 'string'.
app/lib/export/adapters/doors.ts(189,37): error TS2339: Property 'doors_catalog' does not exist on type 'PrismaClient<PrismaClientOptions, never, DefaultArgs>'.
app/manager/dashboard/ManagerDashboardComponent.tsx(186,13): error TS2322: Type '"orange"' is not assignable to type '"red" | "blue" | "green" | "purple" | "yellow" | undefined'.
app/newmocap/page.tsx(2317,11): error TS2322: Type 'string | null' is not assignable to type 'string'.
  Type 'null' is not assignable to type 'string'.
app/newmocap/page.tsx(2319,11): error TS2322: Type 'Dispatch<SetStateAction<string | null>>' is not assignable to type 'Dispatch<SetStateAction<string>>'.
app/newmocap/page.tsx(2382,78): error TS2304: Cannot find name 'formatPhone'.
app/newmocap/page.tsx(2409,11): error TS2322: Type '{ onClose: () => void; onSuccess: (client: any) => void; }' is not assignable to type 'IntrinsicAttributes & CreateClientModalProps'.
  Property 'onSuccess' does not exist on type 'IntrinsicAttributes & CreateClientModalProps'.
app/newmocap/page.tsx(2409,23): error TS7006: Parameter 'client' implicitly has an 'any' type.
app/pages/[url]/page.tsx(24,52): error TS2345: Argument of type 'unknown' is not assignable to parameter of type 'string | undefined'.
app/preview/page.tsx(111,11): error TS2322: Type '{ page: any; viewMode: string; }' is not assignable to type 'IntrinsicAttributes & PublishedPageViewerProps'.
  Property 'viewMode' does not exist on type 'IntrinsicAttributes & PublishedPageViewerProps'.
components/admin/BulkPhotoUploader.tsx(176,13): error TS7034: Variable 'batches' implicitly has type 'any[]' in some locations where its type cannot be determined.
components/admin/BulkPhotoUploader.tsx(184,31): error TS7005: Variable 'batches' implicitly has an 'any[]' type.
components/admin/PriceListExporter.tsx(4,24): error TS2307: Cannot find module '../../../components/ui' or its corresponding type declarations.
components/auth/ClientAuthGuard.tsx(97,92): error TS2554: Expected 1-2 arguments, but got 3.
components/calculator/UniversalCalculatorBuilder.tsx(4,55): error TS2307: Cannot find module '@hello-pangea/dnd' or its corresponding type declarations.
components/calculator/UniversalCalculatorBuilder.tsx(513,17): error TS2322: Type 'CalculatorElement | null | undefined' is not assignable to type 'CalculatorElement | null'.
  Type 'undefined' is not assignable to type 'CalculatorElement | null'.
components/cart/DiscountManager.tsx(137,25): error TS2345: Argument of type '(prev: Record<string, { value: number; type: "fixed" | "percentage"; ruleName?: string | undefined; }>) => { [x: string]: { value: number; type: "fixed" | "percentage"; ruleName?: string | undefined; } | { ...; }; }' is not assignable to parameter of type 'SetStateAction<Record<string, { value: number; type: "fixed" | "percentage"; ruleName?: string | undefined; }>>'.
  Type '(prev: Record<string, { value: number; type: "fixed" | "percentage"; ruleName?: string | undefined; }>) => { [x: string]: { value: number; type: "fixed" | "percentage"; ruleName?: string | undefined; } | { ...; }; }' is not assignable to type '(prevState: Record<string, { value: number; type: "fixed" | "percentage"; ruleName?: string | undefined; }>) => Record<string, { value: number; type: "fixed" | "percentage"; ruleName?: string | undefined; }>'.
    Type '{ [x: string]: { value: number; type: "percentage" | "fixed"; ruleName?: string; } | { value: number; type: "fixed" | "percentage" | "bulk"; ruleName: string; }; }' is not assignable to type 'Record<string, { value: number; type: "fixed" | "percentage"; ruleName?: string | undefined; }>'.
      'string' index signatures are incompatible.
        Type '{ value: number; type: "fixed" | "percentage"; ruleName?: string | undefined; } | { value: number; type: "fixed" | "percentage" | "bulk"; ruleName: string; }' is not assignable to type '{ value: number; type: "fixed" | "percentage"; ruleName?: string | undefined; }'.
          Type '{ value: number; type: "fixed" | "percentage" | "bulk"; ruleName: string; }' is not assignable to type '{ value: number; type: "fixed" | "percentage"; ruleName?: string | undefined; }'.
            Types of property 'type' are incompatible.
              Type '"fixed" | "percentage" | "bulk"' is not assignable to type '"fixed" | "percentage"'.
components/cart/DiscountManager.tsx(146,49): error TS2345: Argument of type '"fixed" | "percentage" | "bulk"' is not assignable to parameter of type '"fixed" | "percentage"'.
components/cart/DiscountManager.tsx(229,53): error TS2304: Cannot find name 'item'.
components/cart/DiscountManager.tsx(300,19): error TS2322: Type '(value: "percentage" | "fixed") => void' is not assignable to type '(value: string) => void'.
  Types of parameters 'value' and 'value' are incompatible.
    Type 'string' is not assignable to type '"fixed" | "percentage"'.
components/cart/ExportToClient.tsx(100,13): error TS2322: Type '{ type: "success" | "error"; message: string; onClose: () => void; }' is not assignable to type 'IntrinsicAttributes & AlertProps'.
  Property 'type' does not exist on type 'IntrinsicAttributes & AlertProps'.
components/category-builder/DataUpload.tsx(280,31): error TS2304: Cannot find name 'selectedCatalogCategory'.
components/category-builder/DataUpload.tsx(281,81): error TS2304: Cannot find name 'selectedCatalogCategory'.
components/category-builder/PhotoUploader.tsx(145,64): error TS2345: Argument of type 'number' is not assignable to parameter of type 'Record<string, unknown>'.
components/complectator/OrderDetailsModal.tsx(652,59): error TS2345: Argument of type 'unknown' is not assignable to parameter of type 'Record<string, unknown> | undefined'.
components/complectator/OrderDetailsModal.tsx(1783,23): error TS2304: Cannot find name 'handleFilesUpload'.
components/configurator/ConfiguratorCart.tsx(101,31): error TS2448: Block-scoped variable 'groupCartItems' used before its declaration.
components/configurator/ConfiguratorCart.tsx(101,31): error TS2454: Variable 'groupCartItems' is used before being assigned.
components/configurator/ConfiguratorCart.tsx(101,47): error TS2448: Block-scoped variable 'calculateTotalPrice' used before its declaration.
components/configurator/ConfiguratorCart.tsx(101,47): error TS2454: Variable 'calculateTotalPrice' is used before being assigned.
components/configurator/ConfiguratorCart.tsx(107,31): error TS2448: Block-scoped variable 'loadExportSettings' used before its declaration.
components/configurator/ConfiguratorCart.tsx(107,31): error TS2454: Variable 'loadExportSettings' is used before being assigned.
components/configurator/ConfiguratorCategoryDisplay.tsx(291,58): error TS2531: Object is possibly 'null'.
components/configurator/ConfiguratorCategoryDisplay.tsx(293,30): error TS2531: Object is possibly 'null'.
components/configurator/ConfiguratorCategoryDisplay.tsx(382,58): error TS2531: Object is possibly 'null'.
components/configurator/ConfiguratorCategoryDisplay.tsx(384,30): error TS2531: Object is possibly 'null'.
components/configurator/PricingFormulaEditor.tsx(206,23): error TS2322: Type '(value: "percentage" | "fixed" | "formula") => void' is not assignable to type '(value: string) => void'.
  Types of parameters 'value' and 'value' are incompatible.
    Type 'string' is not assignable to type '"fixed" | "formula" | "percentage"'.
components/constructor/AdvancedConstructor.tsx(134,13): error TS2322: Type '(value: "full" | "half" | "third" | "quarter" | "custom") => void' is not assignable to type '(value: string) => void'.
  Types of parameters 'value' and 'value' are incompatible.
    Type 'string' is not assignable to type '"custom" | "full" | "half" | "third" | "quarter"'.
components/constructor/AdvancedConstructor.tsx(159,13): error TS2322: Type '(value: "left" | "center" | "right" | "justify") => void' is not assignable to type '(value: string) => void'.
  Types of parameters 'value' and 'value' are incompatible.
    Type 'string' is not assignable to type '"center" | "left" | "right" | "justify"'.
components/constructor/AdvancedConstructor.tsx(528,31): error TS2304: Cannot find name 'clientLogger'.
components/constructor/advancedTypes.ts(47,19): error TS2304: Cannot find name 'CategoryLink'.
components/constructor/advancedTypes.ts(81,25): error TS2304: Cannot find name 'CategoryLink'.
components/constructor/advancedTypes.ts(99,18): error TS2304: Cannot find name 'CategoryLink'.
components/constructor/CanvasArea.tsx(12,11): error TS2339: Property 'elements' does not exist on type 'ConstructorContextType'.
components/constructor/CanvasArea.tsx(12,48): error TS2339: Property 'selectedElementId' does not exist on type 'ConstructorContextType'.
components/constructor/CanvasArea.tsx(33,34): error TS2339: Property 'defaultProps' does not exist on type 'Partial<ConstructorElement>'.
components/constructor/CanvasArea.tsx(36,31): error TS2339: Property 'defaultSize' does not exist on type 'Partial<ConstructorElement>'.
components/constructor/CanvasArea.tsx(37,32): error TS2339: Property 'defaultSize' does not exist on type 'Partial<ConstructorElement>'.
components/constructor/CanvasArea.tsx(114,11): error TS2322: Type '"default" | "ghost"' is not assignable to type '"success" | "outline" | "primary" | "secondary" | "ghost" | "danger" | undefined'.
  Type '"default"' is not assignable to type '"success" | "outline" | "primary" | "secondary" | "ghost" | "danger" | undefined'.
components/constructor/CanvasArea.tsx(176,33): error TS7006: Parameter 'el' implicitly has an 'any' type.
components/constructor/CanvasArea.tsx(187,60): error TS7006: Parameter 'element' implicitly has an 'any' type.
components/constructor/CartDisplayComponent.tsx(129,16): error TS2367: This comparison appears to be unintentional because the types '"separate"' and '"main"' have no overlap.
components/constructor/CartDisplayComponent.tsx(129,57): error TS2339: Property 'categoryLink' does not exist on type '{ type: "separate"; items: CartItem[]; subtotal: number; label: string; }'.
components/constructor/CartDisplayComponent.tsx(148,35): error TS2339: Property 'categoryLink' does not exist on type '{ type: "separate"; items: CartItem[]; subtotal: number; label: string; }'.
components/constructor/CartDisplayComponent.tsx(150,39): error TS2339: Property 'categoryLink' does not exist on type '{ type: "separate"; items: CartItem[]; subtotal: number; label: string; }'.
components/constructor/CategoryConstructor.tsx(540,27): error TS2322: Type 'ChangeEvent<HTMLInputElement>' is not assignable to type 'boolean'.
components/constructor/CategoryConstructor.tsx(552,27): error TS2322: Type 'ChangeEvent<HTMLInputElement>' is not assignable to type 'boolean'.
components/constructor/CategoryConstructor.tsx(567,23): error TS2322: Type '{ layout: "grid" | "list"; showFields?: string[] | undefined; requiredFields?: string[] | undefined; }' is not assignable to type '{ showFields: string[]; requiredFields: string[]; layout: "list" | "grid"; }'.
  Types of property 'showFields' are incompatible.
    Type 'string[] | undefined' is not assignable to type 'string[]'.
      Type 'undefined' is not assignable to type 'string[]'.
components/constructor/CategoryConstructor.tsx(569,33): error TS2352: Conversion of type 'ChangeEvent<HTMLSelectElement>' to type '"list" | "grid"' may be a mistake because neither type sufficiently overlaps with the other. If this was intentional, convert the expression to 'unknown' first.
components/constructor/CategoryConstructor.tsx(592,17): error TS2322: Type '"destructive"' is not assignable to type '"success" | "outline" | "primary" | "secondary" | "ghost" | "danger" | undefined'.
components/constructor/CategoryConstructor.tsx(702,25): error TS2322: Type '{ selectedCategories: string[]; multiSelect?: boolean | undefined; showProductCount?: boolean | undefined; }' is not assignable to type '{ selectedCategories: string[]; multiSelect: boolean; showProductCount: boolean; }'.
  Types of property 'multiSelect' are incompatible.
    Type 'boolean | undefined' is not assignable to type 'boolean'.
components/constructor/CategoryConstructor.tsx(720,27): error TS2322: Type '{ showFields: string[]; requiredFields: string[]; layout?: "list" | "grid" | undefined; }' is not assignable to type '{ showFields: string[]; requiredFields: string[]; layout: "list" | "grid"; }'.
  Types of property 'layout' are incompatible.
    Type '"list" | "grid" | undefined' is not assignable to type '"list" | "grid"'.
components/constructor/CategoryConstructor.tsx(729,27): error TS2322: Type '{ requiredFields: string[]; showFields?: string[] | undefined; layout?: "list" | "grid" | undefined; }' is not assignable to type '{ showFields: string[]; requiredFields: string[]; layout: "list" | "grid"; }'.
  Types of property 'showFields' are incompatible.
    Type 'string[] | undefined' is not assignable to type 'string[]'.
      Type 'undefined' is not assignable to type 'string[]'.
components/constructor/CategoryConstructor.tsx(744,23): error TS2322: Type '{ name: string; formula: string; }[]' is not assignable to type 'CustomFormula[]'.
  Type '{ name: string; formula: string; }' is missing the following properties from type 'CustomFormula': id, variables
components/constructor/CategoryConstructor.tsx(746,25): error TS2322: Type '{ priceFormula: string; discountFormula?: string | undefined; customFormulas?: { name: string; formula: string; }[] | undefined; }' is not assignable to type '{ priceFormula: string; discountFormula: string; customFormulas: { name: string; formula: string; }[]; }'.
  Types of property 'discountFormula' are incompatible.
    Type 'string | undefined' is not assignable to type 'string'.
      Type 'undefined' is not assignable to type 'string'.
components/constructor/CategoryConstructor.tsx(752,25): error TS2322: Type '{ discountFormula: string; priceFormula?: string | undefined; customFormulas?: { name: string; formula: string; }[] | undefined; }' is not assignable to type '{ priceFormula: string; discountFormula: string; customFormulas: { name: string; formula: string; }[]; }'.
  Types of property 'priceFormula' are incompatible.
    Type 'string | undefined' is not assignable to type 'string'.
      Type 'undefined' is not assignable to type 'string'.
components/constructor/CategoryConstructor.tsx(758,25): error TS2322: Type '{ customFormulas: CustomFormula[]; priceFormula?: string | undefined; discountFormula?: string | undefined; }' is not assignable to type '{ priceFormula: string; discountFormula: string; customFormulas: { name: string; formula: string; }[]; }'.
  Types of property 'priceFormula' are incompatible.
    Type 'string | undefined' is not assignable to type 'string'.
      Type 'undefined' is not assignable to type 'string'.
components/constructor/CategoryTreeSelector.tsx(73,60): error TS2345: Argument of type 'Category[]' is not assignable to parameter of type 'Record<string, unknown>'.
  Index signature for type 'string' is missing in type 'Category[]'.
components/constructor/CategoryTreeSelector.tsx(74,68): error TS2345: Argument of type 'Category[]' is not assignable to parameter of type 'Record<string, unknown>'.
components/constructor/CategoryTreeSelector.tsx(75,54): error TS2345: Argument of type 'Category[]' is not assignable to parameter of type 'Record<string, unknown>'.
components/constructor/CategoryTreeSelector.tsx(79,66): error TS2345: Argument of type 'Category[]' is not assignable to parameter of type 'Record<string, unknown>'.
components/constructor/ConstructorToolbar.tsx(143,13): error TS2322: Type '{ children: Element[]; variant: "outline"; size: "sm"; as: string; className: string; }' is not assignable to type 'IntrinsicAttributes & ButtonProps'.
  Property 'as' does not exist on type 'IntrinsicAttributes & ButtonProps'.
components/constructor/ConstructorToolbar.tsx(161,11): error TS2322: Type '"default" | "ghost"' is not assignable to type '"success" | "outline" | "primary" | "secondary" | "ghost" | "danger" | undefined'.
components/constructor/ConstructorToolbar.tsx(171,11): error TS2322: Type '"default" | "ghost"' is not assignable to type '"success" | "outline" | "primary" | "secondary" | "ghost" | "danger" | undefined'.
components/constructor/ConstructorToolbar.tsx(181,11): error TS2322: Type '"default" | "ghost"' is not assignable to type '"success" | "outline" | "primary" | "secondary" | "ghost" | "danger" | undefined'.
components/constructor/ConstructorToolbar.tsx(194,11): error TS2322: Type '"default" | "outline"' is not assignable to type '"success" | "outline" | "primary" | "secondary" | "ghost" | "danger" | undefined'.
  Type '"default"' is not assignable to type '"success" | "outline" | "primary" | "secondary" | "ghost" | "danger" | undefined'.
components/constructor/DetailedBlockEditor.tsx(1287,35): error TS2353: Object literal may only specify known properties, and 'simpleMode' does not exist in type 'BlockSettings'.
components/constructor/FormulaBuilder.tsx(320,23): error TS2322: Type '"destructive"' is not assignable to type '"success" | "outline" | "primary" | "secondary" | "ghost" | "danger" | undefined'.
components/constructor/hooks/useConstructor.ts(2,48): error TS2305: Module '"../types"' has no exported member 'BlockType'.
components/constructor/hooks/useConstructor.ts(8,5): error TS2353: Object literal may only specify known properties, and 'selectedElement' does not exist in type 'ConstructorState | (() => ConstructorState)'.
components/constructor/hooks/useConstructor.ts(24,28): error TS2339: Property 'defaultProps' does not exist on type 'Partial<ConstructorElement>'.
components/constructor/hooks/useConstructor.ts(26,27): error TS2339: Property 'defaultSize' does not exist on type 'Partial<ConstructorElement>'.
components/constructor/hooks/useConstructor.ts(29,27): error TS2339: Property 'defaultSize' does not exist on type 'Partial<ConstructorElement>'.
components/constructor/hooks/useConstructor.ts(30,28): error TS2339: Property 'defaultSize' does not exist on type 'Partial<ConstructorElement>'.
components/constructor/hooks/useConstructor.ts(31,11): error TS2353: Object literal may only specify known properties, and 'position' does not exist in type '{ width?: string | undefined; height?: string | undefined; x?: string | undefined; y?: string | undefined; display?: string | undefined; }'.
components/constructor/hooks/useConstructor.ts(36,11): error TS2322: Type 'number' is not assignable to type 'string'.
components/constructor/hooks/useConstructor.ts(36,27): error TS2339: Property 'defaultSize' does not exist on type 'Partial<ConstructorElement>'.
components/constructor/hooks/useConstructor.ts(37,28): error TS2339: Property 'defaultSize' does not exist on type 'Partial<ConstructorElement>'.
components/constructor/hooks/useConstructor.ts(43,11): error TS2322: Type 'number' is not assignable to type 'string'.
components/constructor/hooks/useConstructor.ts(43,27): error TS2339: Property 'defaultSize' does not exist on type 'Partial<ConstructorElement>'.
components/constructor/hooks/useConstructor.ts(44,28): error TS2339: Property 'defaultSize' does not exist on type 'Partial<ConstructorElement>'.
components/constructor/hooks/useConstructor.ts(75,29): error TS2551: Property 'selectedElement' does not exist on type 'ConstructorState'. Did you mean 'selectedElementId'?
components/constructor/hooks/useConstructor.ts(75,66): error TS2551: Property 'selectedElement' does not exist on type 'ConstructorState'. Did you mean 'selectedElementId'?
components/constructor/hooks/useConstructor.ts(94,25): error TS2322: Type '{ width: number; height: number; }' is not assignable to type '{ width: string; height: string; }'.
  Types of property 'width' are incompatible.
    Type 'number' is not assignable to type 'string'.
components/constructor/hooks/useConstructor.ts(117,19): error TS2339: Property 'grid' does not exist on type 'ConstructorState'.
components/constructor/hooks/useConstructor.ts(125,25): error TS2339: Property 'snapToGrid' does not exist on type 'ConstructorState'.
components/constructor/hooks/useConstructor.ts(130,69): error TS2551: Property 'selectedElement' does not exist on type 'ConstructorState'. Did you mean 'selectedElementId'?
components/constructor/modern/ModernConstructor.tsx(90,51): error TS2345: Argument of type 'Block[]' is not assignable to parameter of type 'Record<string, unknown>'.
  Index signature for type 'string' is missing in type 'Block[]'.
components/constructor/modern/ModernConstructor.tsx(96,22): error TS2322: Type '(type: Block["type"]) => void' is not assignable to type '(type: string) => void'.
  Types of parameters 'type' and 'type' are incompatible.
    Type 'string' is not assignable to type '"text" | "cart" | "image" | "spacer" | "container" | "product-detail" | "product-catalog"'.
components/constructor/ProductDetailBlock.tsx(64,29): error TS2339: Property 'categoryId' does not exist on type '{ showMainImage: boolean; showThumbnailGallery: boolean; showZoom: boolean; imageSettings: ImagePreviewSettings; showProductInfo: boolean; showPrice: boolean; showDescription: boolean; showSpecifications: boolean; showRelatedProducts: boolean; }'.
components/constructor/ProductDetailBlock.tsx(135,35): error TS2339: Property 'thumbnailColumns' does not exist on type '{ showMainImage: boolean; showThumbnailGallery: boolean; showZoom: boolean; imageSettings: ImagePreviewSettings; showProductInfo: boolean; showPrice: boolean; showDescription: boolean; showSpecifications: boolean; showRelatedProducts: boolean; }'.
components/constructor/ProductDetailBlock.tsx(146,37): error TS2339: Property 'showThumbnailCaptions' does not exist on type '{ showMainImage: boolean; showThumbnailGallery: boolean; showZoom: boolean; imageSettings: ImagePreviewSettings; showProductInfo: boolean; showPrice: boolean; showDescription: boolean; showSpecifications: boolean; showRelatedProducts: boolean; }'.
components/constructor/professional/components/CalculatorComponents.tsx(40,9): error TS2353: Object literal may only specify known properties, and 'component' does not exist in type 'CalculatorComponent'.
components/constructor/professional/components/ComponentLibrary.tsx(13,29): error TS2307: Cannot find module '../ProfessionalPageBuilder' or its corresponding type declarations.
components/constructor/professional/components/UniversalProductComponents.tsx(10,29): error TS2307: Cannot find module '../ProfessionalPageBuilder' or its corresponding type declarations.
components/constructor/professional/elements/DoorConfiguratorRenderer.tsx(8,29): error TS2307: Cannot find module '../ProfessionalPageBuilder' or its corresponding type declarations.
components/constructor/professional/elements/DoorConfiguratorRenderer.tsx(126,22): error TS2339: Property 'id' does not exist on type 'DoorConfiguratorElement'.
components/constructor/professional/elements/DoorConfiguratorRenderer.tsx(427,23): error TS2339: Property 'style' does not exist on type 'DoorConfiguratorElement'.
components/constructor/professional/elements/DoorConfiguratorRenderer.tsx(428,22): error TS2339: Property 'style' does not exist on type 'DoorConfiguratorElement'.
components/constructor/professional/elements/DoorConfiguratorRenderer.tsx(429,24): error TS2339: Property 'style' does not exist on type 'DoorConfiguratorElement'.
components/constructor/professional/elements/DoorConfiguratorRenderer.tsx(430,25): error TS2339: Property 'style' does not exist on type 'DoorConfiguratorElement'.
components/constructor/professional/elements/DoorConfiguratorRenderer.tsx(431,25): error TS2339: Property 'style' does not exist on type 'DoorConfiguratorElement'.
components/constructor/professional/elements/DoorConfiguratorRenderer.tsx(433,39): error TS2339: Property 'id' does not exist on type 'DoorConfiguratorElement'.
components/constructor/professional/elements/PriceCalculatorRenderer.tsx(9,29): error TS2307: Cannot find module '../ProfessionalPageBuilder' or its corresponding type declarations.
components/constructor/professional/elements/PriceCalculatorRenderer.tsx(182,22): error TS2339: Property 'id' does not exist on type 'PriceCalculatorElement'.
components/constructor/professional/elements/PriceCalculatorRenderer.tsx(375,23): error TS2339: Property 'style' does not exist on type 'PriceCalculatorElement'.
components/constructor/professional/elements/PriceCalculatorRenderer.tsx(376,22): error TS2339: Property 'style' does not exist on type 'PriceCalculatorElement'.
components/constructor/professional/elements/PriceCalculatorRenderer.tsx(377,24): error TS2339: Property 'style' does not exist on type 'PriceCalculatorElement'.
components/constructor/professional/elements/PriceCalculatorRenderer.tsx(378,25): error TS2339: Property 'style' does not exist on type 'PriceCalculatorElement'.
components/constructor/professional/elements/PriceCalculatorRenderer.tsx(379,25): error TS2339: Property 'style' does not exist on type 'PriceCalculatorElement'.
components/constructor/professional/elements/PriceCalculatorRenderer.tsx(381,39): error TS2339: Property 'id' does not exist on type 'PriceCalculatorElement'.
components/constructor/professional/elements/ProductElementRenderer.tsx(9,29): error TS2307: Cannot find module '../ProfessionalPageBuilder' or its corresponding type declarations.
components/constructor/professional/elements/ProductElementRenderer.tsx(114,22): error TS2339: Property 'id' does not exist on type 'ProductElement'.
components/constructor/professional/elements/ProductElementRenderer.tsx(119,22): error TS2339: Property 'id' does not exist on type 'ProductElement'.
components/constructor/professional/elements/ProductElementRenderer.tsx(124,22): error TS2339: Property 'id' does not exist on type 'ProductElement'.
components/constructor/professional/elements/ProductElementRenderer.tsx(226,21): error TS2339: Property 'type' does not exist on type 'ProductElement'.
components/constructor/professional/elements/ProductElementRenderer.tsx(382,64): error TS2339: Property 'name' does not exist on type 'ProductElement'.
components/constructor/professional/elements/ProductElementRenderer.tsx(392,23): error TS2339: Property 'style' does not exist on type 'ProductElement'.
components/constructor/professional/elements/ProductElementRenderer.tsx(393,22): error TS2339: Property 'style' does not exist on type 'ProductElement'.
components/constructor/professional/elements/ProductElementRenderer.tsx(394,24): error TS2339: Property 'style' does not exist on type 'ProductElement'.
components/constructor/professional/elements/ProductElementRenderer.tsx(395,25): error TS2339: Property 'style' does not exist on type 'ProductElement'.
components/constructor/professional/elements/ProductElementRenderer.tsx(396,25): error TS2339: Property 'style' does not exist on type 'ProductElement'.
components/constructor/professional/elements/ProductElementRenderer.tsx(398,39): error TS2339: Property 'id' does not exist on type 'ProductElement'.
components/constructor/professional/elements/ProductFilterRenderer.tsx(8,29): error TS2307: Cannot find module '../ProfessionalPageBuilder' or its corresponding type declarations.
components/constructor/professional/elements/ProductFilterRenderer.tsx(83,22): error TS2339: Property 'id' does not exist on type 'ProductFilterElement'.
components/constructor/professional/elements/ProductFilterRenderer.tsx(87,9): error TS2740: Type 'FilterState' is missing the following properties from type 'any[]': length, pop, push, concat, and 29 more.
components/constructor/professional/elements/ProductFilterRenderer.tsx(380,23): error TS2339: Property 'style' does not exist on type 'ProductFilterElement'.
components/constructor/professional/elements/ProductFilterRenderer.tsx(381,22): error TS2339: Property 'style' does not exist on type 'ProductFilterElement'.
components/constructor/professional/elements/ProductFilterRenderer.tsx(382,24): error TS2339: Property 'style' does not exist on type 'ProductFilterElement'.
components/constructor/professional/elements/ProductFilterRenderer.tsx(383,25): error TS2339: Property 'style' does not exist on type 'ProductFilterElement'.
components/constructor/professional/elements/ProductFilterRenderer.tsx(384,25): error TS2339: Property 'style' does not exist on type 'ProductFilterElement'.
components/constructor/professional/elements/ProductFilterRenderer.tsx(386,39): error TS2339: Property 'id' does not exist on type 'ProductFilterElement'.
components/constructor/professional/hooks/useHistory.ts(4,30): error TS2307: Cannot find module '../ProfessionalPageBuilder' or its corresponding type declarations.
components/constructor/professional/layout/DoorConfiguratorPropertiesPanel.tsx(5,29): error TS2307: Cannot find module '../ProfessionalPageBuilder' or its corresponding type declarations.
components/constructor/professional/layout/DoorConfiguratorPropertiesPanel.tsx(41,37): error TS2339: Property 'id' does not exist on type 'DoorConfiguratorElement'.
components/constructor/professional/layout/DoorConfiguratorPropertiesPanel.tsx(47,37): error TS2339: Property 'id' does not exist on type 'DoorConfiguratorElement'.
components/constructor/professional/layout/DoorConfiguratorPropertiesPanel.tsx(48,35): error TS2339: Property 'style' does not exist on type 'DoorConfiguratorElement'.
components/constructor/professional/layout/DoorConfiguratorPropertiesPanel.tsx(302,36): error TS2339: Property 'style' does not exist on type 'DoorConfiguratorElement'.
components/constructor/professional/layout/DoorConfiguratorPropertiesPanel.tsx(312,36): error TS2339: Property 'style' does not exist on type 'DoorConfiguratorElement'.
components/constructor/professional/layout/DoorConfiguratorPropertiesPanel.tsx(322,36): error TS2339: Property 'style' does not exist on type 'DoorConfiguratorElement'.
components/constructor/professional/layout/DoorConfiguratorPropertiesPanel.tsx(332,36): error TS2339: Property 'style' does not exist on type 'DoorConfiguratorElement'.
components/constructor/professional/layout/DoorConfiguratorPropertiesPanel.tsx(342,34): error TS2339: Property 'style' does not exist on type 'DoorConfiguratorElement'.
components/constructor/professional/layout/LayerPanel.tsx(5,29): error TS2307: Cannot find module '../ProfessionalPageBuilder' or its corresponding type declarations.
components/constructor/professional/layout/PagesPanel.tsx(5,22): error TS2307: Cannot find module '../ProfessionalPageBuilder' or its corresponding type declarations.
components/constructor/professional/layout/PriceCalculatorPropertiesPanel.tsx(5,29): error TS2307: Cannot find module '../ProfessionalPageBuilder' or its corresponding type declarations.
components/constructor/professional/layout/PriceCalculatorPropertiesPanel.tsx(41,37): error TS2339: Property 'id' does not exist on type 'PriceCalculatorElement'.
components/constructor/professional/layout/PriceCalculatorPropertiesPanel.tsx(47,37): error TS2339: Property 'id' does not exist on type 'PriceCalculatorElement'.
components/constructor/professional/layout/PriceCalculatorPropertiesPanel.tsx(48,35): error TS2339: Property 'style' does not exist on type 'PriceCalculatorElement'.
components/constructor/professional/layout/PriceCalculatorPropertiesPanel.tsx(258,36): error TS2339: Property 'style' does not exist on type 'PriceCalculatorElement'.
components/constructor/professional/layout/PriceCalculatorPropertiesPanel.tsx(268,36): error TS2339: Property 'style' does not exist on type 'PriceCalculatorElement'.
components/constructor/professional/layout/PriceCalculatorPropertiesPanel.tsx(278,36): error TS2339: Property 'style' does not exist on type 'PriceCalculatorElement'.
components/constructor/professional/layout/PriceCalculatorPropertiesPanel.tsx(288,36): error TS2339: Property 'style' does not exist on type 'PriceCalculatorElement'.
components/constructor/professional/layout/PriceCalculatorPropertiesPanel.tsx(298,34): error TS2339: Property 'style' does not exist on type 'PriceCalculatorElement'.
components/constructor/professional/layout/ProductFilterPropertiesPanel.tsx(5,29): error TS2307: Cannot find module '../ProfessionalPageBuilder' or its corresponding type declarations.
components/constructor/professional/layout/ProductFilterPropertiesPanel.tsx(41,37): error TS2339: Property 'id' does not exist on type 'ProductFilterElement'.
components/constructor/professional/layout/ProductFilterPropertiesPanel.tsx(47,37): error TS2339: Property 'id' does not exist on type 'ProductFilterElement'.
components/constructor/professional/layout/ProductFilterPropertiesPanel.tsx(48,35): error TS2339: Property 'style' does not exist on type 'ProductFilterElement'.
components/constructor/professional/layout/ProductFilterPropertiesPanel.tsx(247,36): error TS2339: Property 'style' does not exist on type 'ProductFilterElement'.
components/constructor/professional/layout/ProductFilterPropertiesPanel.tsx(257,36): error TS2339: Property 'style' does not exist on type 'ProductFilterElement'.
components/constructor/professional/layout/ProductFilterPropertiesPanel.tsx(267,36): error TS2339: Property 'style' does not exist on type 'ProductFilterElement'.
components/constructor/professional/layout/ProductFilterPropertiesPanel.tsx(277,36): error TS2339: Property 'style' does not exist on type 'ProductFilterElement'.
components/constructor/professional/layout/ProductFilterPropertiesPanel.tsx(287,34): error TS2339: Property 'style' does not exist on type 'ProductFilterElement'.
components/constructor/professional/layout/ProductPropertiesPanel.tsx(5,29): error TS2307: Cannot find module '../ProfessionalPageBuilder' or its corresponding type declarations.
components/constructor/professional/layout/ProductPropertiesPanel.tsx(41,37): error TS2339: Property 'id' does not exist on type 'ProductElement'.
components/constructor/professional/layout/ProductPropertiesPanel.tsx(47,37): error TS2339: Property 'id' does not exist on type 'ProductElement'.
components/constructor/professional/layout/ProductPropertiesPanel.tsx(48,35): error TS2339: Property 'style' does not exist on type 'ProductElement'.
components/constructor/professional/layout/ProductPropertiesPanel.tsx(217,36): error TS2339: Property 'style' does not exist on type 'ProductElement'.
components/constructor/professional/layout/ProductPropertiesPanel.tsx(227,36): error TS2339: Property 'style' does not exist on type 'ProductElement'.
components/constructor/professional/layout/ProductPropertiesPanel.tsx(237,36): error TS2339: Property 'style' does not exist on type 'ProductElement'.
components/constructor/professional/layout/ProductPropertiesPanel.tsx(247,36): error TS2339: Property 'style' does not exist on type 'ProductElement'.
components/constructor/professional/layout/ProductPropertiesPanel.tsx(257,34): error TS2339: Property 'style' does not exist on type 'ProductElement'.
components/constructor/professional/layout/ProductPropertiesPanel.tsx(268,29): error TS2339: Property 'type' does not exist on type 'ProductElement'.
components/constructor/professional/layout/ProductPropertiesPanel.tsx(293,46): error TS2339: Property 'formula' does not exist on type '{ categoryId?: string | undefined; showFilters?: boolean | undefined; showSearch?: boolean | undefined; itemsPerPage?: number | undefined; sortBy?: string | undefined; sortOrder?: "asc" | ... 1 more ... | undefined; ... 7 more ...; searchQuery?: string | undefined; }'.
components/constructor/professional/layout/PropertiesPanel.tsx(6,35): error TS2307: Cannot find module '../ProfessionalPageBuilder' or its corresponding type declarations.
components/constructor/professional/layout/Toolbar.tsx(5,37): error TS2724: '"lucide-react"' has no exported member named 'Paste'. Did you mean 'Pause'?
components/constructor/professional/layout/Toolbar.tsx(9,36): error TS2307: Cannot find module '../ProfessionalPageBuilder' or its corresponding type declarations.
components/constructor/professional/projects/ProjectManager.tsx(9,30): error TS2307: Cannot find module '../ProfessionalPageBuilder' or its corresponding type declarations.
components/constructor/professional/projects/ProjectSaveDialog.tsx(5,30): error TS2307: Cannot find module '../ProfessionalPageBuilder' or its corresponding type declarations.
components/constructor/professional/templates/PageTemplates.tsx(10,35): error TS2307: Cannot find module '../ProfessionalPageBuilder' or its corresponding type declarations.
components/constructor/ProfessionalBlock.tsx(160,18): error TS2540: Cannot assign to 'current' because it is a read-only property.
components/constructor/ProfessionalBlock.tsx(258,55): error TS2345: Argument of type 'Product' is not assignable to parameter of type 'Record<string, unknown>'.
  Index signature for type 'string' is missing in type 'Product'.
components/constructor/ProfessionalBlock.tsx(261,60): error TS2345: Argument of type 'Product' is not assignable to parameter of type 'Record<string, unknown>'.
components/constructor/ProfessionalConstructorNew.tsx(203,56): error TS2322: Type '{ categoryId?: string | undefined; showImages?: boolean | undefined; imageSettings?: ImagePreviewSettings | undefined; showPrices?: boolean | undefined; ... 9 more ...; showPagination?: boolean | undefined; }' is not assignable to type '{ categoryId: string; showImages: boolean; imageSettings: ImagePreviewSettings; showPrices: boolean; priceFormat: "with-currency" | "without-currency"; showDescriptions: boolean; ... 7 more ...; showPagination: boolean; }'.
  Types of property 'categoryId' are incompatible.
    Type 'string | undefined' is not assignable to type 'string'.
      Type 'undefined' is not assignable to type 'string'.
components/constructor/ProfessionalConstructorNew.tsx(217,28): error TS7006: Parameter 'updates' implicitly has an 'any' type.
components/constructor/ProfessionalConstructorNew.tsx(274,18): error TS18048: 'settings' is possibly 'undefined'.
components/constructor/ProfessionalConstructorNew.tsx(289,20): error TS18048: 'settings' is possibly 'undefined'.
components/constructor/ProfessionalConstructorNew.tsx(299,20): error TS18048: 'settings' is possibly 'undefined'.
components/constructor/ProfessionalConstructorNew.tsx(309,19): error TS18048: 'settings' is possibly 'undefined'.
components/constructor/ProfessionalConstructorNew.tsx(324,24): error TS18048: 'settings' is possibly 'undefined'.
components/constructor/ProfessionalConstructorNew.tsx(334,24): error TS18048: 'settings' is possibly 'undefined'.
components/constructor/ProfessionalConstructorNew.tsx(344,24): error TS18048: 'settings' is possibly 'undefined'.
components/constructor/ProfessionalPreview.tsx(641,25): error TS2322: Type 'Dispatch<SetStateAction<string>>' is not assignable to type 'ChangeEventHandler<HTMLSelectElement>'.
  Types of parameters 'value' and 'event' are incompatible.
    Type 'ChangeEvent<HTMLSelectElement>' is not assignable to type 'SetStateAction<string>'.
components/constructor/ProfessionalPropertyPanel.tsx(75,48): error TS2345: Argument of type 'any[]' is not assignable to parameter of type 'Record<string, unknown>'.
components/constructor/ProfessionalPropertyPanel.tsx(89,43): error TS2448: Block-scoped variable 'handleBlockUpdate' used before its declaration.
components/constructor/ProfessionalPropertyPanel.tsx(89,43): error TS2454: Variable 'handleBlockUpdate' is used before being assigned.
components/constructor/ProfessionalPropertyPanel.tsx(436,42): error TS2339: Property 'displayMode' does not exist on type 'BlockSettings'.
components/constructor/ProfessionalPropertyPanel.tsx(439,23): error TS2353: Object literal may only specify known properties, and 'displayMode' does not exist in type 'BlockSettings'.
components/constructor/ProfessionalPropertyPanel.tsx(456,42): error TS2339: Property 'columns' does not exist on type 'BlockSettings'.
components/constructor/ProfessionalPropertyPanel.tsx(459,23): error TS2353: Object literal may only specify known properties, and 'columns' does not exist in type 'BlockSettings'.
components/constructor/ProfessionalPropertyPanel.tsx(475,42): error TS2339: Property 'itemsPerPage' does not exist on type 'BlockSettings'.
components/constructor/ProfessionalPropertyPanel.tsx(478,23): error TS2353: Object literal may only specify known properties, and 'itemsPerPage' does not exist in type 'BlockSettings'.
components/constructor/ProfessionalPropertyPanel.tsx(493,42): error TS2339: Property 'imageSize' does not exist on type 'BlockSettings'.
components/constructor/ProfessionalPropertyPanel.tsx(496,23): error TS2353: Object literal may only specify known properties, and 'imageSize' does not exist in type 'BlockSettings'.
components/constructor/ProfessionalPropertyPanel.tsx(512,42): error TS2551: Property 'imageAspectRatio' does not exist on type 'BlockSettings'. Did you mean 'aspectRatio'?
components/constructor/ProfessionalPropertyPanel.tsx(515,23): error TS2561: Object literal may only specify known properties, but 'imageAspectRatio' does not exist in type 'BlockSettings'. Did you mean to write 'aspectRatio'?
components/constructor/ProfessionalPropertyPanel.tsx(530,46): error TS2339: Property 'showImages' does not exist on type 'BlockSettings'.
components/constructor/ProfessionalPropertyPanel.tsx(533,25): error TS2353: Object literal may only specify known properties, and 'showImages' does not exist in type 'BlockSettings'.
components/constructor/ProfessionalPropertyPanel.tsx(543,46): error TS2339: Property 'showPrices' does not exist on type 'BlockSettings'.
components/constructor/ProfessionalPropertyPanel.tsx(546,25): error TS2353: Object literal may only specify known properties, and 'showPrices' does not exist in type 'BlockSettings'.
components/constructor/ProfessionalPropertyPanel.tsx(556,46): error TS2339: Property 'showDescriptions' does not exist on type 'BlockSettings'.
components/constructor/ProfessionalPropertyPanel.tsx(559,25): error TS2353: Object literal may only specify known properties, and 'showDescriptions' does not exist in type 'BlockSettings'.
components/constructor/ProfessionalPropertyPanel.tsx(569,46): error TS2339: Property 'showFilters' does not exist on type 'BlockSettings'.
components/constructor/ProfessionalPropertyPanel.tsx(572,25): error TS2353: Object literal may only specify known properties, and 'showFilters' does not exist in type 'BlockSettings'.
components/constructor/ProfessionalPropertyPanel.tsx(582,46): error TS2339: Property 'showSearch' does not exist on type 'BlockSettings'.
components/constructor/ProfessionalPropertyPanel.tsx(585,25): error TS2353: Object literal may only specify known properties, and 'showSearch' does not exist in type 'BlockSettings'.
components/constructor/PropertyMapper.tsx(335,23): error TS2322: Type '"default" | "outline"' is not assignable to type '"success" | "outline" | "primary" | "secondary" | "ghost" | "danger" | undefined'.
components/constructor/PropertyMapper.tsx(343,23): error TS2322: Type '"destructive"' is not assignable to type '"success" | "outline" | "primary" | "secondary" | "ghost" | "danger" | undefined'.
components/constructor/SmartSuggestions.tsx(25,23): error TS2339: Property 'elements' does not exist on type 'ConstructorContextType'.
components/constructor/TemplateEditor.tsx(332,15): error TS2322: Type '"destructive"' is not assignable to type '"success" | "outline" | "primary" | "secondary" | "ghost" | "danger" | undefined'.
components/constructor/TemplateEditor.tsx(497,82): error TS2367: This comparison appears to be unintentional because the types 'ChangeEvent<HTMLSelectElement>' and 'string' have no overlap.
components/constructor/ultimate/utils.ts(186,11): error TS2353: Object literal may only specify known properties, and 'backgroundColor' does not exist in type '{ content: string; fontSize: string; fontFamily: string; fontWeight: string; color: string; textAlign: "center" | "left" | "right"; lineHeight: string; }'.
components/constructor/ultimate/utils.ts(193,9): error TS2353: Object literal may only specify known properties, and 'documentGeneratorSettings' does not exist in type 'BlockSettings'.
components/constructor/ultimate/utils.ts(204,9): error TS2353: Object literal may only specify known properties, and 'cartSettings' does not exist in type 'BlockSettings'.
components/constructor/UltimateConstructor.tsx(1023,71): error TS2322: Type '"destructive"' is not assignable to type '"success" | "outline" | "primary" | "secondary" | "ghost" | "danger" | undefined'.
components/constructor/UltimateConstructorFixed.tsx(745,40): error TS2339: Property 'documentGeneratorSettings' does not exist on type 'BlockSettings'.
components/constructor/UltimateConstructorFixed.tsx(745,88): error TS7006: Parameter 'doc' implicitly has an 'any' type.
components/constructor/UltimateConstructorFixed.tsx(759,49): error TS2339: Property 'cartSettings' does not exist on type 'BlockSettings'.
components/constructor/UltimateConstructorFixed.tsx(1612,79): error TS2339: Property 'documentGeneratorSettings' does not exist on type 'BlockSettings'.
components/constructor/UltimateConstructorFixed.tsx(1623,54): error TS2339: Property 'documentGeneratorSettings' does not exist on type 'BlockSettings'.
components/constructor/UltimateConstructorFixed.tsx(1625,67): error TS2339: Property 'documentGeneratorSettings' does not exist on type 'BlockSettings'.
components/constructor/UltimateConstructorFixed.tsx(1628,56): error TS7006: Parameter 'd' implicitly has an 'any' type.
components/constructor/UltimateConstructorFixed.tsx(1630,35): error TS2353: Object literal may only specify known properties, and 'documentGeneratorSettings' does not exist in type 'Partial<BlockSettings>'.
components/constructor/UltimateConstructorFixed.tsx(1631,54): error TS2339: Property 'documentGeneratorSettings' does not exist on type 'BlockSettings'.
components/constructor/UltimateConstructorFixed.tsx(1652,46): error TS2339: Property 'documentGeneratorSettings' does not exist on type 'BlockSettings'.
components/constructor/UltimateConstructorFixed.tsx(1654,27): error TS2353: Object literal may only specify known properties, and 'documentGeneratorSettings' does not exist in type 'Partial<BlockSettings>'.
components/constructor/UltimateConstructorFixed.tsx(1655,46): error TS2339: Property 'documentGeneratorSettings' does not exist on type 'BlockSettings'.
components/constructor/UltimateConstructorFixed.tsx(1670,50): error TS2339: Property 'documentGeneratorSettings' does not exist on type 'BlockSettings'.
components/constructor/UltimateConstructorFixed.tsx(1672,29): error TS2353: Object literal may only specify known properties, and 'documentGeneratorSettings' does not exist in type 'Partial<BlockSettings>'.
components/constructor/UltimateConstructorFixed.tsx(1673,48): error TS2339: Property 'documentGeneratorSettings' does not exist on type 'BlockSettings'.
components/constructor/UltimateConstructorFixed.tsx(1685,50): error TS2339: Property 'documentGeneratorSettings' does not exist on type 'BlockSettings'.
components/constructor/UltimateConstructorFixed.tsx(1687,29): error TS2353: Object literal may only specify known properties, and 'documentGeneratorSettings' does not exist in type 'Partial<BlockSettings>'.
components/constructor/UltimateConstructorFixed.tsx(1688,48): error TS2339: Property 'documentGeneratorSettings' does not exist on type 'BlockSettings'.
components/constructor/UltimateConstructorFixed.tsx(1700,65): error TS2339: Property 'cartSettings' does not exist on type 'BlockSettings'.
components/constructor/UltimateConstructorFixed.tsx(1710,52): error TS2339: Property 'cartSettings' does not exist on type 'BlockSettings'.
components/constructor/UltimateConstructorFixed.tsx(1712,31): error TS2353: Object literal may only specify known properties, and 'cartSettings' does not exist in type 'Partial<BlockSettings>'.
components/constructor/UltimateConstructorFixed.tsx(1713,50): error TS2339: Property 'cartSettings' does not exist on type 'BlockSettings'.
components/constructor/UltimateConstructorFixed.tsx(1725,52): error TS2339: Property 'cartSettings' does not exist on type 'BlockSettings'.
components/constructor/UltimateConstructorFixed.tsx(1727,31): error TS2353: Object literal may only specify known properties, and 'cartSettings' does not exist in type 'Partial<BlockSettings>'.
components/constructor/UltimateConstructorFixed.tsx(1728,50): error TS2339: Property 'cartSettings' does not exist on type 'BlockSettings'.
components/constructor/UltimateConstructorFixed.tsx(1740,52): error TS2339: Property 'cartSettings' does not exist on type 'BlockSettings'.
components/constructor/UltimateConstructorFixed.tsx(1742,31): error TS2353: Object literal may only specify known properties, and 'cartSettings' does not exist in type 'Partial<BlockSettings>'.
components/constructor/UltimateConstructorFixed.tsx(1743,50): error TS2339: Property 'cartSettings' does not exist on type 'BlockSettings'.
components/constructor/UltimateConstructorFixed.tsx(1755,52): error TS2339: Property 'cartSettings' does not exist on type 'BlockSettings'.
components/constructor/UltimateConstructorFixed.tsx(1757,31): error TS2353: Object literal may only specify known properties, and 'cartSettings' does not exist in type 'Partial<BlockSettings>'.
components/constructor/UltimateConstructorFixed.tsx(1758,50): error TS2339: Property 'cartSettings' does not exist on type 'BlockSettings'.
components/constructor/UltimateConstructorFixed.tsx(1775,52): error TS2339: Property 'cartSettings' does not exist on type 'BlockSettings'.
components/constructor/UltimateConstructorFixed.tsx(1777,31): error TS2353: Object literal may only specify known properties, and 'cartSettings' does not exist in type 'Partial<BlockSettings>'.
components/constructor/UltimateConstructorFixed.tsx(1778,50): error TS2339: Property 'cartSettings' does not exist on type 'BlockSettings'.
components/constructor/UltimateConstructorFixed.tsx(1790,52): error TS2339: Property 'cartSettings' does not exist on type 'BlockSettings'.
components/constructor/UltimateConstructorFixed.tsx(1792,31): error TS2353: Object literal may only specify known properties, and 'cartSettings' does not exist in type 'Partial<BlockSettings>'.
components/constructor/UltimateConstructorFixed.tsx(1793,50): error TS2339: Property 'cartSettings' does not exist on type 'BlockSettings'.
components/constructor/UltimateConstructorFixed.tsx(1805,52): error TS2339: Property 'cartSettings' does not exist on type 'BlockSettings'.
components/constructor/UltimateConstructorFixed.tsx(1807,31): error TS2353: Object literal may only specify known properties, and 'cartSettings' does not exist in type 'Partial<BlockSettings>'.
components/constructor/UltimateConstructorFixed.tsx(1808,50): error TS2339: Property 'cartSettings' does not exist on type 'BlockSettings'.
components/constructor/UltimateConstructorFixed.tsx(1825,52): error TS2339: Property 'cartSettings' does not exist on type 'BlockSettings'.
components/constructor/UltimateConstructorFixed.tsx(1827,31): error TS2353: Object literal may only specify known properties, and 'cartSettings' does not exist in type 'Partial<BlockSettings>'.
components/constructor/UltimateConstructorFixed.tsx(1828,50): error TS2339: Property 'cartSettings' does not exist on type 'BlockSettings'.
components/constructor/UltimateConstructorFixed.tsx(1840,52): error TS2339: Property 'cartSettings' does not exist on type 'BlockSettings'.
components/constructor/UltimateConstructorFixed.tsx(1842,31): error TS2353: Object literal may only specify known properties, and 'cartSettings' does not exist in type 'Partial<BlockSettings>'.
components/constructor/UltimateConstructorFixed.tsx(1843,50): error TS2339: Property 'cartSettings' does not exist on type 'BlockSettings'.
components/constructor/UltimateConstructorFixed.tsx(1863,46): error TS2339: Property 'cartSettings' does not exist on type 'BlockSettings'.
components/constructor/UltimateConstructorFixed.tsx(1865,27): error TS2353: Object literal may only specify known properties, and 'cartSettings' does not exist in type 'Partial<BlockSettings>'.
components/constructor/UltimateConstructorFixed.tsx(1866,46): error TS2339: Property 'cartSettings' does not exist on type 'BlockSettings'.
components/constructor/UltimateConstructorFixed.tsx(1957,23): error TS2322: Type '"destructive"' is not assignable to type '"success" | "outline" | "primary" | "secondary" | "ghost" | "danger" | undefined'.
components/constructor/useDragAndDrop.ts(156,48): error TS2304: Cannot find name 'BlockDimensions'.
components/documents/DocumentQuickViewModal.tsx(81,38): error TS2339: Property 'parent_document_id' does not exist on type 'DocumentData'.
components/documents/DocumentQuickViewModal.tsx(82,35): error TS2339: Property 'cart_session_id' does not exist on type 'DocumentData'.
components/documents/DocumentQuickViewModal.tsx(184,47): error TS2345: Argument of type 'string[]' is not assignable to parameter of type 'Record<string, unknown>'.
  Index signature for type 'string' is missing in type 'string[]'.
components/documents/DocumentQuickViewModal.tsx(238,76): error TS2554: Expected 1-2 arguments, but got 4.
components/documents/DocumentQuickViewModal.tsx(241,69): error TS2554: Expected 1-2 arguments, but got 3.
components/documents/DocumentQuickViewModal.tsx(246,61): error TS2345: Argument of type 'number' is not assignable to parameter of type 'Record<string, unknown>'.
components/documents/DocumentQuickViewModal.tsx(623,11): error TS2322: Type 'string' is not assignable to type '"quote" | "invoice" | "order" | "supplier_order"'.
components/documents/DocumentQuickViewModal.tsx(634,11): error TS2322: Type 'string' is not assignable to type '"quote" | "invoice" | "order" | "supplier_order"'.
components/documents/RelatedDocuments.tsx(15,33): error TS2304: Cannot find name 'useCallback'.
components/doors/CartManager.tsx(77,22): error TS2339: Property 'name' does not exist on type 'CartItem'.
components/doors/CartManager.tsx(229,46): error TS2345: Argument of type 'CartItem[]' is not assignable to parameter of type 'Record<string, unknown>'.
  Index signature for type 'string' is missing in type 'CartItem[]'.
components/doors/CartManager.tsx(289,42): error TS2345: Argument of type 'string' is not assignable to parameter of type 'Record<string, unknown>'.
components/doors/CartManager.tsx(290,42): error TS2345: Argument of type 'string' is not assignable to parameter of type 'Record<string, unknown>'.
components/doors/CartManager.tsx(356,86): error TS2345: Argument of type 'string' is not assignable to parameter of type 'Record<string, unknown>'.
components/doors/CartManager.tsx(370,55): error TS2345: Argument of type 'string' is not assignable to parameter of type 'Record<string, unknown>'.
components/doors/CartManager.tsx(451,62): error TS2345: Argument of type 'number' is not assignable to parameter of type 'Record<string, unknown>'.
components/doors/CartManager.tsx(465,57): error TS2345: Argument of type 'string | undefined' is not assignable to parameter of type 'Record<string, unknown> | undefined'.
  Type 'string' is not assignable to type 'Record<string, unknown>'.
components/doors/CartManager.tsx(494,86): error TS2345: Argument of type 'number' is not assignable to parameter of type 'Record<string, unknown>'.
components/doors/CartManager.tsx(656,62): error TS2345: Argument of type 'number' is not assignable to parameter of type 'Record<string, unknown>'.
components/doors/DoorCard.tsx(120,93): error TS2554: Expected 1-2 arguments, but got 4.
components/doors/DoorConfiguration.tsx(223,34): error TS2532: Object is possibly 'undefined'.
components/doors/DoorConfiguration.tsx(225,35): error TS2532: Object is possibly 'undefined'.
components/doors/DoorsConfigurator.tsx(96,7): error TS2448: Block-scoped variable 'selectedProduct' used before its declaration.
components/doors/StickyPreview.tsx(53,61): error TS2345: Argument of type 'string' is not assignable to parameter of type 'Record<string, unknown>'.
components/doors/StickyPreview.tsx(108,79): error TS2345: Argument of type 'string' is not assignable to parameter of type 'Record<string, unknown>'.
components/HandleSelectionModal.tsx(330,15): error TS2322: Type '"destructive"' is not assignable to type '"success" | "outline" | "primary" | "secondary" | "ghost" | "danger" | undefined'.
components/import/FieldMappingInterface.tsx(121,19): error TS2345: Argument of type '(FieldMapping | { fileHeader: FileHeader; confidence: number; isManual: boolean; status: string; templateField: TemplateField; })[]' is not assignable to parameter of type 'SetStateAction<FieldMapping[]>'.
  Type '(FieldMapping | { fileHeader: FileHeader; confidence: number; isManual: boolean; status: string; templateField: TemplateField; })[]' is not assignable to type 'FieldMapping[]'.
    Type 'FieldMapping | { fileHeader: FileHeader; confidence: number; isManual: boolean; status: string; templateField: TemplateField; }' is not assignable to type 'FieldMapping'.
      Type '{ fileHeader: FileHeader; confidence: number; isManual: boolean; status: string; templateField: TemplateField; }' is not assignable to type 'FieldMapping'.
        Types of property 'status' are incompatible.
          Type 'string' is not assignable to type '"mapped" | "unmapped" | "conflict"'.
components/import/SimplifiedImportDialog.tsx(249,51): error TS2322: Type '{ children: Element; variant: "outline"; size: "sm"; asChild: true; }' is not assignable to type 'IntrinsicAttributes & ButtonProps'.
  Property 'asChild' does not exist on type 'IntrinsicAttributes & ButtonProps'.
components/navigation/SimplifiedImportNav.tsx(5,24): error TS1149: File name 'C:/01_conf/1002doors/components/ui/button.tsx' differs from already included file name 'C:/01_conf/1002doors/components/ui/Button.tsx' only in casing.
  The file is in the program because:
    Imported via './Button' from file 'C:/01_conf/1002doors/components/ui/index.ts'
    Imported via './Button' from file 'C:/01_conf/1002doors/components/ui/FilterBar.tsx'
    Imported via './Button' from file 'C:/01_conf/1002doors/components/ui/DataTable.tsx'
    Imported via './Button' from file 'C:/01_conf/1002doors/components/ui/Pagination.tsx'
    Imported via './Button' from file 'C:/01_conf/1002doors/components/ui/CommentsModal.tsx'
    Imported via '@/components/ui/Button' from file 'C:/01_conf/1002doors/app/admin/catalog/import-simplified/page.tsx'
    Imported via '@/components/ui/Button' from file 'C:/01_conf/1002doors/components/import/SimplifiedImportDialog.tsx'
    Imported via '@/components/ui/Button' from file 'C:/01_conf/1002doors/components/export/FastExport.tsx'
    Imported via '../ui/button' from file 'C:/01_conf/1002doors/components/navigation/SimplifiedImportNav.tsx'
    Matched by include pattern '**/*.tsx' in 'C:/01_conf/1002doors/tsconfig.json'
components/navigation/SimplifiedImportNav.tsx(7,22): error TS1149: File name 'C:/01_conf/1002doors/components/ui/card.tsx' differs from already included file name 'C:/01_conf/1002doors/components/ui/Card.tsx' only in casing.
  The file is in the program because:
    Imported via './Card' from file 'C:/01_conf/1002doors/components/ui/index.ts'
    Imported via '@/components/ui/Card' from file 'C:/01_conf/1002doors/app/admin/catalog/import-simplified/page.tsx'
    Imported via '@/components/ui/Card' from file 'C:/01_conf/1002doors/components/export/FastExport.tsx'
    Imported via '../ui/card' from file 'C:/01_conf/1002doors/components/navigation/SimplifiedImportNav.tsx'
    Matched by include pattern '**/*.tsx' in 'C:/01_conf/1002doors/tsconfig.json'
components/nocode/NoCodeComponents.tsx(342,17): error TS2322: Type '{ label: any; type: "number" | "text"; value: any; onChange: (e: ChangeEvent<HTMLInputElement>) => void; min: any; max: any; }' is not assignable to type 'IntrinsicAttributes & InputProps & RefAttributes<HTMLInputElement>'.
  Property 'label' does not exist on type 'IntrinsicAttributes & InputProps & RefAttributes<HTMLInputElement>'.
components/page-builder/context/DocumentContext.tsx(21,48): error TS2345: Argument of type 'Page' is not assignable to parameter of type 'Record<string, unknown>'.
  Index signature for type 'string' is missing in type 'Page'.
components/page-builder/context/DocumentContext.tsx(25,56): error TS2554: Expected 1-2 arguments, but got 3.
components/page-builder/context/DocumentContext.tsx(29,46): error TS2345: Argument of type 'string' is not assignable to parameter of type 'Record<string, unknown>'.
components/page-builder/elements/CatalogSelector.tsx(68,9): error TS2304: Cannot find name 'clientLogger'.
components/page-builder/elements/CatalogSelector.tsx(96,9): error TS2304: Cannot find name 'clientLogger'.
components/page-builder/elements/DoorCalculator.tsx(177,58): error TS2345: Argument of type 'string' is not assignable to parameter of type 'Record<string, unknown>'.
components/page-builder/elements/DoorCalculator.tsx(191,63): error TS2345: Argument of type 'string' is not assignable to parameter of type 'Record<string, unknown>'.
components/page-builder/elements/DoorCalculator.tsx(237,21): error TS2345: Argument of type '{ productId: string; productName: string; categoryId: string; categoryName: string; basePrice: number; quantity: number; options: never[]; modifications: never[]; subtotal: number; discount: number; tax: number; total: number; metadata: { ...; }; }' is not assignable to parameter of type 'Omit<CartItem, "id" | "updatedAt" | "total" | "subtotal" | "discount" | "tax" | "addedAt">'.
  Property 'productSku' is missing in type '{ productId: string; productName: string; categoryId: string; categoryName: string; basePrice: number; quantity: number; options: never[]; modifications: never[]; subtotal: number; discount: number; tax: number; total: number; metadata: { ...; }; }' but required in type 'Omit<CartItem, "id" | "updatedAt" | "total" | "subtotal" | "discount" | "tax" | "addedAt">'.
components/page-builder/elements/ElementRenderer.tsx(250,16): error TS2739: Type '{ key: string; element: BaseElement; isSelected: false; zoom: number; onSelect: () => void; onUpdate: () => void; onDelete: () => void; onMouseDown: () => void; onResize: () => void; }' is missing the following properties from type 'ExtendedElementRendererProps': isMultiSelected, onMultiSelect
components/page-builder/elements/ElementRenderer.tsx(687,12): error TS2678: Type '"featureStatus"' is not comparable to type 'ElementType'.
components/page-builder/elements/ElementRenderer.tsx(697,12): error TS2678: Type '"productCard"' is not comparable to type 'ElementType'.
components/page-builder/elements/ElementRenderer.tsx(707,12): error TS2678: Type '"productGallery"' is not comparable to type 'ElementType'.
components/page-builder/elements/ElementRenderer.tsx(717,12): error TS2678: Type '"productDetails"' is not comparable to type 'ElementType'.
components/page-builder/elements/ElementRenderer.tsx(728,12): error TS2678: Type '"priceDisplay"' is not comparable to type 'ElementType'.
components/page-builder/elements/ElementRenderer.tsx(738,12): error TS2678: Type '"summaryTable"' is not comparable to type 'ElementType'.
components/page-builder/elements/ProductConfigurator.tsx(39,20): error TS2448: Block-scoped variable 'loadData' used before its declaration.
components/page-builder/elements/ProductConfigurator.tsx(39,20): error TS2454: Variable 'loadData' is used before being assigned.
components/page-builder/elements/ProductConfigurator.tsx(115,23): error TS2345: Argument of type 'null' is not assignable to parameter of type 'Product'.
components/page-builder/elements/ProductConfigurator.tsx(151,34): error TS2345: Argument of type '(value: string) => React.JSX.Element' is not assignable to parameter of type '(value: unknown, index: number, array: unknown[]) => Element'.
  Types of parameters 'value' and 'value' are incompatible.
    Type 'unknown' is not assignable to type 'string'.
components/page-builder/elements/ProductConfigurator.tsx(163,34): error TS2345: Argument of type '(value: string) => React.JSX.Element' is not assignable to parameter of type '(value: unknown, index: number, array: unknown[]) => Element'.
  Types of parameters 'value' and 'value' are incompatible.
    Type 'unknown' is not assignable to type 'string'.
components/page-builder/elements/ProductConfiguratorAdvanced.tsx(89,107): error TS2345: Argument of type 'unknown[]' is not assignable to parameter of type 'Record<string, unknown>'.
components/page-builder/elements/ProductDisplay.tsx(77,107): error TS2345: Argument of type 'unknown[]' is not assignable to parameter of type 'Record<string, unknown>'.
  Index signature for type 'string' is missing in type 'unknown[]'.
components/page-builder/elements/ProductDisplay.tsx(150,43): error TS2345: Argument of type 'Product' is not assignable to parameter of type 'Record<string, unknown>'.
  Index signature for type 'string' is missing in type 'Product'.
components/page-builder/elements/ProductDisplay.tsx(356,17): error TS2322: Type 'unknown' is not assignable to type 'ReactNode'.
components/page-builder/elements/ProductDisplay.tsx(371,56): error TS2339: Property 'value' does not exist on type '{}'.
components/page-builder/elements/ProductDisplay.tsx(373,21): error TS2698: Spread types may only be created from object types.
components/page-builder/elements/ProductDisplay.tsx(382,20): error TS18048: 'property.options.length' is possibly 'undefined'.
components/page-builder/elements/ProductDisplay.tsx(384,24): error TS18048: 'property.options' is possibly 'undefined'.
components/page-builder/elements/ProductDisplay.tsx(388,69): error TS2339: Property 'selectedChips' does not exist on type '{}'.
components/page-builder/elements/ProductDisplay.tsx(390,82): error TS2339: Property 'selectedChips' does not exist on type '{}'.
components/page-builder/elements/ProductDisplay.tsx(396,33): error TS2698: Spread types may only be created from object types.
components/page-builder/elements/ProductDisplay.tsx(419,56): error TS2339: Property 'value' does not exist on type '{}'.
components/page-builder/elements/ProductDisplay.tsx(421,21): error TS2698: Spread types may only be created from object types.
components/page-builder/elements/ProductDisplay.tsx(440,58): error TS2339: Property 'min' does not exist on type '{}'.
components/page-builder/elements/ProductDisplay.tsx(442,23): error TS2698: Spread types may only be created from object types.
components/page-builder/elements/ProductDisplay.tsx(444,125): error TS2339: Property 'max' does not exist on type '{}'.
components/page-builder/elements/ProductDisplay.tsx(451,58): error TS2339: Property 'max' does not exist on type '{}'.
components/page-builder/elements/ProductDisplay.tsx(453,23): error TS2698: Spread types may only be created from object types.
components/page-builder/elements/ProductDisplay.tsx(455,67): error TS2339: Property 'min' does not exist on type '{}'.
components/page-builder/elements/ProductDisplay.tsx(471,47): error TS2339: Property 'value' does not exist on type '{}'.
components/page-builder/elements/ProductDisplay.tsx(476,113): error TS2339: Property 'value' does not exist on type '{}'.
components/page-builder/elements/ProductDisplay.tsx(477,44): error TS2339: Property 'value' does not exist on type '{}'.
components/page-builder/elements/ProductDisplay.tsx(481,113): error TS2339: Property 'value' does not exist on type '{}'.
components/page-builder/elements/ProductDisplay.tsx(482,48): error TS2339: Property 'value' does not exist on type '{}'.
components/page-builder/elements/ProductDisplay.tsx(482,81): error TS2339: Property 'value' does not exist on type '{}'.
components/page-builder/elements/ProductDisplay.tsx(483,46): error TS2339: Property 'value' does not exist on type '{}'.
components/page-builder/elements/ProductDisplay.tsx(484,96): error TS2339: Property 'value' does not exist on type '{}'.
components/page-builder/elements/ProductDisplay.tsx(485,69): error TS2339: Property 'value' does not exist on type '{}'.
components/page-builder/elements/ProductDisplay.tsx(497,59): error TS2339: Property 'selectedChips' does not exist on type '{}'.
components/page-builder/elements/ProductDisplay.tsx(498,96): error TS2339: Property 'value' does not exist on type '{}'.
components/page-builder/elements/ProductGallery.tsx(64,26): error TS7006: Parameter 'image' implicitly has an 'any' type.
components/page-builder/elements/ProductGallery.tsx(64,33): error TS7006: Parameter 'index' implicitly has an 'any' type.
components/page-builder/elements/ProductGallery.tsx(89,20): error TS7006: Parameter 'image' implicitly has an 'any' type.
components/page-builder/elements/ProductGallery.tsx(89,27): error TS7006: Parameter 'index' implicitly has an 'any' type.
components/page-builder/elements/ProductGrid.tsx(87,11): error TS7034: Variable 'properties' implicitly has type 'any[]' in some locations where its type cannot be determined.
components/page-builder/elements/ProductGrid.tsx(95,12): error TS7005: Variable 'properties' implicitly has an 'any[]' type.
components/page-builder/elements/ProductGrid.tsx(141,21): error TS7053: Element implicitly has an 'any' type because expression of type 'any' can't be used to index type '{ 1: string; 2: string; 3: string; 4: string; 5: string; 6: string; }'.
components/page-builder/elements/PropertyFilter.tsx(504,92): error TS2345: Argument of type 'string' is not assignable to parameter of type 'Record<string, unknown>'.
components/page-builder/elements/PropertyFilter.tsx(569,134): error TS2554: Expected 1-2 arguments, but got 4.
components/page-builder/export/ExportManager.tsx(53,24): error TS2339: Property 'createElement' does not exist on type 'DocumentData'.
components/page-builder/export/ExportManager.tsx(56,14): error TS2339: Property 'body' does not exist on type 'DocumentData'.
components/page-builder/export/ExportManager.tsx(58,14): error TS2339: Property 'body' does not exist on type 'DocumentData'.
components/page-builder/layout/Canvas.tsx(75,30): error TS2448: Block-scoped variable 'findElementById' used before its declaration.
components/page-builder/layout/Canvas.tsx(75,30): error TS2454: Variable 'findElementById' is used before being assigned.
components/page-builder/layout/Canvas.tsx(192,39): error TS2345: Argument of type 'unknown' is not assignable to parameter of type 'BaseElement[]'.
components/page-builder/layout/Toolbar.tsx(31,3): error TS2339: Property 'onCreateTestConnection' does not exist on type 'ToolbarProps'.
components/page-builder/layout/Toolbar.tsx(32,3): error TS2339: Property 'onTestDataTransfer' does not exist on type 'ToolbarProps'.
components/page-builder/PageBuilder.tsx(164,12): error TS2393: Duplicate function implementation.
components/page-builder/PageBuilder.tsx(426,7): error TS2322: Type '{ id: string; createdAt: string; updatedAt: string; type?: ElementType | undefined; position?: Position | undefined; size?: Size | undefined; constraints?: Constraints | undefined; style?: Style | undefined; props?: Record<...> | undefined; visible?: boolean | undefined; locked?: boolean | undefined; }[]' is not assignable to type 'BaseElement[]'.
  Type '{ id: string; createdAt: string; updatedAt: string; type?: ElementType | undefined; position?: Position | undefined; size?: Size | undefined; constraints?: Constraints | undefined; style?: Style | undefined; props?: Record<...> | undefined; visible?: boolean | undefined; locked?: boolean | undefined; }' is not assignable to type 'BaseElement'.
    Types of property 'type' are incompatible.
      Type 'ElementType | undefined' is not assignable to type 'ElementType'.
        Type 'undefined' is not assignable to type 'ElementType'.
components/page-builder/PageBuilder.tsx(708,62): error TS2464: A computed property name must be of type 'string', 'number', 'symbol', or 'any'.
components/page-builder/PageBuilder.tsx(865,12): error TS2393: Duplicate function implementation.
components/page-builder/PageBuilder.tsx(954,27): error TS2339: Property 'zIndex' does not exist on type 'BaseElement'.
components/page-builder/PageBuilder.tsx(955,29): error TS2339: Property 'parentId' does not exist on type 'BaseElement'.
components/page-builder/PageBuilder.tsx(1005,13): error TS2739: Type '{ id: string; name: any; slug: any; elements: any; settings: { width: number; height: number; backgroundColor: string; padding: { top: number; right: number; bottom: number; left: number; }; margin: { top: number; right: number; bottom: number; left: number; }; }; theme: Theme; }' is missing the following properties from type 'Page': createdAt, updatedAt
components/page-builder/panels/PropertiesPanel.tsx(71,85): error TS7006: Parameter 'p' implicitly has an 'any' type.
components/page-builder/panels/PropertiesPanel.tsx(93,110): error TS7006: Parameter 'p' implicitly has an 'any' type.
components/page-builder/panels/PropertiesPanel.tsx(98,113): error TS7006: Parameter 'p' implicitly has an 'any' type.
components/page-builder/panels/PropertiesPanel.tsx(487,25): error TS2339: Property 'title' does not exist on type 'Page'.
components/page-builder/panels/SavePublishPanel.tsx(4,10): error TS2305: Module '"../types"' has no exported member 'PageBuilderDocument'.
components/page-builder/panels/SimplifiedPropertyFilterPanel.tsx(158,93): error TS2554: Expected 1-2 arguments, but got 3.
components/page-builder/panels/SimplifiedPropertyFilterPanel.tsx(168,96): error TS2345: Argument of type 'string' is not assignable to parameter of type 'Record<string, unknown>'.
components/page-builder/RealtimePreview.tsx(5,10): error TS2305: Module '"./PageBuilder"' has no exported member 'PageBlock'.
components/page-builder/RealtimePreview.tsx(5,21): error TS2305: Module '"./PageBuilder"' has no exported member 'CategoryConfig'.
components/page-builder/templates/TemplateSelector.tsx(34,46): error TS2353: Object literal may only specify known properties, and 'border' does not exist in type 'Style'.
components/RoleSelector.tsx(38,32): error TS2339: Property 'icon' does not exist on type 'RoleDefinition'.
components/RoleSelector.tsx(54,29): error TS2339: Property 'role' does not exist on type 'RoleDefinition'.
components/RoleSelector.tsx(55,56): error TS2339: Property 'role' does not exist on type 'RoleDefinition'.
components/RoleSelector.tsx(57,42): error TS2339: Property 'role' does not exist on type 'RoleDefinition'.
components/RoleSelector.tsx(63,54): error TS2339: Property 'icon' does not exist on type 'RoleDefinition'.
components/RoleSelector.tsx(73,41): error TS2339: Property 'level' does not exist on type 'RoleDefinition'.
components/ui/Badge.tsx(38,71): error TS7053: Element implicitly has an 'any' type because expression of type '"info" | "error" | "default" | "warning" | "success" | "outline" | "secondary"' can't be used to index type '{ default: string; success: string; warning: string; error: string; info: string; }'.
  Property 'outline' does not exist on type '{ default: string; success: string; warning: string; error: string; info: string; }'.
components/ui/Button.tsx(26,26): error TS7053: Element implicitly has an 'any' type because expression of type '"success" | "outline" | "primary" | "secondary" | "ghost" | "danger"' can't be used to index type '{ primary: string; secondary: string; ghost: string; danger: string; success: string; }'.
  Property 'outline' does not exist on type '{ primary: string; secondary: string; ghost: string; danger: string; success: string; }'.
components/ui/CommentsModal.tsx(87,60): error TS2345: Argument of type 'number' is not assignable to parameter of type 'Record<string, unknown>'.
components/ui/CommentsModal.tsx(138,67): error TS2554: Expected 1-2 arguments, but got 3.
components/ui/CommentsModal.tsx(398,64): error TS2339: Property 'user_id' does not exist on type 'Comment'.
components/ui/Modal.tsx(77,106): error TS2345: Argument of type 'number' is not assignable to parameter of type 'Record<string, unknown>'.
components/ui/Modal.tsx(96,65): error TS2345: Argument of type '"full" | "sm" | "md" | "lg" | "xl" | "2xl" | "3xl"' is not assignable to parameter of type 'Record<string, unknown> | undefined'.
  Type 'string' is not assignable to type 'Record<string, unknown>'.
components/ui/Toast.tsx(162,43): error TS2554: Expected 1-2 arguments, but got 3.
components/ui/Toast.tsx(165,41): error TS2554: Expected 1-2 arguments, but got 3.
components/ui/Toast.tsx(168,43): error TS2554: Expected 1-2 arguments, but got 3.
components/ui/Toast.tsx(171,40): error TS2554: Expected 1-2 arguments, but got 3.
components/UnifiedExportButtons.tsx(59,30): error TS2339: Property 'clientId' does not exist on type 'CartItem'.
components/UserRoleBadge.tsx(39,41): error TS2339: Property 'icon' does not exist on type 'RoleDefinition'.
lib/analytics/quote-analytics.ts(79,17): error TS2353: Object literal may only specify known properties, and 'total' does not exist in type 'QuoteSumAggregateInputType'.
lib/analytics/quote-analytics.ts(80,17): error TS2353: Object literal may only specify known properties, and 'total' does not exist in type 'QuoteAvgAggregateInputType'.
lib/analytics/quote-analytics.ts(84,31): error TS18048: 'totalValueResult._sum' is possibly 'undefined'.
lib/analytics/quote-analytics.ts(84,53): error TS2339: Property 'total' does not exist on type '{ subtotal?: number | null | undefined; tax_amount?: number | null | undefined; total_amount?: number | null | undefined; }'.
lib/analytics/quote-analytics.ts(85,33): error TS18048: 'totalValueResult._avg' is possibly 'undefined'.
lib/analytics/quote-analytics.ts(85,55): error TS2339: Property 'total' does not exist on type '{ subtotal?: number | null | undefined; tax_amount?: number | null | undefined; total_amount?: number | null | undefined; }'.
lib/api/response.ts(131,9): error TS2698: Spread types may only be created from object types.
lib/auth/api-protection.ts(6,42): error TS2305: Module '"./middleware"' has no exported member 'requireRole'.
lib/auth/api-protection.ts(6,55): error TS2305: Module '"./middleware"' has no exported member 'AuthContext'.
lib/auth/api-protection.ts(6,68): error TS2305: Module '"./middleware"' has no exported member 'Role'.
lib/auth/api-protection.ts(22,24): error TS2555: Expected at least 2 arguments, but got 1.
lib/auth/api-protection.ts(22,24): error TS2345: Argument of type 'Promise<NextResponse<unknown>>' is not assignable to parameter of type '(req: NextRequest, user: AuthenticatedUser) => Promise<NextResponse<unknown>>'.
  Type 'Promise<NextResponse<unknown>>' provides no match for the signature '(req: NextRequest, user: AuthenticatedUser): Promise<NextResponse<unknown>>'.
lib/auth/api-protection.ts(22,54): error TS2345: Argument of type '(req: NextRequest, context: AuthContext) => Promise<NextResponse<unknown>>' is not assignable to parameter of type 'NextRequest'.
lib/auth/api-protection.ts(79,34): error TS2339: Property 'getRolePermissions' does not exist on type '{ getAllRoles(): RoleDefinition[]; getRole(role: string): RoleDefinition | null; getManageableRoles(currentRole: string): RoleDefinition[]; hasPermission(role: string, permission: string): boolean; canManageRole(managerRole: string, targetRole: string): boolean; }'.
lib/auth/api-protection.ts(113,22): error TS2339: Property 'ip' does not exist on type 'NextRequest'.
lib/auth/AuthContext.tsx(34,19): error TS2345: Argument of type '{ id: string | null; email: string | null; role: string | null; firstName: string | null; lastName: string | null; middleName: string | null; }' is not assignable to parameter of type 'SetStateAction<User | null>'.
  Type '{ id: string | null; email: string | null; role: string | null; firstName: string | null; lastName: string | null; middleName: string | null; }' is not assignable to type 'User'.
    Types of property 'id' are incompatible.
      Type 'string | null' is not assignable to type 'string'.
        Type 'null' is not assignable to type 'string'.
lib/auth/jwt.ts(34,14): error TS2769: No overload matches this call.
  Overload 1 of 5, '(payload: string | object | Buffer, secretOrPrivateKey: null, options?: (SignOptions & { algorithm: "none"; }) | undefined): string', gave the following error.
    Argument of type 'string' is not assignable to parameter of type 'null'.
  Overload 2 of 5, '(payload: string | object | Buffer, secretOrPrivateKey: Secret | JsonWebKeyInput | PrivateKeyInput, options?: SignOptions | undefined): string', gave the following error.
    Type 'string' is not assignable to type 'number | StringValue | undefined'.
  Overload 3 of 5, '(payload: string | object | Buffer, secretOrPrivateKey: Secret | JsonWebKeyInput | PrivateKeyInput, callback: SignCallback): void', gave the following error.
    Object literal may only specify known properties, and 'expiresIn' does not exist in type 'SignCallback'.
lib/cache/redis-cache.ts(5,19): error TS2307: Cannot find module 'ioredis' or its corresponding type declarations.
lib/canonical-properties.ts(122,3): error TS1117: An object literal cannot have multiple properties with the same name.
lib/canonical-properties.ts(174,3): error TS2322: Type '"unit"' is not assignable to type 'CanonicalPropertyValue'.
lib/canonical-properties.ts(175,3): error TS2322: Type '"unit"' is not assignable to type 'CanonicalPropertyValue'.
lib/cart/cart-service.ts(138,7): error TS2739: Type '{ id: string; addedAt: Date; updatedAt: Date; specifications?: Record<string, any> | undefined; images?: string[] | undefined; categoryId: string; productId: string; ... 7 more ...; modifications: CartItemModification[]; }' is missing the following properties from type 'CartItem': subtotal, discount, tax, total
lib/cart/cart-service.ts(187,33): error TS2339: Property 'hardwareKitId' does not exist on type 'CartItem'.
lib/cart/cart-service.ts(188,26): error TS2339: Property 'metadata' does not exist on type 'CartItem'.
lib/cart/cart-service.ts(189,25): error TS2339: Property 'metadata' does not exist on type 'CartItem'.
lib/cart/cart-service.ts(190,25): error TS2339: Property 'metadata' does not exist on type 'CartItem'.
lib/cart/cart-service.ts(191,26): error TS2339: Property 'metadata' does not exist on type 'CartItem'.
lib/cart/cart-service.ts(213,18): error TS2339: Property 'hardwareKitId' does not exist on type 'Partial<CartItem>'.
lib/cart/cart-service.ts(213,57): error TS2339: Property 'metadata' does not exist on type 'Partial<CartItem>'.
lib/cart/cart-service.ts(487,45): error TS2339: Property 'metadata' does not exist on type 'CartItem'.
lib/cart/cart-service.ts(490,23): error TS2339: Property 'metadata' does not exist on type 'CartItem'.
lib/cart/cart-service.ts(491,23): error TS2339: Property 'metadata' does not exist on type 'CartItem'.
lib/cart/cart-service.ts(492,24): error TS2339: Property 'metadata' does not exist on type 'CartItem'.
lib/cart/cart-service.ts(493,23): error TS2339: Property 'metadata' does not exist on type 'CartItem'.
lib/cart/cart-service.ts(494,23): error TS2339: Property 'metadata' does not exist on type 'CartItem'.
lib/cart/cart-service.ts(495,24): error TS2339: Property 'metadata' does not exist on type 'CartItem'.
lib/cart/cart-service.ts(496,30): error TS2339: Property 'hardwareKitId' does not exist on type 'CartItem'.
lib/cart/cart-service.ts(496,57): error TS2339: Property 'hardwareKitId' does not exist on type 'CartItem'.
lib/cart/price-recalculation-service.ts(3,26): error TS2307: Cannot find module '@/types/cart' or its corresponding type declarations.
lib/cart/price-recalculation-service.ts(218,11): error TS18046: 'error' is of type 'unknown'.
lib/configurator/useConfiguratorData.ts(140,42): error TS2339: Property 'name' does not exist on type '{ id: string; option_type?: string | undefined; option_name?: string | undefined; price_surcharge?: number | undefined; photo_path?: string | null | undefined; supplier?: string | undefined; }'.
lib/configurator/useConfiguratorData.ts(357,41): error TS2345: Argument of type 'string | null' is not assignable to parameter of type 'string'.
  Type 'null' is not assignable to type 'string'.
lib/configurator/useConfiguratorData.ts(489,24): error TS2339: Property 'total' does not exist on type '{}'.
lib/configurator/useConfiguratorData.ts(491,26): error TS2339: Property 'currency' does not exist on type '{}'.
lib/configurator/useConfiguratorData.ts(492,22): error TS2339: Property 'base' does not exist on type '{}'.
lib/configurator/useConfiguratorData.ts(493,27): error TS2339: Property 'breakdown' does not exist on type '{}'.
lib/configurator/useConfiguratorData.ts(494,23): error TS2339: Property 'total' does not exist on type '{}'.
lib/configurator/useConfiguratorData.ts(495,21): error TS2339: Property 'sku' does not exist on type '{}'.
lib/export/puppeteer-generator.ts(283,7): error TS2353: Object literal may only specify known properties, and 'ignoreHTTPSErrors' does not exist in type 'LaunchOptions'.
lib/export/puppeteer-generator.ts(1454,18): error TS2339: Property 'orderItem' does not exist on type 'PrismaClient<PrismaClientOptions, never, DefaultArgs>'.
lib/file-encoding-fixer.ts(80,9): error TS2769: No overload matches this call.
  Overload 1 of 2, '(data: unknown[][], opts?: AOA2SheetOpts | undefined): WorkSheet', gave the following error.
    Type 'unknown' is not assignable to type 'unknown[]'.
  Overload 2 of 2, '(data: any[][], opts?: AOA2SheetOpts | undefined): WorkSheet', gave the following error.
    Type 'unknown' is not assignable to type 'any[]'.
lib/monitoring/logger.ts(233,7): error TS2353: Object literal may only specify known properties, and 'method' does not exist in type 'LogContext'.
lib/nocode/drag-drop.tsx(8,3): error TS2865: Import 'DropZone' conflicts with local value, so must be declared with a type-only import when 'isolatedModules' is enabled.
lib/nocode/professional-components.ts(522,5): error TS2322: Type '{ display?: "grid" | "flex" | "block" | "inline-block" | undefined; position?: "fixed" | "absolute" | "relative" | "static" | undefined; flexDirection?: "row" | "column" | "row-reverse" | "column-reverse"; ... 18 more ...; filter?: string | undefined; }' is not assignable to type 'ComponentStyles'.
  Types of property 'display' are incompatible.
    Type '"grid" | "flex" | "block" | "inline-block" | undefined' is not assignable to type '"grid" | "flex" | "block" | "inline-block"'.
      Type 'undefined' is not assignable to type '"grid" | "flex" | "block" | "inline-block"'.
lib/nocode/professional-components.ts(525,5): error TS2322: Type '{ source?: "user" | "products" | "custom" | "categories" | "cart" | undefined; field?: string | undefined; transform?: string; filter?: string; sort?: { field: string; direction: "asc" | "desc"; }; limit?: number; }' is not assignable to type 'DataBindingConfig'.
  Types of property 'source' are incompatible.
    Type '"user" | "products" | "custom" | "categories" | "cart" | undefined' is not assignable to type '"user" | "products" | "custom" | "categories" | "cart"'.
      Type 'undefined' is not assignable to type '"user" | "products" | "custom" | "categories" | "cart"'.
lib/notificationUtils.ts(85,3): error TS2322: Type '(message: string) => boolean' is not assignable to type '((message?: string | undefined) => boolean) & ((message?: string | undefined) => boolean)'.
  Type '(message: string) => boolean' is not assignable to type '(message?: string | undefined) => boolean'.
    Types of parameters 'message' and 'message' are incompatible.
      Type 'string | undefined' is not assignable to type 'string'.
        Type 'undefined' is not assignable to type 'string'.
lib/property-photos.ts(56,5): error TS2322: Type '{ id: string; createdAt: Date; updatedAt: Date; categoryId: string; propertyName: string; propertyValue: string; photoPath: string; photoType: string; originalFilename: string | null; fileSize: number | null; mimeType: string | null; }[]' is not assignable to type 'PropertyPhotoInfo[]'.
  Type '{ id: string; createdAt: Date; updatedAt: Date; categoryId: string; propertyName: string; propertyValue: string; photoPath: string; photoType: string; originalFilename: string | null; fileSize: number | null; mimeType: string | null; }' is not assignable to type 'PropertyPhotoInfo'.
    Types of property 'originalFilename' are incompatible.
      Type 'string | null' is not assignable to type 'string | undefined'.
        Type 'null' is not assignable to type 'string | undefined'.
lib/property-photos.ts(83,5): error TS2322: Type '{ id: string; createdAt: Date; updatedAt: Date; categoryId: string; propertyName: string; propertyValue: string; photoPath: string; photoType: string; originalFilename: string | null; fileSize: number | null; mimeType: string | null; }[]' is not assignable to type 'PropertyPhotoInfo[]'.
lib/property-photos.ts(215,5): error TS2322: Type '{ id: string; createdAt: Date; updatedAt: Date; categoryId: string; propertyName: string; propertyValue: string; photoPath: string; photoType: string; originalFilename: string | null; fileSize: number | null; mimeType: string | null; }' is not assignable to type 'PropertyPhotoInfo'.
lib/property-photos.ts(281,36): error TS2345: Argument of type '{ id: string; createdAt: Date; updatedAt: Date; categoryId: string; propertyName: string; propertyValue: string; photoPath: string; photoType: string; originalFilename: string | null; fileSize: number | null; mimeType: string | null; }' is not assignable to parameter of type 'PropertyPhotoInfo'.
lib/repositories/base.repository.ts(36,28): error TS7053: Element implicitly has an 'any' type because expression of type 'string' can't be used to index type 'PrismaClient<PrismaClientOptions, never, DefaultArgs>'.
  No index signature with a parameter of type 'string' was found on type 'PrismaClient<PrismaClientOptions, never, DefaultArgs>'.
lib/repositories/base.repository.ts(73,32): error TS7053: Element implicitly has an 'any' type because expression of type 'string' can't be used to index type 'PrismaClient<PrismaClientOptions, never, DefaultArgs>'.
  No index signature with a parameter of type 'string' was found on type 'PrismaClient<PrismaClientOptions, never, DefaultArgs>'.
lib/repositories/base.repository.ts(97,28): error TS7053: Element implicitly has an 'any' type because expression of type 'string' can't be used to index type 'PrismaClient<PrismaClientOptions, never, DefaultArgs>'.
  No index signature with a parameter of type 'string' was found on type 'PrismaClient<PrismaClientOptions, never, DefaultArgs>'.
lib/repositories/base.repository.ts(127,13): error TS7053: Element implicitly has an 'any' type because expression of type 'string' can't be used to index type 'PrismaClient<PrismaClientOptions, never, DefaultArgs>'.
  No index signature with a parameter of type 'string' was found on type 'PrismaClient<PrismaClientOptions, never, DefaultArgs>'.
lib/repositories/base.repository.ts(296,49): error TS2353: Object literal may only specify known properties, and 'error' does not exist in type 'LogContext'.
lib/repositories/base.repository.ts(296,56): error TS18046: 'error' is of type 'unknown'.
lib/repositories/base.repository.ts(320,11): error TS7053: Element implicitly has an 'any' type because expression of type 'string' can't be used to index type 'PrismaClient<PrismaClientOptions, never, DefaultArgs>'.
  No index signature with a parameter of type 'string' was found on type 'PrismaClient<PrismaClientOptions, never, DefaultArgs>'.
lib/repositories/base.repository.ts(321,11): error TS7053: Element implicitly has an 'any' type because expression of type 'string' can't be used to index type 'PrismaClient<PrismaClientOptions, never, DefaultArgs>'.
  No index signature with a parameter of type 'string' was found on type 'PrismaClient<PrismaClientOptions, never, DefaultArgs>'.
lib/repositories/base.repository.ts(322,11): error TS7053: Element implicitly has an 'any' type because expression of type 'string' can't be used to index type 'PrismaClient<PrismaClientOptions, never, DefaultArgs>'.
  No index signature with a parameter of type 'string' was found on type 'PrismaClient<PrismaClientOptions, never, DefaultArgs>'.
lib/repositories/base.repository.ts(341,28): error TS7053: Element implicitly has an 'any' type because expression of type 'string' can't be used to index type 'PrismaClient<PrismaClientOptions, never, DefaultArgs>'.
  No index signature with a parameter of type 'string' was found on type 'PrismaClient<PrismaClientOptions, never, DefaultArgs>'.
lib/repositories/base.repository.ts(370,28): error TS7053: Element implicitly has an 'any' type because expression of type 'string' can't be used to index type 'PrismaClient<PrismaClientOptions, never, DefaultArgs>'.
  No index signature with a parameter of type 'string' was found on type 'PrismaClient<PrismaClientOptions, never, DefaultArgs>'.
lib/repositories/client.repository.ts(131,9): error TS2322: Type '{ isActive?: boolean | undefined; customFields?: string | undefined; compilationLeadNumber?: string | null | undefined; objectId?: string | null | undefined; address?: string | undefined; phone?: string | undefined; middleName?: string | ... 1 more ... | undefined; lastName?: string | undefined; firstName?: string |...' is not assignable to type '(Without<ClientUpdateInput, ClientUncheckedUpdateInput> & ClientUncheckedUpdateInput) | (Without<...> & ClientUpdateInput)'.
  Type '{ isActive?: boolean | undefined; customFields?: string | undefined; compilationLeadNumber?: string | null | undefined; objectId?: string | null | undefined; address?: string | undefined; phone?: string | undefined; middleName?: string | ... 1 more ... | undefined; lastName?: string | undefined; firstName?: string |...' is not assignable to type 'Without<ClientUncheckedUpdateInput, ClientUpdateInput> & ClientUpdateInput'.
    Type '{ isActive?: boolean | undefined; customFields?: string | undefined; compilationLeadNumber?: string | null | undefined; objectId?: string | null | undefined; address?: string | undefined; phone?: string | undefined; middleName?: string | ... 1 more ... | undefined; lastName?: string | undefined; firstName?: string |...' is not assignable to type 'ClientUpdateInput'.
      Types of property 'objectId' are incompatible.
        Type 'string | null | undefined' is not assignable to type 'string | StringFieldUpdateOperationsInput | undefined'.
          Type 'null' is not assignable to type 'string | StringFieldUpdateOperationsInput | undefined'.
lib/repositories/document.repository.ts(312,18): error TS2551: Property 'supplierOrderItem' does not exist on type 'PrismaClient<PrismaClientOptions, never, DefaultArgs>'. Did you mean 'supplierOrder'?
lib/repositories/document.repository.ts(348,9): error TS2353: Object literal may only specify known properties, and 'orderItems' does not exist in type 'OrderInclude<DefaultArgs>'.
lib/repositories/document.repository.ts(356,5): error TS2322: Type '{ number: string; id: string; created_at: Date; updated_at: Date; client_id: string; status: string; total_amount: number | null; invoice_id: string | null; lead_number: string | null; ... 13 more ...; notes: string | null; } | null' is not assignable to type '({ client: { id: string; isActive: boolean; createdAt: Date; updatedAt: Date; firstName: string; lastName: string; middleName: string | null; phone: string; address: string; objectId: string; compilationLeadNumber: string | null; customFields: string; }; invoice: { ...; } | null; } & { ...; }) | null'.
  Type '{ number: string; id: string; created_at: Date; updated_at: Date; client_id: string; status: string; total_amount: number | null; invoice_id: string | null; lead_number: string | null; ... 13 more ...; notes: string | null; }' is not assignable to type '{ client: { id: string; isActive: boolean; createdAt: Date; updatedAt: Date; firstName: string; lastName: string; middleName: string | null; phone: string; address: string; objectId: string; compilationLeadNumber: string | null; customFields: string; }; invoice: { ...; } | null; } & { ...; }'.
    Type '{ number: string; id: string; created_at: Date; updated_at: Date; client_id: string; status: string; total_amount: number | null; invoice_id: string | null; lead_number: string | null; ... 13 more ...; notes: string | null; }' is missing the following properties from type '{ client: { id: string; isActive: boolean; createdAt: Date; updatedAt: Date; firstName: string; lastName: string; middleName: string | null; phone: string; address: string; objectId: string; compilationLeadNumber: string | null; customFields: string; }; invoice: { ...; } | null; }': client, invoice
lib/repositories/document.repository.ts(398,5): error TS2322: Type '({ client: { id: string; isActive: boolean; createdAt: Date; updatedAt: Date; firstName: string; lastName: string; middleName: string | null; phone: string; address: string; objectId: string; compilationLeadNumber: string | null; customFields: string; }; invoice_items: { ...; }[]; } & { ...; }) | null' is not assignable to type '({ client: { id: string; isActive: boolean; createdAt: Date; updatedAt: Date; firstName: string; lastName: string; middleName: string | null; phone: string; address: string; objectId: string; compilationLeadNumber: string | null; customFields: string; }; order: { ...; } | null; invoice_items: { ...; }[]; } & { ...; ...'.
  Type '{ client: { id: string; isActive: boolean; createdAt: Date; updatedAt: Date; firstName: string; lastName: string; middleName: string | null; phone: string; address: string; objectId: string; compilationLeadNumber: string | null; customFields: string; }; invoice_items: { ...; }[]; } & { ...; }' is not assignable to type '({ client: { id: string; isActive: boolean; createdAt: Date; updatedAt: Date; firstName: string; lastName: string; middleName: string | null; phone: string; address: string; objectId: string; compilationLeadNumber: string | null; customFields: string; }; order: { ...; } | null; invoice_items: { ...; }[]; } & { ...; ...'.
    Type '{ client: { id: string; isActive: boolean; createdAt: Date; updatedAt: Date; firstName: string; lastName: string; middleName: string | null; phone: string; address: string; objectId: string; compilationLeadNumber: string | null; customFields: string; }; invoice_items: { ...; }[]; } & { ...; }' is not assignable to type '{ client: { id: string; isActive: boolean; createdAt: Date; updatedAt: Date; firstName: string; lastName: string; middleName: string | null; phone: string; address: string; objectId: string; compilationLeadNumber: string | null; customFields: string; }; order: { ...; } | null; invoice_items: { ...; }[]; } & { ...; }'.
      Property 'order' is missing in type '{ client: { id: string; isActive: boolean; createdAt: Date; updatedAt: Date; firstName: string; lastName: string; middleName: string | null; phone: string; address: string; objectId: string; compilationLeadNumber: string | null; customFields: string; }; invoice_items: { ...; }[]; } & { ...; }' but required in type '{ client: { id: string; isActive: boolean; createdAt: Date; updatedAt: Date; firstName: string; lastName: string; middleName: string | null; phone: string; address: string; objectId: string; compilationLeadNumber: string | null; customFields: string; }; order: { ...; } | null; invoice_items: { ...; }[]; }'.
lib/repositories/product.repository.ts(11,44): error TS2304: Cannot find name 'Product'.
lib/repositories/product.repository.ts(12,11): error TS2304: Cannot find name 'ProductImage'.
lib/repositories/product.repository.ts(94,12): error TS2304: Cannot find name 'cacheService'.
lib/repositories/product.repository.ts(99,11): error TS2322: Type '{ images: { orderBy: { sort_order: string; }; }; category: { select: { id: boolean; name: boolean; slug: boolean; }; }; }' is not assignable to type 'ProductInclude<DefaultArgs>'.
lib/repositories/product.repository.ts(102,16): error TS2352: Conversion of type '{ name: string; model: string | null; id: string; is_active: boolean; created_at: Date; updated_at: Date; base_price: number; description: string | null; catalog_category_id: string; ... 11 more ...; is_featured: boolean; } | null' to type 'ProductWithImages' may be a mistake because neither type sufficiently overlaps with the other. If this was intentional, convert the expression to 'unknown' first.
  Type '{ name: string; model: string | null; id: string; is_active: boolean; created_at: Date; updated_at: Date; base_price: number; description: string | null; catalog_category_id: string; ... 11 more ...; is_featured: boolean; }' is not comparable to type 'ProductWithImages'.
lib/repositories/product.repository.ts(114,14): error TS2304: Cannot find name 'PaginationResult'.
lib/repositories/product.repository.ts(132,14): error TS2304: Cannot find name 'PaginationResult'.
lib/repositories/product.repository.ts(150,14): error TS2304: Cannot find name 'PaginationResult'.
lib/repositories/product.repository.ts(169,14): error TS2304: Cannot find name 'PaginationResult'.
lib/repositories/product.repository.ts(187,57): error TS2304: Cannot find name 'PaginationResult'.
lib/repositories/product.repository.ts(205,58): error TS2304: Cannot find name 'PaginationResult'.
lib/repositories/product.repository.ts(227,12): error TS2304: Cannot find name 'cacheService'.
lib/repositories/product.repository.ts(233,22): error TS2353: Object literal may only specify known properties, and 'category' does not exist in type 'ProductInclude<DefaultArgs>'.
lib/repositories/product.repository.ts(245,17): error TS2353: Object literal may only specify known properties, and 'category_id' does not exist in type 'ProductWhereInput'.
lib/repositories/product.repository.ts(245,38): error TS2339: Property 'category_id' does not exist on type '{ name: string; model: string | null; id: string; is_active: boolean; created_at: Date; updated_at: Date; base_price: number; description: string | null; catalog_category_id: string; ... 11 more ...; is_featured: boolean; }'.
lib/repositories/product.repository.ts(248,27): error TS2322: Type '{ tags: { hasSome: string; }; }' is not assignable to type 'ProductWhereInput'.
  Types of property 'tags' are incompatible.
    Object literal may only specify known properties, and 'hasSome' does not exist in type 'StringFilter<"Product">'.
lib/repositories/product.repository.ts(252,11): error TS2322: Type '{ images: { orderBy: { sort_order: string; }; }; category: { select: { id: boolean; name: boolean; slug: boolean; }; }; }' is not assignable to type 'ProductInclude<DefaultArgs>'.
lib/repositories/product.repository.ts(260,16): error TS2352: Conversion of type '{ name: string; model: string | null; id: string; is_active: boolean; created_at: Date; updated_at: Date; base_price: number; description: string | null; catalog_category_id: string; ... 11 more ...; is_featured: boolean; }[]' to type 'ProductWithImages[]' may be a mistake because neither type sufficiently overlaps with the other. If this was intentional, convert the expression to 'unknown' first.
  Type '{ name: string; model: string | null; id: string; is_active: boolean; created_at: Date; updated_at: Date; base_price: number; description: string | null; catalog_category_id: string; ... 11 more ...; is_featured: boolean; }' is not comparable to type 'ProductWithImages'.
lib/repositories/product.repository.ts(276,9): error TS2322: Type '{ images: { orderBy: { sort_order: string; }; }; category: { select: { id: boolean; name: boolean; slug: boolean; }; }; }' is not assignable to type 'ProductInclude<DefaultArgs>'.
  Types of property 'images' are incompatible.
    Type '{ orderBy: { sort_order: string; }; }' is not assignable to type 'boolean | Product$imagesArgs<DefaultArgs> | undefined'.
      Type '{ orderBy: { sort_order: string; }; }' is not assignable to type 'Product$imagesArgs<DefaultArgs>'.
        Types of property 'orderBy' are incompatible.
          Type '{ sort_order: string; }' is not assignable to type 'ProductImageOrderByWithRelationInput | ProductImageOrderByWithRelationInput[] | undefined'.
            Type '{ sort_order: string; }' is not assignable to type 'ProductImageOrderByWithRelationInput'.
              Types of property 'sort_order' are incompatible.
                Type 'string' is not assignable to type 'SortOrder | undefined'.
lib/repositories/product.repository.ts(287,14): error TS2352: Conversion of type '{ name: string; model: string | null; id: string; is_active: boolean; created_at: Date; updated_at: Date; base_price: number; description: string | null; catalog_category_id: string; ... 11 more ...; is_featured: boolean; }' to type 'ProductWithImages' may be a mistake because neither type sufficiently overlaps with the other. If this was intentional, convert the expression to 'unknown' first.
  Type '{ name: string; model: string | null; id: string; is_active: boolean; created_at: Date; updated_at: Date; base_price: number; description: string | null; catalog_category_id: string; ... 11 more ...; is_featured: boolean; }' is missing the following properties from type 'ProductWithImages': images, category
lib/repositories/product.repository.ts(310,12): error TS2304: Cannot find name 'cacheService'.
lib/repositories/product.repository.ts(332,13): error TS2322: Type '"category_id"[]' is not assignable to type 'ProductScalarFieldEnum | ProductScalarFieldEnum[]'.
  Type '"category_id"[]' is not assignable to type 'ProductScalarFieldEnum[]'.
    Type '"category_id"' is not assignable to type 'ProductScalarFieldEnum'.
lib/repositories/product.repository.ts(351,38): error TS2345: Argument of type '(item: { category_id: string; _count: { id: number; }; }) => { category: string; count: number; }' is not assignable to parameter of type '(value: PickEnumerable<ProductGroupByOutputType, ProductScalarFieldEnum | ProductScalarFieldEnum[]> & { ...; }, index: number, array: (PickEnumerable<...> & { ...; })[]) => { ...; }'.
  Types of parameters 'item' and 'value' are incompatible.
    Property 'category_id' is missing in type 'PickEnumerable<ProductGroupByOutputType, ProductScalarFieldEnum | ProductScalarFieldEnum[]> & { ...; }' but required in type '{ category_id: string; _count: { id: number; }; }'.
lib/repositories/product.repository.ts(371,14): error TS2304: Cannot find name 'PaginationResult'.
lib/repositories/product.repository.ts(402,60): error TS2304: Cannot find name 'PaginationResult'.
lib/repositories/product.repository.ts(423,14): error TS2304: Cannot find name 'ProductImage'.
lib/services/catalog.service.ts(44,22): error TS2345: Argument of type '(category: CatalogCategory) => Promise<{ name: string; products_count: number; direct_products_count: number; subcategory_products_count: number; id: string; parent_id?: string; level: number; ... 6 more ...; parent?: CatalogCategory; }>' is not assignable to parameter of type '(value: { name: string; path: string; id: string; is_active: boolean; created_at: Date; updated_at: Date; level: number; parent_id: string | null; sort_order: number; products_count: number; }, index: number, array: { ...; }[]) => Promise<...>'.
  Types of parameters 'category' and 'value' are incompatible.
    Type '{ name: string; path: string; id: string; is_active: boolean; created_at: Date; updated_at: Date; level: number; parent_id: string | null; sort_order: number; products_count: number; }' is not assignable to type 'CatalogCategory'.
      Types of property 'parent_id' are incompatible.
        Type 'string | null' is not assignable to type 'string | undefined'.
lib/services/catalog.service.ts(175,5): error TS2322: Type '{ products_count: number; parent: { name: string; path: string; id: string; is_active: boolean; created_at: Date; updated_at: Date; level: number; parent_id: string | null; sort_order: number; products_count: number; } | null; ... 12 more ...; sort_order: number; }' is not assignable to type 'CategoryWithPropertiesResponse'.
  Types of property 'property_assignments' are incompatible.
    Type '({ product_property: { name: string; id: string; is_active: boolean; created_at: Date; updated_at: Date; type: string; description: string | null; options: string | null; is_required: boolean; }; } & { ...; })[]' is not assignable to type 'CategoryPropertyAssignment[]'.
      Type '{ product_property: { name: string; id: string; is_active: boolean; created_at: Date; updated_at: Date; type: string; description: string | null; options: string | null; is_required: boolean; }; } & { ...; }' is not assignable to type 'CategoryPropertyAssignment'.
        The types of 'product_property.type' are incompatible between these types.
          Type 'string' is not assignable to type 'PropertyType'.
lib/services/catalog.service.ts(206,5): error TS2322: Type '{ name: string; path: string; id: string; is_active: boolean; created_at: Date; updated_at: Date; level: number; parent_id: string | null; sort_order: number; products_count: number; }' is not assignable to type 'CatalogCategory'.
lib/services/catalog.service.ts(226,7): error TS2322: Type '{ name: string; path: string; id: string; is_active: boolean; created_at: Date; updated_at: Date; level: number; parent_id: string | null; sort_order: number; products_count: number; }' is not assignable to type 'CatalogCategory'.
lib/services/catalog.service.ts(236,5): error TS2322: Type '{ name: string; path: string; id: string; is_active: boolean; created_at: Date; updated_at: Date; level: number; parent_id: string | null; sort_order: number; products_count: number; }' is not assignable to type 'CatalogCategory'.
lib/services/catalog.service.ts(285,44): error TS2769: No overload matches this call.
  Overload 1 of 2, '(predicate: (value: { category_assignments: ({ catalog_category: { name: string; path: string; id: string; is_active: boolean; created_at: Date; updated_at: Date; level: number; parent_id: string | null; sort_order: number; products_count: number; }; } & { ...; })[]; } & { ...; }, index: number, array: ({ ...; } & { ...; })[]) => value is { ...; } & { ...; }, thisArg?: any): ({ ...; } & { ...; })[]', gave the following error.
    Argument of type '(p: ProductProperty & { category_assignments?: unknown[]; }) => boolean' is not assignable to parameter of type '(value: { category_assignments: ({ catalog_category: { name: string; path: string; id: string; is_active: boolean; created_at: Date; updated_at: Date; level: number; parent_id: string | null; sort_order: number; products_count: number; }; } & { ...; })[]; } & { ...; }, index: number, array: ({ ...; } & { ...; })[]) ...'.
      Types of parameters 'p' and 'value' are incompatible.
        Type '{ category_assignments: ({ catalog_category: { name: string; path: string; id: string; is_active: boolean; created_at: Date; updated_at: Date; level: number; parent_id: string | null; sort_order: number; products_count: number; }; } & { ...; })[]; } & { ...; }' is not assignable to type 'ProductProperty & { category_assignments?: unknown[] | undefined; }'.
          Type '{ category_assignments: ({ catalog_category: { name: string; path: string; id: string; is_active: boolean; created_at: Date; updated_at: Date; level: number; parent_id: string | null; sort_order: number; products_count: number; }; } & { ...; })[]; } & { ...; }' is not assignable to type 'ProductProperty'.
            Types of property 'type' are incompatible.
              Type 'string' is not assignable to type 'PropertyType'.
  Overload 2 of 2, '(predicate: (value: { category_assignments: ({ catalog_category: { name: string; path: string; id: string; is_active: boolean; created_at: Date; updated_at: Date; level: number; parent_id: string | null; sort_order: number; products_count: number; }; } & { ...; })[]; } & { ...; }, index: number, array: ({ ...; } & { ...; })[]) => unknown, thisArg?: any): ({ ...; } & { ...; })[]', gave the following error.
    Argument of type '(p: ProductProperty & { category_assignments?: unknown[]; }) => boolean' is not assignable to parameter of type '(value: { category_assignments: ({ catalog_category: { name: string; path: string; id: string; is_active: boolean; created_at: Date; updated_at: Date; level: number; parent_id: string | null; sort_order: number; products_count: number; }; } & { ...; })[]; } & { ...; }, index: number, array: ({ ...; } & { ...; })[]) ...'.
      Types of parameters 'p' and 'value' are incompatible.
        Type '{ category_assignments: ({ catalog_category: { name: string; path: string; id: string; is_active: boolean; created_at: Date; updated_at: Date; level: number; parent_id: string | null; sort_order: number; products_count: number; }; } & { ...; })[]; } & { ...; }' is not assignable to type 'ProductProperty & { category_assignments?: unknown[] | undefined; }'.
lib/services/catalog.service.ts(290,7): error TS2322: Type '({ category_assignments: ({ catalog_category: { name: string; path: string; id: string; is_active: boolean; created_at: Date; updated_at: Date; level: number; parent_id: string | null; sort_order: number; products_count: number; }; } & { ...; })[]; } & { ...; })[]' is not assignable to type 'ProductProperty[]'.
  Type '{ category_assignments: ({ catalog_category: { name: string; path: string; id: string; is_active: boolean; created_at: Date; updated_at: Date; level: number; parent_id: string | null; sort_order: number; products_count: number; }; } & { ...; })[]; } & { ...; }' is not assignable to type 'ProductProperty'.
    Types of property 'type' are incompatible.
      Type 'string' is not assignable to type 'PropertyType'.
lib/services/catalog.service.ts(297,5): error TS2322: Type '{ name: string; id: string; is_active: boolean; created_at: Date; updated_at: Date; type: string; description: string | null; options: string | null; is_required: boolean; }' is not assignable to type 'ProductProperty'.
lib/services/catalog.service.ts(306,5): error TS2322: Type '{ name: string; id: string; is_active: boolean; created_at: Date; updated_at: Date; type: string; description: string | null; options: string | null; is_required: boolean; }' is not assignable to type 'ProductProperty'.
lib/services/catalog.service.ts(349,5): error TS2322: Type '{ catalog_category: { name: string; path: string; id: string; is_active: boolean; created_at: Date; updated_at: Date; level: number; parent_id: string | null; sort_order: number; products_count: number; }; product_property: { ...; }; } & { ...; }' is not assignable to type 'CategoryPropertyAssignment'.
  Types of property 'product_property' are incompatible.
    Type '{ name: string; id: string; is_active: boolean; created_at: Date; updated_at: Date; type: string; description: string | null; options: string | null; is_required: boolean; }' is not assignable to type 'ProductProperty'.
lib/services/catalog.service.ts(359,5): error TS2322: Type '{ catalog_category: { name: string; path: string; id: string; is_active: boolean; created_at: Date; updated_at: Date; level: number; parent_id: string | null; sort_order: number; products_count: number; }; product_property: { ...; }; } & { ...; }' is not assignable to type 'CategoryPropertyAssignment'.
  Types of property 'product_property' are incompatible.
    Type '{ name: string; id: string; is_active: boolean; created_at: Date; updated_at: Date; type: string; description: string | null; options: string | null; is_required: boolean; }' is not assignable to type 'ProductProperty'.
lib/services/catalog.service.ts(380,5): error TS2322: Type '{ name: string; id: string; is_active: boolean; created_at: Date; updated_at: Date; description: string | null; catalog_category_id: string; required_fields: string; calculator_fields: string; export_fields: string; template_config: string | null; field_mappings: string | null; validation_rules: string | null; }' is not assignable to type 'ImportTemplate'.
  Types of property 'required_fields' are incompatible.
    Type 'string' is not assignable to type 'string[]'.
lib/services/catalog.service.ts(396,26): error TS2345: Argument of type '(template: ImportTemplate & { required_fields: string; calculator_fields: string; export_fields: string; }) => { required_fields: string[]; calculator_fields: string[]; ... 5 more ...; updated_at: Date; }' is not assignable to parameter of type '(value: { name: string; id: string; is_active: boolean; created_at: Date; updated_at: Date; description: string | null; catalog_category_id: string; required_fields: string; calculator_fields: string; export_fields: string; template_config: string | null; field_mappings: string | null; validation_rules: string | nul...'.
  Types of parameters 'template' and 'value' are incompatible.
    Type '{ name: string; id: string; is_active: boolean; created_at: Date; updated_at: Date; description: string | null; catalog_category_id: string; required_fields: string; calculator_fields: string; export_fields: string; template_config: string | null; field_mappings: string | null; validation_rules: string | null; }' is not assignable to type 'ImportTemplate & { required_fields: string; calculator_fields: string; export_fields: string; }'.
      Type '{ name: string; id: string; is_active: boolean; created_at: Date; updated_at: Date; description: string | null; catalog_category_id: string; required_fields: string; calculator_fields: string; export_fields: string; template_config: string | null; field_mappings: string | null; validation_rules: string | null; }' is not assignable to type 'ImportTemplate'.
        Types of property 'required_fields' are incompatible.
          Type 'string' is not assignable to type 'string[]'.
lib/services/catalog.service.ts(409,5): error TS2322: Type '{ id: string; created_at: Date; updated_at: Date; catalog_category_id: string; display_config: string; export_type: string; fields_config: string; }' is not assignable to type 'ExportSetting'.
  Types of property 'export_type' are incompatible.
    Type 'string' is not assignable to type 'ExportType'.
lib/services/catalog.service.ts(424,25): error TS2345: Argument of type '(setting: ExportSetting & { fields_config: string; display_config: string; }) => { fields_config: ExportFieldConfig[]; display_config: ExportDisplayConfig; id: string; catalog_category_id: string; export_type: ExportType; created_at: Date; updated_at: Date; }' is not assignable to parameter of type '(value: { id: string; created_at: Date; updated_at: Date; catalog_category_id: string; display_config: string; export_type: string; fields_config: string; }, index: number, array: { ...; }[]) => { ...; }'.
  Types of parameters 'setting' and 'value' are incompatible.
    Type '{ id: string; created_at: Date; updated_at: Date; catalog_category_id: string; display_config: string; export_type: string; fields_config: string; }' is not assignable to type 'ExportSetting & { fields_config: string; display_config: string; }'.
      Type '{ id: string; created_at: Date; updated_at: Date; catalog_category_id: string; display_config: string; export_type: string; fields_config: string; }' is not assignable to type 'ExportSetting'.
        Types of property 'export_type' are incompatible.
          Type 'string' is not assignable to type 'ExportType'.
lib/services/catalog.service.ts(441,27): error TS2345: Argument of type '(category: FrontendCategory & { catalog_category_ids: string; display_config: string; }) => { catalog_category_ids: string[]; display_config: FrontendDisplayConfig; id: string; ... 6 more ...; updated_at: Date; }' is not assignable to parameter of type '(value: { name: string; id: string; is_active: boolean; created_at: Date; updated_at: Date; description: string | null; slug: string; icon: string | null; catalog_category_ids: string; display_config: string; property_mapping: string | null; photo_mapping: string | null; photo_data: string | null; }, index: number, ...'.
  Types of parameters 'category' and 'value' are incompatible.
    Type '{ name: string; id: string; is_active: boolean; created_at: Date; updated_at: Date; description: string | null; slug: string; icon: string | null; catalog_category_ids: string; display_config: string; property_mapping: string | null; photo_mapping: string | null; photo_data: string | null; }' is not assignable to type 'FrontendCategory & { catalog_category_ids: string; display_config: string; }'.
      Type '{ name: string; id: string; is_active: boolean; created_at: Date; updated_at: Date; description: string | null; slug: string; icon: string | null; catalog_category_ids: string; display_config: string; property_mapping: string | null; photo_mapping: string | null; photo_data: string | null; }' is not assignable to type 'FrontendCategory'.
        Types of property 'description' are incompatible.
          Type 'string | null' is not assignable to type 'string | undefined'.
            Type 'null' is not assignable to type 'string | undefined'.
lib/services/catalog.service.ts(455,5): error TS2322: Type '{ catalog_category_ids: any; display_config: any; name: string; id: string; is_active: boolean; created_at: Date; updated_at: Date; description: string | null; slug: string; icon: string | null; property_mapping: string | null; photo_mapping: string | null; photo_data: string | null; }' is not assignable to type 'FrontendCategory'.
  Types of property 'description' are incompatible.
    Type 'string | null' is not assignable to type 'string | undefined'.
lib/services/catalog.service.ts(469,5): error TS2322: Type '{ catalog_category_ids: any; display_config: any; name: string; id: string; is_active: boolean; created_at: Date; updated_at: Date; description: string | null; slug: string; icon: string | null; property_mapping: string | null; photo_mapping: string | null; photo_data: string | null; }' is not assignable to type 'FrontendCategory'.
  Types of property 'description' are incompatible.
    Type 'string | null' is not assignable to type 'string | undefined'.
lib/services/catalog.service.ts(485,5): error TS2322: Type '{ catalog_category_ids: any; display_config: any; name: string; id: string; is_active: boolean; created_at: Date; updated_at: Date; description: string | null; slug: string; icon: string | null; property_mapping: string | null; photo_mapping: string | null; photo_data: string | null; }' is not assignable to type 'FrontendCategory'.
  Types of property 'description' are incompatible.
    Type 'string | null' is not assignable to type 'string | undefined'.
lib/services/catalog.service.ts(508,5): error TS2322: Type '{ catalog_category_ids: any; display_config: any; name: string; id: string; is_active: boolean; created_at: Date; updated_at: Date; description: string | null; slug: string; icon: string | null; property_mapping: string | null; photo_mapping: string | null; photo_data: string | null; }' is not assignable to type 'FrontendCategory'.
  Types of property 'description' are incompatible.
    Type 'string | null' is not assignable to type 'string | undefined'.
lib/services/catalog.service.ts(612,7): error TS2322: Type '{ properties_data: any; }[]' is not assignable to type '{ id: string; sku: string; name: string; catalog_category_id: string; properties_data: Record<string, unknown>; base_price: number; currency: string; stock_quantity: number; is_active: boolean; created_at: Date; updated_at: Date; catalog_category: { ...; }; }[]'.
  Type '{ properties_data: any; }' is missing the following properties from type '{ id: string; sku: string; name: string; catalog_category_id: string; properties_data: Record<string, unknown>; base_price: number; currency: string; stock_quantity: number; is_active: boolean; created_at: Date; updated_at: Date; catalog_category: { ...; }; }': id, sku, name, catalog_category_id, and 7 more.
lib/services/catalog.service.ts(778,5): error TS2322: Type '{ name: string; path: string; id: string; is_active: boolean; created_at: Date; updated_at: Date; level: number; parent_id: string | null; sort_order: number; products_count: number; }[]' is not assignable to type 'CatalogCategory[]'.
  Type '{ name: string; path: string; id: string; is_active: boolean; created_at: Date; updated_at: Date; level: number; parent_id: string | null; sort_order: number; products_count: number; }' is not assignable to type 'CatalogCategory'.
lib/services/catalog.service.ts(783,11): error TS2353: Object literal may only specify known properties, and 'mode' does not exist in type 'StringFilter<"CatalogCategory">'.
lib/services/catalog.service.ts(792,5): error TS2322: Type '{ name: string; path: string; id: string; is_active: boolean; created_at: Date; updated_at: Date; level: number; parent_id: string | null; sort_order: number; products_count: number; }[]' is not assignable to type 'CatalogCategory[]'.
lib/services/database-optimization.service.ts(145,22): error TS2339: Property 'productStatsCache' does not exist on type 'PrismaClient<PrismaClientOptions, never, DefaultArgs>'.
lib/services/database-optimization.service.ts(199,24): error TS2551: Property 'productPropertyValue' does not exist on type 'PrismaClient<PrismaClientOptions, never, DefaultArgs>'. Did you mean 'productProperty'?
lib/services/database-optimization.service.ts(212,26): error TS2551: Property 'productPropertyValue' does not exist on type 'PrismaClient<PrismaClientOptions, never, DefaultArgs>'. Did you mean 'productProperty'?
lib/services/database-optimization.service.ts(284,20): error TS2339: Property 'slowQueryLog' does not exist on type 'PrismaClient<PrismaClientOptions, never, DefaultArgs>'.
lib/services/database-optimization.service.ts(313,20): error TS2339: Property 'queryCache' does not exist on type 'PrismaClient<PrismaClientOptions, never, DefaultArgs>'.
lib/services/database-optimization.service.ts(332,40): error TS2339: Property 'slowQueryLog' does not exist on type 'PrismaClient<PrismaClientOptions, never, DefaultArgs>'.
lib/services/database-optimization.service.ts(337,45): error TS2339: Property 'performanceStats' does not exist on type 'PrismaClient<PrismaClientOptions, never, DefaultArgs>'.
lib/services/database-optimization.service.ts(344,39): error TS2339: Property 'queryCache' does not exist on type 'PrismaClient<PrismaClientOptions, never, DefaultArgs>'.
lib/services/database-optimization.service.ts(424,45): error TS2339: Property 'slowQueryLog' does not exist on type 'PrismaClient<PrismaClientOptions, never, DefaultArgs>'.
lib/services/database-optimization.service.ts(441,42): error TS2339: Property 'productStatsCache' does not exist on type 'PrismaClient<PrismaClientOptions, never, DefaultArgs>'.
lib/services/database-optimization.service.ts(456,11): error TS2353: Object literal may only specify known properties, and 'property_values' does not exist in type 'ProductWhereInput'.
lib/services/document.service.ts(65,9): error TS2345: Argument of type '{ type: string; name?: string | undefined; model?: string | undefined; id?: string | undefined; productId?: string | undefined; width?: number | undefined; height?: number | undefined; ... 14 more ...; hardware?: string | undefined; }[]' is not assignable to parameter of type 'DocumentItem[]'.
  Type '{ type: string; name?: string | undefined; model?: string | undefined; id?: string | undefined; productId?: string | undefined; width?: number | undefined; height?: number | undefined; ... 14 more ...; hardware?: string | undefined; }' is not assignable to type 'DocumentItem'.
    Types of property 'sku_1c' are incompatible.
      Type 'string | null | undefined' is not assignable to type 'string | undefined'.
        Type 'null' is not assignable to type 'string | undefined'.
lib/services/document.service.ts(105,11): error TS2322: Type '{ type: string; name?: string | undefined; model?: string | undefined; id?: string | undefined; productId?: string | undefined; width?: number | undefined; height?: number | undefined; ... 14 more ...; hardware?: string | undefined; }[]' is not assignable to type 'DocumentItem[]'.
lib/services/product-partial-update.service.ts(10,8): error TS2307: Cannot find module './canonical-properties' or its corresponding type declarations.
lib/services/product-partial-update.service.ts(122,21): error TS2353: Object literal may only specify known properties, and 'path' does not exist in type 'StringFilter<"Product">'.
lib/services/product-partial-update.service.ts(128,21): error TS2353: Object literal may only specify known properties, and 'path' does not exist in type 'StringFilter<"Product">'.
lib/services/product-partial-update.service.ts(184,15): error TS2322: Type '{}' is not assignable to type 'string'.
lib/services/product-partial-update.service.ts(190,15): error TS2322: Type 'Record<string, any>' is not assignable to type 'string'.
lib/services/product-partial-update.service.ts(194,39): error TS2698: Spread types may only be created from object types.
lib/services/product-partial-update.service.ts(200,52): error TS7006: Parameter 'prop' implicitly has an 'any' type.
lib/services/product-partial-update.service.ts(205,41): error TS2698: Spread types may only be created from object types.
lib/services/product-partial-update.service.ts(207,41): error TS2698: Spread types may only be created from object types.
lib/storage/yandex-storage.ts(188,16): error TS2339: Property 'thumbnailUrl' does not exist on type 'UploadResult'.
lib/types/prisma-documents.ts(35,73): error TS2344: Type '{ include: {}; }' does not satisfy the constraint 'boolean | SupplierOrderDefaultArgs<DefaultArgs> | null | undefined'.
lib/utils/database-optimization.ts(346,9): error TS2353: Object literal may only specify known properties, and 'email' does not exist in type 'ClientSelect<DefaultArgs>'.
lib/utils/database-optimization.ts(360,11): error TS2561: Object literal may only specify known properties, but 'created_at' does not exist in type 'ClientOrderByWithRelationInput'. Did you mean to write 'createdAt'?
lib/utils/fetch-with-auth.ts(66,5): error TS7053: Element implicitly has an 'any' type because expression of type '"Authorization"' can't be used to index type 'HeadersInit'.
  Property 'Authorization' does not exist on type 'HeadersInit'.
lib/utils/fetch-with-auth.ts(67,5): error TS7053: Element implicitly has an 'any' type because expression of type '"x-auth-token"' can't be used to index type 'HeadersInit'.
  Property 'x-auth-token' does not exist on type 'HeadersInit'.
lib/validation/validator.ts(225,45): error TS2536: Type 'keyof T' cannot be used to index type 'Record<string, boolean>'.
newmocap/page.tsx(2233,11): error TS2322: Type 'string | null' is not assignable to type 'string'.
  Type 'null' is not assignable to type 'string'.
newmocap/page.tsx(2235,11): error TS2322: Type 'Dispatch<SetStateAction<string | null>>' is not assignable to type 'Dispatch<SetStateAction<string>>'.
newmocap/page.tsx(2298,78): error TS2304: Cannot find name 'formatPhone'.
newmocap/page.tsx(2325,11): error TS2322: Type '{ onClose: () => void; onSuccess: (client: any) => void; }' is not assignable to type 'IntrinsicAttributes & CreateClientModalProps'.
  Property 'onSuccess' does not exist on type 'IntrinsicAttributes & CreateClientModalProps'.
newmocap/page.tsx(2325,23): error TS7006: Parameter 'client' implicitly has an 'any' type.
page-builder/page.tsx(4,8): error TS2395: Individual declarations in merged declaration 'dynamic' must be all exported or all local.
page-builder/page.tsx(4,8): error TS2440: Import declaration conflicts with local declaration of 'dynamic'.
page-builder/page.tsx(7,21): error TS2349: This expression is not callable.
  Type 'String' has no call signatures.
page-builder/page.tsx(7,21): error TS2448: Block-scoped variable 'dynamic' used before its declaration.
page-builder/page.tsx(7,21): error TS2454: Variable 'dynamic' is used before being assigned.
page-builder/page.tsx(8,16): error TS2307: Cannot find module '../../components/page-builder/PageBuilder' or its corresponding type declarations.
page-builder/page.tsx(16,14): error TS2395: Individual declarations in merged declaration 'dynamic' must be all exported or all local.
scripts/audit-excel-sheets.ts(152,26): error TS2352: Conversion of type 'Record<string, unknown>' to type 'unknown[]' may be a mistake because neither type sufficiently overlaps with the other. If this was intentional, convert the expression to 'unknown' first.
  Type 'Record<string, unknown>' is missing the following properties from type 'unknown[]': length, pop, push, concat, and 29 more.
scripts/audit-excel-sheets.ts(173,26): error TS2352: Conversion of type 'Record<string, unknown>' to type 'unknown[]' may be a mistake because neither type sufficiently overlaps with the other. If this was intentional, convert the expression to 'unknown' first.
scripts/download-and-bind-photos-from-final-filled.ts(216,21): error TS2339: Property 'headers' does not exist on type '{ buffer: () => Promise<Buffer>; }'.
scripts/download-and-bind-photos-from-final-filled.ts(235,83): error TS2353: Object literal may only specify known properties, and 'maxRedirects' does not exist in type 'RequestOptions'.
scripts/download-one-image.ts(29,48): error TS2353: Object literal may only specify known properties, and 'maxRedirects' does not exist in type 'RequestOptions'.
scripts/download-yandex-disk-browser.ts(169,37): error TS2345: Argument of type 'Page' is not assignable to parameter of type '{ goto: (url: string, opts?: { waitUntil: string; } | undefined) => Promise<unknown>; evaluate: <T>(fn: () => T) => Promise<T>; }'.
  Types of property 'goto' are incompatible.
    Type '(url: string, options?: GoToOptions | undefined) => Promise<HTTPResponse | null>' is not assignable to type '(url: string, opts?: { waitUntil: string; } | undefined) => Promise<unknown>'.
      Types of parameters 'options' and 'opts' are incompatible.
        Type '{ waitUntil: string; } | undefined' is not assignable to type 'GoToOptions | undefined'.
          Type '{ waitUntil: string; }' is not assignable to type 'GoToOptions'.
            Types of property 'waitUntil' are incompatible.
              Type 'string' is not assignable to type 'PuppeteerLifeCycleEvent | PuppeteerLifeCycleEvent[] | undefined'.
scripts/export-price-conflicts-to-xlsx.ts(136,19): error TS7053: Element implicitly has an 'any' type because expression of type '"╨Ъ╨╛╨┤ ╨╝╨╛╨┤╨╡╨╗╨╕ Domeo (Web)"' can't be used to index type '{ '\u0420\u0430\u0437\u043C\u0435\u0440\u044B (\u0428x\u0412)': string; '\u041A\u043E\u043B-\u0432\u043E \u0440\u0430\u0437\u043C\u0435\u0440\u043E\u0432': number; '\u0428\u0438\u0440\u0438\u043D\u0430, \u043C\u043C': undefined; '\u0412\u044B\u0441\u043E\u0442\u0430, \u043C\u043C': undefined; Ref: undefined; _sizes:...'.
  Property '╨Ъ╨╛╨┤ ╨╝╨╛╨┤╨╡╨╗╨╕ Domeo (Web)' does not exist on type '{ '\u0420\u0430\u0437\u043C\u0435\u0440\u044B (\u0428x\u0412)': string; '\u041A\u043E\u043B-\u0432\u043E \u0440\u0430\u0437\u043C\u0435\u0440\u043E\u0432': number; '\u0428\u0438\u0440\u0438\u043D\u0430, \u043C\u043C': undefined; '\u0412\u044B\u0441\u043E\u0442\u0430, \u043C\u043C': undefined; Ref: undefined; _sizes:...'.
scripts/export-price-conflicts-to-xlsx.ts(136,50): error TS7053: Element implicitly has an 'any' type because expression of type '"╨в╨╕╨┐ ╨┐╨╛╨║╤А╤Л╤В╨╕╤П"' can't be used to index type '{ '\u0420\u0430\u0437\u043C\u0435\u0440\u044B (\u0428x\u0412)': string; '\u041A\u043E\u043B-\u0432\u043E \u0440\u0430\u0437\u043C\u0435\u0440\u043E\u0432': number; '\u0428\u0438\u0440\u0438\u043D\u0430, \u043C\u043C': undefined; '\u0412\u044B\u0441\u043E\u0442\u0430, \u043C\u043C': undefined; Ref: undefined; _sizes:...'.
  Property '╨в╨╕╨┐ ╨┐╨╛╨║╤А╤Л╤В╨╕╤П' does not exist on type '{ '\u0420\u0430\u0437\u043C\u0435\u0440\u044B (\u0428x\u0412)': string; '\u041A\u043E\u043B-\u0432\u043E \u0440\u0430\u0437\u043C\u0435\u0440\u043E\u0432': number; '\u0428\u0438\u0440\u0438\u043D\u0430, \u043C\u043C': undefined; '\u0412\u044B\u0441\u043E\u0442\u0430, \u043C\u043C': undefined; Ref: undefined; _sizes:...'.
scripts/export-price-conflicts-to-xlsx.ts(136,71): error TS7053: Element implicitly has an 'any' type because expression of type '"╨Э╨░╨╖╨▓╨░╨╜╨╕╨╡ ╨╜╨░╨┐╨╛╨╗╨╜╨╡╨╜╨╕╤П"' can't be used to index type '{ '\u0420\u0430\u0437\u043C\u0435\u0440\u044B (\u0428x\u0412)': string; '\u041A\u043E\u043B-\u0432\u043E \u0440\u0430\u0437\u043C\u0435\u0440\u043E\u0432': number; '\u0428\u0438\u0440\u0438\u043D\u0430, \u043C\u043C': undefined; '\u0412\u044B\u0441\u043E\u0442\u0430, \u043C\u043C': undefined; Ref: undefined; _sizes:...'.
  Property '╨Э╨░╨╖╨▓╨░╨╜╨╕╨╡ ╨╜╨░╨┐╨╛╨╗╨╜╨╡╨╜╨╕╤П' does not exist on type '{ '\u0420\u0430\u0437\u043C\u0435\u0440\u044B (\u0428x\u0412)': string; '\u041A\u043E\u043B-\u0432\u043E \u0440\u0430\u0437\u043C\u0435\u0440\u043E\u0432': number; '\u0428\u0438\u0440\u0438\u043D\u0430, \u043C\u043C': undefined; '\u0412\u044B\u0441\u043E\u0442\u0430, \u043C\u043C': undefined; Ref: undefined; _sizes:...'.
scripts/export-price-conflicts-to-xlsx.ts(136,99): error TS7053: Element implicitly has an 'any' type because expression of type '"╨Э╨░╨╖╨▓╨░╨╜╨╕╨╡ ╨╝╨╛╨┤╨╡╨╗╨╕"' can't be used to index type '{ '\u0420\u0430\u0437\u043C\u0435\u0440\u044B (\u0428x\u0412)': string; '\u041A\u043E\u043B-\u0432\u043E \u0440\u0430\u0437\u043C\u0435\u0440\u043E\u0432': number; '\u0428\u0438\u0440\u0438\u043D\u0430, \u043C\u043C': undefined; '\u0412\u044B\u0441\u043E\u0442\u0430, \u043C\u043C': undefined; Ref: undefined; _sizes:...'.
  Property '╨Э╨░╨╖╨▓╨░╨╜╨╕╨╡ ╨╝╨╛╨┤╨╡╨╗╨╕' does not exist on type '{ '\u0420\u0430\u0437\u043C\u0435\u0440\u044B (\u0428x\u0412)': string; '\u041A\u043E\u043B-\u0432\u043E \u0440\u0430\u0437\u043C\u0435\u0440\u043E\u0432': number; '\u0428\u0438\u0440\u0438\u043D\u0430, \u043C\u043C': undefined; '\u0412\u044B\u0441\u043E\u0442\u0430, \u043C\u043C': undefined; Ref: undefined; _sizes:...'.
scripts/export-price-conflicts-to-xlsx.ts(137,19): error TS7053: Element implicitly has an 'any' type because expression of type '"╨Ъ╨╛╨┤ ╨╝╨╛╨┤╨╡╨╗╨╕ Domeo (Web)"' can't be used to index type '{ '\u0420\u0430\u0437\u043C\u0435\u0440\u044B (\u0428x\u0412)': string; '\u041A\u043E\u043B-\u0432\u043E \u0440\u0430\u0437\u043C\u0435\u0440\u043E\u0432': number; '\u0428\u0438\u0440\u0438\u043D\u0430, \u043C\u043C': undefined; '\u0412\u044B\u0441\u043E\u0442\u0430, \u043C\u043C': undefined; Ref: undefined; _sizes:...'.
  Property '╨Ъ╨╛╨┤ ╨╝╨╛╨┤╨╡╨╗╨╕ Domeo (Web)' does not exist on type '{ '\u0420\u0430\u0437\u043C\u0435\u0440\u044B (\u0428x\u0412)': string; '\u041A\u043E\u043B-\u0432\u043E \u0440\u0430\u0437\u043C\u0435\u0440\u043E\u0432': number; '\u0428\u0438\u0440\u0438\u043D\u0430, \u043C\u043C': undefined; '\u0412\u044B\u0441\u043E\u0442\u0430, \u043C\u043C': undefined; Ref: undefined; _sizes:...'.
scripts/export-price-conflicts-to-xlsx.ts(137,50): error TS7053: Element implicitly has an 'any' type because expression of type '"╨в╨╕╨┐ ╨┐╨╛╨║╤А╤Л╤В╨╕╤П"' can't be used to index type '{ '\u0420\u0430\u0437\u043C\u0435\u0440\u044B (\u0428x\u0412)': string; '\u041A\u043E\u043B-\u0432\u043E \u0440\u0430\u0437\u043C\u0435\u0440\u043E\u0432': number; '\u0428\u0438\u0440\u0438\u043D\u0430, \u043C\u043C': undefined; '\u0412\u044B\u0441\u043E\u0442\u0430, \u043C\u043C': undefined; Ref: undefined; _sizes:...'.
  Property '╨в╨╕╨┐ ╨┐╨╛╨║╤А╤Л╤В╨╕╤П' does not exist on type '{ '\u0420\u0430\u0437\u043C\u0435\u0440\u044B (\u0428x\u0412)': string; '\u041A\u043E\u043B-\u0432\u043E \u0440\u0430\u0437\u043C\u0435\u0440\u043E\u0432': number; '\u0428\u0438\u0440\u0438\u043D\u0430, \u043C\u043C': undefined; '\u0412\u044B\u0441\u043E\u0442\u0430, \u043C\u043C': undefined; Ref: undefined; _sizes:...'.
scripts/export-price-conflicts-to-xlsx.ts(137,71): error TS7053: Element implicitly has an 'any' type because expression of type '"╨Э╨░╨╖╨▓╨░╨╜╨╕╨╡ ╨╜╨░╨┐╨╛╨╗╨╜╨╡╨╜╨╕╤П"' can't be used to index type '{ '\u0420\u0430\u0437\u043C\u0435\u0440\u044B (\u0428x\u0412)': string; '\u041A\u043E\u043B-\u0432\u043E \u0440\u0430\u0437\u043C\u0435\u0440\u043E\u0432': number; '\u0428\u0438\u0440\u0438\u043D\u0430, \u043C\u043C': undefined; '\u0412\u044B\u0441\u043E\u0442\u0430, \u043C\u043C': undefined; Ref: undefined; _sizes:...'.
  Property '╨Э╨░╨╖╨▓╨░╨╜╨╕╨╡ ╨╜╨░╨┐╨╛╨╗╨╜╨╡╨╜╨╕╤П' does not exist on type '{ '\u0420\u0430\u0437\u043C\u0435\u0440\u044B (\u0428x\u0412)': string; '\u041A\u043E\u043B-\u0432\u043E \u0440\u0430\u0437\u043C\u0435\u0440\u043E\u0432': number; '\u0428\u0438\u0440\u0438\u043D\u0430, \u043C\u043C': undefined; '\u0412\u044B\u0441\u043E\u0442\u0430, \u043C\u043C': undefined; Ref: undefined; _sizes:...'.
scripts/export-price-conflicts-to-xlsx.ts(137,99): error TS7053: Element implicitly has an 'any' type because expression of type '"╨Э╨░╨╖╨▓╨░╨╜╨╕╨╡ ╨╝╨╛╨┤╨╡╨╗╨╕"' can't be used to index type '{ '\u0420\u0430\u0437\u043C\u0435\u0440\u044B (\u0428x\u0412)': string; '\u041A\u043E\u043B-\u0432\u043E \u0440\u0430\u0437\u043C\u0435\u0440\u043E\u0432': number; '\u0428\u0438\u0440\u0438\u043D\u0430, \u043C\u043C': undefined; '\u0412\u044B\u0441\u043E\u0442\u0430, \u043C\u043C': undefined; Ref: undefined; _sizes:...'.
  Property '╨Э╨░╨╖╨▓╨░╨╜╨╕╨╡ ╨╝╨╛╨┤╨╡╨╗╨╕' does not exist on type '{ '\u0420\u0430\u0437\u043C\u0435\u0440\u044B (\u0428x\u0412)': string; '\u041A\u043E\u043B-\u0432\u043E \u0440\u0430\u0437\u043C\u0435\u0440\u043E\u0432': number; '\u0428\u0438\u0440\u0438\u043D\u0430, \u043C\u043C': undefined; '\u0412\u044B\u0441\u043E\u0442\u0430, \u043C\u043C': undefined; Ref: undefined; _sizes:...'.
scripts/fix-problematic-photo-placeholders.ts(15,53): error TS2322: Type '{ readonly OR: readonly [{ readonly photoPath: { readonly contains: "╨╜╨╡ ╤А╨░╤Б╤Б╨╝╨░╤В╤А╨╕╨▓╨░╨╡╨╝ ╤Н╤В╤Г ╨╝╨╛╨┤╨╡╨╗╤М"; }; }, { readonly photoPath: { readonly contains: "╨┐╨╛╨║╨░ ╨╜╨╡ ╨┤╨╛╨▒╨░╨▓╨╗╤П╨╡╨╝ - ╨╜╨╡╨╛╨▒╤Е╨╛╨┤╨╕╨╝╨╛ ╤Б╨┤╨╡╨╗╨░╤В╤М ╨╜╨╛╨▓╤Л╨╣ ╨▓╨░╤А╨╕╨░╨╜╤В ╨╝╨╛╨┤╨╡╨╗╨╕"; }; }]; }' is not assignable to type 'PropertyPhotoWhereInput'.
  Types of property 'OR' are incompatible.
    The type 'readonly [{ readonly photoPath: { readonly contains: "╨╜╨╡ ╤А╨░╤Б╤Б╨╝╨░╤В╤А╨╕╨▓╨░╨╡╨╝ ╤Н╤В╤Г ╨╝╨╛╨┤╨╡╨╗╤М"; }; }, { readonly photoPath: { readonly contains: "╨┐╨╛╨║╨░ ╨╜╨╡ ╨┤╨╛╨▒╨░╨▓╨╗╤П╨╡╨╝ - ╨╜╨╡╨╛╨▒╤Е╨╛╨┤╨╕╨╝╨╛ ╤Б╨┤╨╡╨╗╨░╤В╤М ╨╜╨╛╨▓╤Л╨╣ ╨▓╨░╤А╨╕╨░╨╜╤В ╨╝╨╛╨┤╨╡╨╗╨╕"; }; }]' is 'readonly' and cannot be assigned to the mutable type 'PropertyPhotoWhereInput[]'.
scripts/fix-problematic-photo-placeholders.ts(17,5): error TS2322: Type '{ readonly OR: readonly [{ readonly photoPath: { readonly contains: "╨╜╨╡ ╤А╨░╤Б╤Б╨╝╨░╤В╤А╨╕╨▓╨░╨╡╨╝ ╤Н╤В╤Г ╨╝╨╛╨┤╨╡╨╗╤М"; }; }, { readonly photoPath: { readonly contains: "╨┐╨╛╨║╨░ ╨╜╨╡ ╨┤╨╛╨▒╨░╨▓╨╗╤П╨╡╨╝ - ╨╜╨╡╨╛╨▒╤Е╨╛╨┤╨╕╨╝╨╛ ╤Б╨┤╨╡╨╗╨░╤В╤М ╨╜╨╛╨▓╤Л╨╣ ╨▓╨░╤А╨╕╨░╨╜╤В ╨╝╨╛╨┤╨╡╨╗╨╕"; }; }]; }' is not assignable to type 'PropertyPhotoWhereInput'.
scripts/fix-problematic-photo-placeholders.ts(20,52): error TS2322: Type '{ readonly OR: readonly [{ readonly photoPath: { readonly contains: "╨╜╨╡ ╤А╨░╤Б╤Б╨╝╨░╤В╤А╨╕╨▓╨░╨╡╨╝ ╤Н╤В╤Г ╨╝╨╛╨┤╨╡╨╗╤М"; }; }, { readonly photoPath: { readonly contains: "╨┐╨╛╨║╨░ ╨╜╨╡ ╨┤╨╛╨▒╨░╨▓╨╗╤П╨╡╨╝ - ╨╜╨╡╨╛╨▒╤Е╨╛╨┤╨╕╨╝╨╛ ╤Б╨┤╨╡╨╗╨░╤В╤М ╨╜╨╛╨▓╤Л╨╣ ╨▓╨░╤А╨╕╨░╨╜╤В ╨╝╨╛╨┤╨╡╨╗╨╕"; }; }]; }' is not assignable to type 'PropertyPhotoWhereInput'.
scripts/inspect-final-filled-xlsx.ts(23,22): error TS2352: Conversion of type 'Record<string, unknown>' to type 'string[]' may be a mistake because neither type sufficiently overlaps with the other. If this was intentional, convert the expression to 'unknown' first.
  Type 'Record<string, unknown>' is missing the following properties from type 'string[]': length, pop, push, concat, and 29 more.
scripts/verify-excel-db-and-links.ts(126,61): error TS2304: Cannot find name 'modelName'.
scripts/verify-photo-download-and-binding.ts(68,33): error TS2345: Argument of type 'string | Buffer' is not assignable to parameter of type 'string'.
  Type 'Buffer' is not assignable to type 'string'.
scripts/verify-photo-download-and-binding.ts(178,100): error TS2339: Property 'name' does not exist on type '{ id: string; }'.
